#0 building with "desktop-linux" instance using docker driver

#1 [internal] load build definition from local-verification.Dockerfile
#1 transferring dockerfile: 691B done
#1 DONE 0.0s

#2 [internal] load metadata for ghcr.io/xu-cheng/texlive-historic-debian@sha256:608a158f476de2fc7f49969298f194afe634ed0eae51d8fd1f8cc41cb94c7a12
#2 DONE 0.1s

#3 [internal] load metadata for docker.io/library/node@sha256:048ed02c5fd52e86fda6fbd2f6a76cf0d4492fd6c6fee9e2c463ed5108da0e34
#3 DONE 0.1s

#4 [internal] load .dockerignore
#4 transferring context: 2B done
#4 DONE 0.1s

#5 [stage-1 1/3] FROM ghcr.io/xu-cheng/texlive-historic-debian@sha256:608a158f476de2fc7f49969298f194afe634ed0eae51d8fd1f8cc41cb94c7a12
#5 resolve ghcr.io/xu-cheng/texlive-historic-debian@sha256:608a158f476de2fc7f49969298f194afe634ed0eae51d8fd1f8cc41cb94c7a12 0.1s done
#5 DONE 0.1s

#6 [node-runtime 1/1] FROM docker.io/library/node@sha256:048ed02c5fd52e86fda6fbd2f6a76cf0d4492fd6c6fee9e2c463ed5108da0e34
#6 resolve docker.io/library/node@sha256:048ed02c5fd52e86fda6fbd2f6a76cf0d4492fd6c6fee9e2c463ed5108da0e34 0.1s done
#6 DONE 0.1s

#7 [stage-1 2/3] COPY --from=node-runtime /usr/local/bin/node /usr/local/bin/node
#7 CACHED

#8 [stage-1 3/3] RUN apt-get update     && DEBIAN_FRONTEND=noninteractive apt-get install --yes --no-install-recommends       poppler-utils     && rm -rf /var/lib/apt/lists/*     && test "$(node --version)" = "v22.16.0"
#8 CACHED

#9 exporting to image
#9 exporting layers done
#9 exporting manifest sha256:29eb12a68d84bd84e777b8dd9c84df4b5f158636deabcd663ba82ed5804b0206 0.1s done
#9 exporting config sha256:596ff5987220551bc9ea25727c3b24fdffd69c487f22156c6ecda72094eb73b8 done
#9 exporting attestation manifest sha256:cd5d24e2e75749d16cf21f3cea3cb17956fd193804c98eed07ecedc05cb9f952 0.1s done
#9 exporting manifest list sha256:43821baed56ba6708ece0fe18af74db296b5adb00bb3e53b1f1f77bb55a12ad3
#9 exporting manifest list sha256:43821baed56ba6708ece0fe18af74db296b5adb00bb3e53b1f1f77bb55a12ad3 0.1s done
#9 naming to docker.io/library/archsync-paper-local-verification:1.0.0 done
#9 unpacking to docker.io/library/archsync-paper-local-verification:1.0.0 0.0s done
#9 DONE 0.3s

View build details: docker-desktop://dashboard/build/desktop-linux/desktop-linux/jzl6yvwfiuyuztj7dgcidt7pw
