$ vitest run --coverage

 RUN  v3.2.7 /Users/andytran/Coding/Little Boy's/acsidan/archsync-guardian
      Coverage enabled with v8

 ✓ src/phase3-adversarial.test.ts (18 tests) 5035ms
   ✓ incremental validity against full scans > matches a fresh full scan after add, with cold and warm caches  328ms
   ✓ incremental validity against full scans > matches a fresh full scan after modify, with cold and warm caches  305ms
   ✓ incremental validity against full scans > matches a fresh full scan after delete, with cold and warm caches  301ms
   ✓ incremental validity against full scans > matches a fresh full scan after rename-within, with cold and warm caches  317ms
   ✓ incremental validity against full scans > matches a fresh full scan after rename-across, with cold and warm caches  318ms
   ✓ incremental validity against full scans > matches a fresh full scan after delete-component, with cold and warm caches  323ms
   ✓ incremental validity against full scans > publishes concurrent cold cache writes without temporary-file collisions  326ms
   ✓ incremental validity against full scans > invalidates the baseline when architecture rules change  364ms
   ✓ incremental validity against full scans > isolates baseline caches between subprojects sharing the same Git commit and model  357ms
   ✓ incremental validity against full scans > rebuilds a valid-JSON cache whose observed graph is corrupted  312ms
 ✓ src/phase3.test.ts (12 tests) 2746ms
   ✓ Phase 3 Git diff architecture gate > passes an internal source change and reuses the baseline cache  331ms
   ✓ Phase 3 Git diff architecture gate > rebuilds a corrupt custom baseline cache safely  354ms
 ✓ src/repair-verification.test.ts (81 tests) 672ms
 ✓ src/benchmark.test.ts (12 tests) 683ms
 ✓ src/version.test.ts (6 tests) 296ms
 ✓ src/phase4-integration.test.ts (2 tests) 224ms
 ✓ src/compatibility.test.ts (8 tests) 151ms
 ✓ src/model-cli.test.ts (7 tests) 168ms
 ✓ src/analyzer-adversarial.test.ts (43 tests) 206ms
 ✓ src/guardian.test.ts (9 tests) 135ms
 ✓ src/analyzer.test.ts (12 tests) 124ms
 ✓ src/iac-kubernetes.test.ts (6 tests) 31ms
 ✓ src/doctor.test.ts (8 tests) 18ms
 ✓ src/reasoner/provider.test.ts (18 tests) 28ms
 ✓ src/iac.test.ts (1 test) 26ms
 ✓ src/evolution/scorecard.test.ts (3 tests) 11ms
 ✓ src/reasoner/prompt.test.ts (1 test) 9ms
 ✓ src/runtime/collector.test.ts (5 tests) 18ms
 ✓ src/iac-terraform.test.ts (5 tests) 19ms
 ✓ src/iac-normalize.test.ts (5 tests) 14ms
 ✓ src/runtime/graph.test.ts (3 tests) 13ms
 ✓ src/reasoner/explain.test.ts (4 tests) 13ms
 ✓ src/iac-security.test.ts (3 tests) 18ms
 ✓ src/reasoner/handoff.test.ts (6 tests) 12ms
 ✓ src/iac-governance.test.ts (3 tests) 9ms
 ✓ src/phase3-git.test.ts (7 tests) 5ms
 ✓ src/reasoner/contracts.test.ts (6 tests) 3ms
 ✓ src/reasoner/taxonomy.test.ts (9 tests) 4ms
 ✓ src/reasoner/redaction.test.ts (3 tests) 4ms
 ✓ src/evolution/approval.test.ts (5 tests) 3ms
 ✓ src/privacy.test.ts (2 tests) 3ms
 ✓ src/reasoner/citations.test.ts (2 tests) 2ms

 Test Files  32 passed (32)
      Tests  315 passed (315)
   Start at  16:16:51
   Duration  19.69s (transform 395ms, setup 0ms, collect 3.13s, tests 10.70s, environment 4ms, prepare 1.65s)

 % Coverage report from v8
-------------------|---------|----------|---------|---------|-------------------
File               | % Stmts | % Branch | % Funcs | % Lines | Uncovered Line #s 
-------------------|---------|----------|---------|---------|-------------------
All files          |     100 |      100 |     100 |     100 |                   
 src               |     100 |      100 |     100 |     100 |                   
  analyzer.ts      |     100 |      100 |     100 |     100 |                   
  benchmark.ts     |     100 |      100 |     100 |     100 |                   
  compatibility.ts |     100 |      100 |     100 |     100 |                   
  contracts.ts     |     100 |      100 |     100 |     100 |                   
  doctor.ts        |     100 |      100 |     100 |     100 |                   
  guardian.ts      |     100 |      100 |     100 |     100 |                   
  iac-contracts.ts |     100 |      100 |     100 |     100 |                   
  ...kubernetes.ts |     100 |      100 |     100 |     100 |                   
  iac-normalize.ts |     100 |      100 |     100 |     100 |                   
  iac-security.ts  |     100 |      100 |     100 |     100 |                   
  iac-terraform.ts |     100 |      100 |     100 |     100 |                   
  iac.ts           |     100 |      100 |     100 |     100 |                   
  model-cli.ts     |     100 |      100 |     100 |     100 |                   
  phase3-git.ts    |     100 |      100 |     100 |     100 |                   
  phase3.ts        |     100 |      100 |     100 |     100 |                   
  privacy.ts       |     100 |      100 |     100 |     100 |                   
  ...-isolation.ts |     100 |      100 |     100 |     100 |                   
  ...rification.ts |     100 |      100 |     100 |     100 |                   
  version.ts       |     100 |      100 |     100 |     100 |                   
 src/evolution     |     100 |      100 |     100 |     100 |                   
  approval.ts      |     100 |      100 |     100 |     100 |                   
  scorecard.ts     |     100 |      100 |     100 |     100 |                   
 src/reasoner      |     100 |      100 |     100 |     100 |                   
  citations.ts     |     100 |      100 |     100 |     100 |                   
  contracts.ts     |     100 |      100 |     100 |     100 |                   
  explain.ts       |     100 |      100 |     100 |     100 |                   
  handoff.ts       |     100 |      100 |     100 |     100 |                   
  prompt.ts        |     100 |      100 |     100 |     100 |                   
  provider.ts      |     100 |      100 |     100 |     100 |                   
  redaction.ts     |     100 |      100 |     100 |     100 |                   
  taxonomy.ts      |     100 |      100 |     100 |     100 |                   
 src/runtime       |     100 |      100 |     100 |     100 |                   
  canonical.ts     |     100 |      100 |     100 |     100 |                   
  collector.ts     |     100 |      100 |     100 |     100 |                   
  contracts.ts     |     100 |      100 |     100 |     100 |                   
  graph.ts         |     100 |      100 |     100 |     100 |                   
-------------------|---------|----------|---------|---------|-------------------
