$ pnpm phase5:verify
$ pnpm phase3:verify && pnpm phase4:assets && pnpm phase5:evidence:verify
$ pnpm privacy:verify && pnpm typecheck && pnpm test:coverage && pnpm build && pnpm core:compatibility:verify && pnpm cli:smoke && pnpm package:verify && pnpm evidence:verify && pnpm phase3:evidence:verify
$ node scripts/verify-offline.mjs
PASS OFFLINE CONTRACT (no runtime network modules; production dependencies allowlisted)
$ tsc -b --pretty false && tsc -p tsconfig.test.json --noEmit --pretty false
$ vitest run --coverage

 RUN  v3.2.7 /private/var/folders/mt/zhvthc515kgg9pxt4wjcjpyr0000gn/T/archsync-write-target-validation-ves64xwh/guardian
      Coverage enabled with v8

 ✓ src/repair-verification.test.ts (81 tests) 704ms
 ✓ src/reasoner/provider.test.ts (18 tests) 26ms
 ✓ src/phase3.test.ts (12 tests) 3235ms
   ✓ Phase 3 Git diff architecture gate > passes an internal source change and reuses the baseline cache  435ms
   ✓ Phase 3 Git diff architecture gate > rebuilds a corrupt custom baseline cache safely  371ms
   ✓ Phase 3 Git diff architecture gate > compares a committed feature branch with its merge base  365ms
   ✓ Phase 3 Git diff architecture gate > does not block an unrelated diff for a pre-existing baseline violation  306ms
 ✓ src/phase4-integration.test.ts (2 tests) 231ms
 ✓ src/analyzer.test.ts (12 tests) 126ms
 ✓ src/benchmark.test.ts (12 tests) 525ms
 ✓ src/iac-normalize.test.ts (5 tests) 14ms
 ✓ src/runtime/collector.test.ts (5 tests) 16ms
 ✓ src/compatibility.test.ts (8 tests) 152ms
 ✓ src/model-cli.test.ts (7 tests) 139ms
 ✓ src/guardian.test.ts (9 tests) 116ms
 ✓ src/phase3-adversarial.test.ts (18 tests) 5466ms
   ✓ incremental validity against full scans > matches a fresh full scan after add, with cold and warm caches  334ms
   ✓ incremental validity against full scans > matches a fresh full scan after modify, with cold and warm caches  340ms
   ✓ incremental validity against full scans > matches a fresh full scan after delete, with cold and warm caches  384ms
   ✓ incremental validity against full scans > matches a fresh full scan after rename-within, with cold and warm caches  366ms
   ✓ incremental validity against full scans > matches a fresh full scan after rename-across, with cold and warm caches  326ms
   ✓ incremental validity against full scans > matches a fresh full scan after delete-component, with cold and warm caches  331ms
   ✓ incremental validity against full scans > publishes concurrent cold cache writes without temporary-file collisions  377ms
   ✓ incremental validity against full scans > invalidates the baseline when architecture rules change  386ms
   ✓ incremental validity against full scans > isolates baseline caches between subprojects sharing the same Git commit and model  390ms
   ✓ incremental validity against full scans > rebuilds a valid-JSON cache whose observed graph is corrupted  379ms
 ✓ src/reasoner/contracts.test.ts (6 tests) 3ms
 ✓ src/analyzer-adversarial.test.ts (43 tests) 179ms
 ✓ src/runtime/graph.test.ts (3 tests) 13ms
 ✓ src/reasoner/handoff.test.ts (6 tests) 11ms
 ✓ src/evolution/scorecard.test.ts (3 tests) 12ms
 ✓ src/iac-kubernetes.test.ts (6 tests) 30ms
 ✓ src/version.test.ts (6 tests) 393ms
   ✓ CLI version provenance > loads the real checkout with Git-backed source provenance  356ms
 ✓ src/iac-terraform.test.ts (5 tests) 15ms
 ✓ src/phase3-git.test.ts (7 tests) 4ms
 ✓ src/doctor.test.ts (8 tests) 29ms
 ✓ src/reasoner/redaction.test.ts (3 tests) 4ms
 ✓ src/reasoner/explain.test.ts (4 tests) 13ms
 ✓ src/iac-security.test.ts (3 tests) 18ms
 ✓ src/iac.test.ts (1 test) 25ms
 ✓ src/evolution/approval.test.ts (5 tests) 3ms
 ✓ src/reasoner/taxonomy.test.ts (9 tests) 4ms
 ✓ src/iac-governance.test.ts (3 tests) 5ms
 ✓ src/privacy.test.ts (2 tests) 3ms
 ✓ src/reasoner/citations.test.ts (2 tests) 2ms
 ✓ src/reasoner/prompt.test.ts (1 test) 9ms

 Test Files  32 passed (32)
      Tests  315 passed (315)
   Start at  16:17:59
   Duration  20.39s (transform 361ms, setup 0ms, collect 3.06s, tests 11.52s, environment 4ms, prepare 1.60s)

 % Coverage report from v8
-------------------|---------|----------|---------|---------|-------------------
File               | % Stmts | % Branch | % Funcs | % Lines | Uncovered Line #s 
-------------------|---------|----------|---------|---------|-------------------
All files          |     100 |      100 |     100 |     100 |                   
 src               |     100 |      100 |     100 |     100 |                   
  analyzer.ts      |     100 |      100 |     100 |     100 |                   
  benchmark.ts     |     100 |      100 |     100 |     100 |                   
  compatibility.ts |     100 |      100 |     100 |     100 |                   
  contracts.ts     |     100 |      100 |     100 |     100 |                   
  doctor.ts        |     100 |      100 |     100 |     100 |                   
  guardian.ts      |     100 |      100 |     100 |     100 |                   
  iac-contracts.ts |     100 |      100 |     100 |     100 |                   
  ...kubernetes.ts |     100 |      100 |     100 |     100 |                   
  iac-normalize.ts |     100 |      100 |     100 |     100 |                   
  iac-security.ts  |     100 |      100 |     100 |     100 |                   
  iac-terraform.ts |     100 |      100 |     100 |     100 |                   
  iac.ts           |     100 |      100 |     100 |     100 |                   
  model-cli.ts     |     100 |      100 |     100 |     100 |                   
  phase3-git.ts    |     100 |      100 |     100 |     100 |                   
  phase3.ts        |     100 |      100 |     100 |     100 |                   
  privacy.ts       |     100 |      100 |     100 |     100 |                   
  ...-isolation.ts |     100 |      100 |     100 |     100 |                   
  ...rification.ts |     100 |      100 |     100 |     100 |                   
  version.ts       |     100 |      100 |     100 |     100 |                   
 src/evolution     |     100 |      100 |     100 |     100 |                   
  approval.ts      |     100 |      100 |     100 |     100 |                   
  scorecard.ts     |     100 |      100 |     100 |     100 |                   
 src/reasoner      |     100 |      100 |     100 |     100 |                   
  citations.ts     |     100 |      100 |     100 |     100 |                   
  contracts.ts     |     100 |      100 |     100 |     100 |                   
  explain.ts       |     100 |      100 |     100 |     100 |                   
  handoff.ts       |     100 |      100 |     100 |     100 |                   
  prompt.ts        |     100 |      100 |     100 |     100 |                   
  provider.ts      |     100 |      100 |     100 |     100 |                   
  redaction.ts     |     100 |      100 |     100 |     100 |                   
  taxonomy.ts      |     100 |      100 |     100 |     100 |                   
 src/runtime       |     100 |      100 |     100 |     100 |                   
  canonical.ts     |     100 |      100 |     100 |     100 |                   
  collector.ts     |     100 |      100 |     100 |     100 |                   
  contracts.ts     |     100 |      100 |     100 |     100 |                   
  graph.ts         |     100 |      100 |     100 |     100 |                   
-------------------|---------|----------|---------|---------|-------------------
$ tsc -b
$ node scripts/core-compatibility.mjs
PASS CORE/GUARDIAN COMPATIBILITY (Core 0.1.1/0.1.0; Guardian result 0.1; Core 503b5fe97aa39a78d5e5de80b794a94508e106cc; SHA-256 7f6c2db24888d8e4bf6eb6dd2cc2d0abaaf2fc908e2b43937aec40d163b05fc9)
$ node scripts/cli-smoke.mjs
node:internal/modules/run_main:123
    triggerUncaughtException(
    ^

AssertionError [ERR_ASSERTION]: The input did not match the regular expression /Core Model 0\.1\.1, Guardian Analyzer 0\.3, Git Gate 0\.3/. Input:

'ArchSync CLI 0.3.3 (Core Model 0.1.1, Guardian Analyzer 0.4, Git Gate 0.3; source 02e9f6e14d22; source-tree)\n'

    at file:///private/var/folders/mt/zhvthc515kgg9pxt4wjcjpyr0000gn/T/archsync-write-target-validation-ves64xwh/guardian/scripts/cli-smoke.mjs:62:10 {
  generatedMessage: true,
  code: 'ERR_ASSERTION',
  actual: 'ArchSync CLI 0.3.3 (Core Model 0.1.1, Guardian Analyzer 0.4, Git Gate 0.3; source 02e9f6e14d22; source-tree)\n',
  expected: /Core Model 0\.1\.1, Guardian Analyzer 0\.3, Git Gate 0\.3/,
  operator: 'match'
}

Node.js v22.16.0
[ELIFECYCLE] Command failed with exit code 1.
[ELIFECYCLE] Command failed with exit code 1.
[ELIFECYCLE] Command failed with exit code 1.
[ELIFECYCLE] Command failed with exit code 1.
