$ pnpm phase5:verify
$ pnpm phase3:verify && pnpm phase4:assets && pnpm phase5:evidence:verify
$ pnpm privacy:verify && pnpm typecheck && pnpm test:coverage && pnpm build && pnpm core:compatibility:verify && pnpm cli:smoke && pnpm package:verify && pnpm evidence:verify && pnpm phase3:evidence:verify
$ node scripts/verify-offline.mjs
PASS OFFLINE CONTRACT (no runtime network modules; production dependencies allowlisted)
$ tsc -b --pretty false && tsc -p tsconfig.test.json --noEmit --pretty false
$ vitest run --coverage

 RUN  v3.2.7 /private/var/folders/mt/zhvthc515kgg9pxt4wjcjpyr0000gn/T/archsync-write-target-validation-mznxqt84/guardian
      Coverage enabled with v8

 ✓ src/repair-verification.test.ts (81 tests) 591ms
 ✓ src/reasoner/provider.test.ts (18 tests) 29ms
 ✓ src/phase3.test.ts (12 tests) 3176ms
   ✓ Phase 3 Git diff architecture gate > passes an internal source change and reuses the baseline cache  474ms
   ✓ Phase 3 Git diff architecture gate > rebuilds a corrupt custom baseline cache safely  383ms
   ✓ Phase 3 Git diff architecture gate > compares a committed feature branch with its merge base  320ms
 ✓ src/phase4-integration.test.ts (2 tests) 240ms
 ✓ src/analyzer.test.ts (12 tests) 122ms
 ✓ src/benchmark.test.ts (12 tests) 586ms
 ✓ src/iac-normalize.test.ts (5 tests) 15ms
 ✓ src/runtime/collector.test.ts (5 tests) 17ms
 ✓ src/compatibility.test.ts (8 tests) 145ms
 ✓ src/model-cli.test.ts (7 tests) 154ms
 ✓ src/guardian.test.ts (9 tests) 133ms
 ✓ src/phase3-adversarial.test.ts (18 tests) 5524ms
   ✓ incremental validity against full scans > includes ignored untracked TypeScript that the full analyzer reads  306ms
   ✓ incremental validity against full scans > matches a fresh full scan after add, with cold and warm caches  390ms
   ✓ incremental validity against full scans > matches a fresh full scan after modify, with cold and warm caches  355ms
   ✓ incremental validity against full scans > matches a fresh full scan after delete, with cold and warm caches  354ms
   ✓ incremental validity against full scans > matches a fresh full scan after rename-within, with cold and warm caches  352ms
   ✓ incremental validity against full scans > matches a fresh full scan after rename-across, with cold and warm caches  345ms
   ✓ incremental validity against full scans > matches a fresh full scan after delete-component, with cold and warm caches  362ms
   ✓ incremental validity against full scans > publishes concurrent cold cache writes without temporary-file collisions  420ms
   ✓ incremental validity against full scans > invalidates the baseline when architecture rules change  380ms
   ✓ incremental validity against full scans > isolates baseline caches between subprojects sharing the same Git commit and model  381ms
   ✓ incremental validity against full scans > rebuilds a valid-JSON cache whose observed graph is corrupted  357ms
 ✓ src/reasoner/contracts.test.ts (6 tests) 4ms
 ✓ src/analyzer-adversarial.test.ts (43 tests) 182ms
 ✓ src/runtime/graph.test.ts (3 tests) 14ms
 ✓ src/reasoner/handoff.test.ts (6 tests) 12ms
 ✓ src/evolution/scorecard.test.ts (3 tests) 11ms
 ✓ src/iac-kubernetes.test.ts (6 tests) 28ms
 ✓ src/version.test.ts (6 tests) 268ms
 ✓ src/iac-terraform.test.ts (5 tests) 16ms
 ✓ src/phase3-git.test.ts (7 tests) 4ms
 ✓ src/doctor.test.ts (8 tests) 21ms
 ✓ src/reasoner/redaction.test.ts (3 tests) 4ms
 ✓ src/reasoner/explain.test.ts (4 tests) 12ms
 ✓ src/iac-security.test.ts (3 tests) 11ms
 ✓ src/iac.test.ts (1 test) 25ms
 ✓ src/evolution/approval.test.ts (5 tests) 3ms
 ✓ src/reasoner/taxonomy.test.ts (9 tests) 6ms
 ✓ src/iac-governance.test.ts (3 tests) 6ms
 ✓ src/privacy.test.ts (2 tests) 3ms
 ✓ src/reasoner/citations.test.ts (2 tests) 2ms
 ✓ src/reasoner/prompt.test.ts (1 test) 9ms

 Test Files  32 passed (32)
      Tests  315 passed (315)
   Start at  16:18:58
   Duration  20.35s (transform 366ms, setup 0ms, collect 3.03s, tests 11.37s, environment 4ms, prepare 1.63s)

 % Coverage report from v8
-------------------|---------|----------|---------|---------|-------------------
File               | % Stmts | % Branch | % Funcs | % Lines | Uncovered Line #s 
-------------------|---------|----------|---------|---------|-------------------
All files          |     100 |      100 |     100 |     100 |                   
 src               |     100 |      100 |     100 |     100 |                   
  analyzer.ts      |     100 |      100 |     100 |     100 |                   
  benchmark.ts     |     100 |      100 |     100 |     100 |                   
  compatibility.ts |     100 |      100 |     100 |     100 |                   
  contracts.ts     |     100 |      100 |     100 |     100 |                   
  doctor.ts        |     100 |      100 |     100 |     100 |                   
  guardian.ts      |     100 |      100 |     100 |     100 |                   
  iac-contracts.ts |     100 |      100 |     100 |     100 |                   
  ...kubernetes.ts |     100 |      100 |     100 |     100 |                   
  iac-normalize.ts |     100 |      100 |     100 |     100 |                   
  iac-security.ts  |     100 |      100 |     100 |     100 |                   
  iac-terraform.ts |     100 |      100 |     100 |     100 |                   
  iac.ts           |     100 |      100 |     100 |     100 |                   
  model-cli.ts     |     100 |      100 |     100 |     100 |                   
  phase3-git.ts    |     100 |      100 |     100 |     100 |                   
  phase3.ts        |     100 |      100 |     100 |     100 |                   
  privacy.ts       |     100 |      100 |     100 |     100 |                   
  ...-isolation.ts |     100 |      100 |     100 |     100 |                   
  ...rification.ts |     100 |      100 |     100 |     100 |                   
  version.ts       |     100 |      100 |     100 |     100 |                   
 src/evolution     |     100 |      100 |     100 |     100 |                   
  approval.ts      |     100 |      100 |     100 |     100 |                   
  scorecard.ts     |     100 |      100 |     100 |     100 |                   
 src/reasoner      |     100 |      100 |     100 |     100 |                   
  citations.ts     |     100 |      100 |     100 |     100 |                   
  contracts.ts     |     100 |      100 |     100 |     100 |                   
  explain.ts       |     100 |      100 |     100 |     100 |                   
  handoff.ts       |     100 |      100 |     100 |     100 |                   
  prompt.ts        |     100 |      100 |     100 |     100 |                   
  provider.ts      |     100 |      100 |     100 |     100 |                   
  redaction.ts     |     100 |      100 |     100 |     100 |                   
  taxonomy.ts      |     100 |      100 |     100 |     100 |                   
 src/runtime       |     100 |      100 |     100 |     100 |                   
  canonical.ts     |     100 |      100 |     100 |     100 |                   
  collector.ts     |     100 |      100 |     100 |     100 |                   
  contracts.ts     |     100 |      100 |     100 |     100 |                   
  graph.ts         |     100 |      100 |     100 |     100 |                   
-------------------|---------|----------|---------|---------|-------------------
$ tsc -b
$ node scripts/core-compatibility.mjs
PASS CORE/GUARDIAN COMPATIBILITY (Core 0.1.1/0.1.0; Guardian result 0.1; Core 503b5fe97aa39a78d5e5de80b794a94508e106cc; SHA-256 7f6c2db24888d8e4bf6eb6dd2cc2d0abaaf2fc908e2b43937aec40d163b05fc9)
$ node scripts/cli-smoke.mjs
PASS GUARDIAN CLI SMOKE (23/23: unified and compatibility binaries, help lists the complete command surface, version reports component contracts, version JSON reports real source and package-content provenance, doctor verifies Node, operating system, Git, runtime packages and CLI PATH, model validation namespace and compatibility alias, model directory validation, model graph, diff and conformance commands, model Mermaid, draw.io and annotated reports, model benchmark validation, source benchmark evaluation and JSON artifact, scan emits observed graph JSON, scan writes observed graph JSON, no-impact exits 0, violation exits 1 with source evidence, machine-readable finding contract, --json option matches check-json, invalid model exits 2, usage exits 2, Git diff no-impact exits 0 and writes PR report, Git diff violation exits 1 with GitHub annotation, Git diff evolution exits 3 with machine-readable contract, demo runs real PASS, BLOCK and REVIEW Git diffs without propagating expected nonzero exits)
$ node scripts/package-install-e2e.mjs --evidence .artifacts/package-install.json
PASS CLEAN PACKAGE INSTALL (darwin: packed whitelist, isolated pnpm prefix, PATH, version provenance, doctor, external-project validation, demo, dlx fallback and evidence)
$ node scripts/phase2-evidence.mjs
VALID PHASE 2 EVIDENCE /private/var/folders/mt/zhvthc515kgg9pxt4wjcjpyr0000gn/T/archsync-write-target-validation-mznxqt84/guardian/evidence/phase-2-evidence.json
$ node scripts/phase3-evidence.mjs
VALID PHASE 3 EVIDENCE /private/var/folders/mt/zhvthc515kgg9pxt4wjcjpyr0000gn/T/archsync-write-target-validation-mznxqt84/guardian/evidence/phase-3-evidence.json
$ node scripts/verify-phase4-assets.mjs && pnpm isolation:verify && pnpm provider:evidence:verify
PASS PHASE 4 ASSETS (1 prompt; 2 schemas; case-06 replay; 20-case/25-finding taxonomy; 12-case deterministic safety corpus; human gates preserved)
$ node --test scripts/isolation/backend-contracts.mjs scripts/isolation/workspace-contracts.mjs scripts/isolation/workspace-git-contracts.mjs scripts/isolation/repaired-execution-contracts.mjs
TAP version 13
# Subtest: normal verification binds the checked-in fixed fixture and policy bytes
ok 1 - normal verification binds the checked-in fixed fixture and policy bytes
  ---
  duration_ms: 7.283208
  type: 'test'
  ...
# Subtest: policy changes cannot silently enable privilege, a moving image, mounts or production capability
ok 2 - policy changes cannot silently enable privilege, a moving image, mounts or production capability
  ---
  duration_ms: 2.086291
  type: 'test'
  ...
# Subtest: daemon endpoints reject network transports, malformed Unix paths and traversal
ok 3 - daemon endpoints reject network transports, malformed Unix paths and traversal
  ---
  duration_ms: 0.458
  type: 'test'
  ...
# Subtest: engine and exact image validation fail before any fixture is run
ok 4 - engine and exact image validation fail before any fixture is run
  ---
  duration_ms: 5.974375
  type: 'test'
  ...
# Subtest: Docker invocation is fixed, uses no host mount/port/privilege and preserves no host environment
ok 5 - Docker invocation is fixed, uses no host mount/port/privilege and preserves no host environment
  ---
  duration_ms: 0.500292
  type: 'test'
  ...
# Subtest: stopped-container validation rejects actual privilege and mount drift before start
ok 6 - stopped-container validation rejects actual privilege and mount drift before start
  ---
  duration_ms: 12.684583
  type: 'test'
  ...
# Subtest: zero, real fixture failure and Docker/client infrastructure statuses remain distinct
ok 7 - zero, real fixture failure and Docker/client infrastructure statuses remain distinct
  ---
  duration_ms: 0.196583
  type: 'test'
  ...
# Subtest: real controller subprocess output, deadline and cancellation are bounded
ok 8 - real controller subprocess output, deadline and cancellation are bounded
  ---
  duration_ms: 393.792083
  type: 'test'
  ...
# Subtest: timeout cleanup kills the owned container and descendants, observes no late marker, removes and verifies absence
ok 9 - timeout cleanup kills the owned container and descendants, observes no late marker, removes and verifies absence
  ---
  duration_ms: 1.779375
  type: 'test'
  ...
# Subtest: cleanup never deletes an unowned container or treats daemon errors as absence
ok 10 - cleanup never deletes an unowned container or treats daemon errors as absence
  ---
  duration_ms: 0.858584
  type: 'test'
  ...
# Subtest: missing/late descendant evidence and failed removal remain inconclusive
ok 11 - missing/late descendant evidence and failed removal remain inconclusive
  ---
  duration_ms: 4.542917
  type: 'test'
  ...
# Subtest: authored npm timeout, signal and spawn error never become a passing fixture
ok 12 - authored npm timeout, signal and spawn error never become a passing fixture
  ---
  duration_ms: 0.145334
  type: 'test'
  ...
# Subtest: a failed later inspect still attempts narrow cleanup of a previously verified immutable CID
ok 13 - a failed later inspect still attempts narrow cleanup of a previously verified immutable CID
  ---
  duration_ms: 0.15775
  type: 'test'
  ...
# Subtest: preparation binds exact repaired bytes and commit without reading or changing the live workspace
ok 14 - preparation binds exact repaired bytes and commit without reading or changing the live workspace
  ---
  duration_ms: 326.272458
  type: 'test'
  ...
# Subtest: unsupported projects, replacements, stale bytes and dependency changes fail before Docker
ok 15 - unsupported projects, replacements, stale bytes and dependency changes fail before Docker
  ---
  duration_ms: 698.053
  type: 'test'
  ...
# Subtest: execution observations reject committed-base substitution, spoofed later lines and missing/mismatched npm outcomes
ok 16 - execution observations reject committed-base substitution, spoofed later lines and missing/mismatched npm outcomes
  ---
  duration_ms: 293.176375
  type: 'test'
  ...
# Subtest: pre-start cancellation creates no container and never produces an approval
ok 17 - pre-start cancellation creates no container and never produces an approval
  ---
  duration_ms: 260.412708
  type: 'test'
  ...
# Subtest: live collection feeds the same sealed runner on Linux and refuses other platforms
ok 18 - live collection feeds the same sealed runner on Linux and refuses other platforms
  ---
  duration_ms: 99.812542
  type: 'test'
  ...
# Subtest: snapshot binds exact explicit file bytes, paths, ordering and binary contents
ok 19 - snapshot binds exact explicit file bytes, paths, ordering and binary contents
  ---
  duration_ms: 1.913125
  type: 'test'
  ...
# Subtest: snapshot refuses traversal, aliases, credentials, links and alternate file types before transfer
ok 20 - snapshot refuses traversal, aliases, credentials, links and alternate file types before transfer
  ---
  duration_ms: 3.269708
  type: 'test'
  ...
# Subtest: duplicate, case-colliding and file/directory snapshots fail closed
ok 21 - duplicate, case-colliding and file/directory snapshots fail closed
  ---
  duration_ms: 0.27575
  type: 'test'
  ...
# Subtest: changed digests, bytes, lengths, encoding and unexpected packet metadata are rejected
ok 22 - changed digests, bytes, lengths, encoding and unexpected packet metadata are rejected
  ---
  duration_ms: 6.819584
  type: 'test'
  ...
# Subtest: snapshot count, per-file bytes, total bytes and path depth are bounded
ok 23 - snapshot count, per-file bytes, total bytes and path depth are bounded
  ---
  duration_ms: 6.876917
  type: 'test'
  ...
# Subtest: restricted network profile preserves pinned upstream controls and removes socket access
ok 24 - restricted network profile preserves pinned upstream controls and removes socket access
  ---
  duration_ms: 3.809125
  type: 'test'
  ...
# Subtest: container inspection refuses absent, changed or unconfined seccomp before execution
ok 25 - container inspection refuses absent, changed or unconfined seccomp before execution
  ---
  duration_ms: 2.466209
  type: 'test'
  ...
# Subtest: collector reads committed files using explicit allowlisted paths and returns object identity metadata
ok 26 - collector reads committed files using explicit allowlisted paths and returns object identity metadata
  ---
  duration_ms: 254.072125
  type: 'test'
  ...
# Subtest: collector preserves and indexes __proto__ filenames with explicit allowlist
ok 27 - collector preserves and indexes __proto__ filenames with explicit allowlist
  ---
  duration_ms: 151.877167
  type: 'test'
  ...
# Subtest: collector rejects malformed or absent commit identifiers
ok 28 - collector rejects malformed or absent commit identifiers
  ---
  duration_ms: 90.750709
  type: 'test'
  ...
# Subtest: collector does not read paths outside the exact allowlist or pathspec tricks
ok 29 - collector does not read paths outside the exact allowlist or pathspec tricks
  ---
  duration_ms: 222.090084
  type: 'test'
  ...
# Subtest: collector rejects files that are symlink, tree or submodule entries
ok 30 - collector rejects files that are symlink, tree or submodule entries
  ---
  duration_ms: 405.958792
  type: 'test'
  ...
# Subtest: collector verifies commit trees and prevents loose blob tampering with same-length payload
ok 31 - collector verifies commit trees and prevents loose blob tampering with same-length payload
  ---
  duration_ms: 172.360417
  type: 'test'
  ...
# Subtest: collector verifies ancestor tree objects before resolving nested paths
ok 32 - collector verifies ancestor tree objects before resolving nested paths
  ---
  duration_ms: 210.536125
  type: 'test'
  ...
# Subtest: collector rejects duplicate tree entries during tree parsing
ok 33 - collector rejects duplicate tree entries during tree parsing
  ---
  duration_ms: 109.288333
  type: 'test'
  ...
# Subtest: repository helper reads declared root HEAD and dirty state despite inherited GIT_DIR/GIT_WORK_TREE
ok 34 - repository helper reads declared root HEAD and dirty state despite inherited GIT_DIR/GIT_WORK_TREE
  ---
  duration_ms: 221.449166
  type: 'test'
  ...
# Subtest: collector ignores inherited GIT_DIR and binds repository argument
ok 35 - collector ignores inherited GIT_DIR and binds repository argument
  ---
  duration_ms: 258.15825
  type: 'test'
  ...
# Preparing worktree (detached HEAD 70a33b2)
# Subtest: collector resolves linked-worktree repositories via gitdir file
ok 36 - collector resolves linked-worktree repositories via gitdir file
  ---
  duration_ms: 194.768791
  type: 'test'
  ...
# Subtest: collector enforces count and file-size limits before returning a workspace snapshot
ok 37 - collector enforces count and file-size limits before returning a workspace snapshot
  ---
  duration_ms: 295.638917
  type: 'test'
  ...
# Subtest: dirty working-tree changes do not affect committed artifact collection
ok 38 - dirty working-tree changes do not affect committed artifact collection
  ---
  duration_ms: 173.962125
  type: 'test'
  ...
# Subtest: repaired bytes execute the intended change and bind both snapshots without changing Git
ok 39 - repaired bytes execute the intended change and bind both snapshots without changing Git
  ---
  duration_ms: 243.701125
  type: 'test'
  ...
# Subtest: repaired collector snapshots caller buffers and manifests before asynchronous Git lookup
ok 40 - repaired collector snapshots caller buffers and manifests before asynchronous Git lookup
  ---
  duration_ms: 204.977958
  type: 'test'
  ...
# Subtest: malformed repaired requests fail before repository lookup
ok 41 - malformed repaired requests fail before repository lookup
  ---
  duration_ms: 5.981792
  type: 'test'
  ...
# Subtest: repaired collector rejects stale base, no-op, additions, deletions and over-budget final snapshots
ok 42 - repaired collector rejects stale base, no-op, additions, deletions and over-budget final snapshots
  ---
  duration_ms: 604.132667
  type: 'test'
  ...
# Subtest: live repaired collector fails closed on hosts without descriptor-relative Linux opens
ok 43 - live repaired collector fails closed on hosts without descriptor-relative Linux opens
  ---
  duration_ms: 0.477917
  type: 'test'
  ...
# Subtest: Linux live repaired workspace captures real uncommitted bytes with original source identity
ok 44 - Linux live repaired workspace captures real uncommitted bytes with original source identity # SKIP
  ---
  duration_ms: 0.028084
  type: 'test'
  ...
# Subtest: Linux live repaired workspace refuses leaf and parent symlinks, root aliases and hardlinks
ok 45 - Linux live repaired workspace refuses leaf and parent symlinks, root aliases and hardlinks # SKIP
  ---
  duration_ms: 0.019
  type: 'test'
  ...
# Subtest: Linux live repaired workspace rejects unexpected changes, stale expectations, missing and special files
ok 46 - Linux live repaired workspace rejects unexpected changes, stale expectations, missing and special files # SKIP
  ---
  duration_ms: 0.016083
  type: 'test'
  ...
# Subtest: Linux live repaired workspace detects a file replacement during read and closes held descriptors
ok 47 - Linux live repaired workspace detects a file replacement during read and closes held descriptors # SKIP
  ---
  duration_ms: 0.0155
  type: 'test'
  ...
1..47
# tests 47
# suites 0
# pass 43
# fail 0
# cancelled 0
# skipped 4
# todo 0
# duration_ms 3879.468625
$ node --test scripts/provider-evidence.node-tests.mjs scripts/provider-runner-evidence.node-tests.mjs scripts/provider-run-evidence-intake.node-tests.mjs
TAP version 13
# Subtest: round-trips exact supplied bytes, metadata and timestamps without asserting approval
ok 1 - round-trips exact supplied bytes, metadata and timestamps without asserting approval
  ---
  duration_ms: 5.989
  type: 'test'
  ...
# Subtest: preserves failed responses, unavailable measurements and every retry
ok 2 - preserves failed responses, unavailable measurements and every retry
  ---
  duration_ms: 0.547375
  type: 'test'
  ...
# Subtest: allows explicit unverified origin and a failed attempt followed by supplied success
ok 3 - allows explicit unverified origin and a failed attempt followed by supplied success
  ---
  duration_ms: 0.353291
  type: 'test'
  ...
# Subtest: rejects secret and PII patterns including escaped JSON credential keys and nested strings
ok 4 - rejects secret and PII patterns including escaped JSON credential keys and nested strings
  ---
  duration_ms: 2.020625
  type: 'test'
  ...
# Subtest: accepts explicitly redacted JSON without modifying its bytes
ok 5 - accepts explicitly redacted JSON without modifying its bytes
  ---
  duration_ms: 0.169458
  type: 'test'
  ...
# Subtest: rejects original duplicate JSON members and escaped aliases during creation and verification
ok 6 - rejects original duplicate JSON members and escaped aliases during creation and verification
  ---
  duration_ms: 2.109958
  type: 'test'
  ...
# Subtest: duplicate-key scanner handles escaped strings and independent nested object scopes
ok 7 - duplicate-key scanner handles escaped strings and independent nested object scopes
  ---
  duration_ms: 0.351
  type: 'test'
  ...
# Subtest: token-shaped run identifiers fail creation and verification
ok 8 - token-shaped run identifiers fail creation and verification
  ---
  duration_ms: 0.214333
  type: 'test'
  ...
# Subtest: sparse attempts cannot create a packet that its own verifier would reject
ok 9 - sparse attempts cannot create a packet that its own verifier would reject
  ---
  duration_ms: 0.49725
  type: 'test'
  ...
# Subtest: rejects invalid shape, identifiers, controls, UTF-8 and excessive content
ok 10 - rejects invalid shape, identifiers, controls, UTF-8 and excessive content
  ---
  duration_ms: 1.408667
  type: 'test'
  ...
# Subtest: rejects incomplete retries, fabricated outcomes and inconsistent timestamps
ok 11 - rejects incomplete retries, fabricated outcomes and inconsistent timestamps
  ---
  duration_ms: 0.419542
  type: 'test'
  ...
# Subtest: enforces aggregate response limits across failed attempts
ok 12 - enforces aggregate response limits across failed attempts
  ---
  duration_ms: 61.129125
  type: 'test'
  ...
# Subtest: requires the externally retained digest and rejects internally rewritten metadata
ok 13 - requires the externally retained digest and rejects internally rewritten metadata
  ---
  duration_ms: 0.514042
  type: 'test'
  ...
# Subtest: rejects tampered byte digests, encodings and schema even with a recalculated outer digest
ok 14 - rejects tampered byte digests, encodings and schema even with a recalculated outer digest
  ---
  duration_ms: 2.2775
  type: 'test'
  ...
# Subtest: publishes a read-only owner-only artifact and snapshots mutable input before awaiting
ok 15 - publishes a read-only owner-only artifact and snapshots mutable input before awaiting
  ---
  duration_ms: 15.851084
  type: 'test'
  ...
# Subtest: never overwrites an existing run and cleans unpublished temporary files
ok 16 - never overwrites an existing run and cleans unpublished temporary files
  ---
  duration_ms: 17.757917
  type: 'test'
  ...
# Subtest: concurrent writers publish exactly one complete artifact
ok 17 - concurrent writers publish exactly one complete artifact
  ---
  duration_ms: 8.330583
  type: 'test'
  ...
# Subtest: refuses unsafe directories and existing destination symlinks without touching their targets
ok 18 - refuses unsafe directories and existing destination symlinks without touching their targets
  ---
  duration_ms: 9.117917
  type: 'test'
  ...
# Subtest: invalid or unsafe inputs create no files
ok 19 - invalid or unsafe inputs create no files
  ---
  duration_ms: 1.555209
  type: 'test'
  ...
# Subtest: intake binds exact raw response/request/configuration/journal without production authority
ok 20 - intake binds exact raw response/request/configuration/journal without production authority
  ---
  duration_ms: 7.99025
  type: 'test'
  ...
# Subtest: all retry usage is retained, including HTTP errors and unknown transport usage
ok 21 - all retry usage is retained, including HTTP errors and unknown transport usage
  ---
  duration_ms: 3.206916
  type: 'test'
  ...
# Subtest: official replay preserves budget, malformed response, HTTP and transport failures
ok 22 - official replay preserves budget, malformed response, HTTP and transport failures
  ---
  duration_ms: 14.248125
  type: 'test'
  ...
# Subtest: secondary retry-backoff failure remains in the complete journal
ok 23 - secondary retry-backoff failure remains in the complete journal
  ---
  duration_ms: 1.014708
  type: 'test'
  ...
# Subtest: every independent binding rejects a different run or changed packet
ok 24 - every independent binding rejects a different run or changed packet
  ---
  duration_ms: 3.284708
  type: 'test'
  ...
# Subtest: generic byte-valid packets cannot splice identities, config, prompts or success claims
ok 25 - generic byte-valid packets cannot splice identities, config, prompts or success claims
  ---
  duration_ms: 9.406334
  type: 'test'
  ...
# Subtest: failed attempt histories cannot be erased or changed under retained external bindings
ok 26 - failed attempt histories cannot be erased or changed under retained external bindings
  ---
  duration_ms: 2.058792
  type: 'test'
  ...
# Subtest: unsupported envelopes and unbounded replay policy fail closed
ok 27 - unsupported envelopes and unbounded replay policy fail closed
  ---
  duration_ms: 3.566042
  type: 'test'
  ...
# Subtest: input buffers and expected bindings are snapshotted; returned receipt is deeply immutable
ok 28 - input buffers and expected bindings are snapshotted; returned receipt is deeply immutable
  ---
  duration_ms: 0.932125
  type: 'test'
  ...
# Subtest: runner derives success and binds exact received bytes, request, configuration and IDs
ok 29 - runner derives success and binds exact received bytes, request, configuration and IDs
  ---
  duration_ms: 7.163292
  type: 'test'
  ...
# Subtest: records HTTP failure, thrown transport failure and a successful retry in order
ok 30 - records HTTP failure, thrown transport failure and a successful retry in order
  ---
  duration_ms: 2.436542
  type: 'test'
  ...
# Subtest: retains over-budget response bytes and measured usage but cannot label them success
ok 31 - retains over-budget response bytes and measured usage but cannot label them success
  ---
  duration_ms: 1.09975
  type: 'test'
  ...
# Subtest: HTTP success cannot fabricate valid JSON, content, usage or missing cost
ok 32 - HTTP success cannot fabricate valid JSON, content, usage or missing cost
  ---
  duration_ms: 5.862542
  type: 'test'
  ...
# Subtest: caller outcome flags and pre-parsed response substitutes are refused
ok 33 - caller outcome flags and pre-parsed response substitutes are refused
  ---
  duration_ms: 3.015833
  type: 'test'
  ...
# Subtest: unsafe, duplicate-key, non-UTF-8 and oversized received bytes fail closed without an artifact
ok 34 - unsafe, duplicate-key, non-UTF-8 and oversized received bytes fail closed without an artifact
  ---
  duration_ms: 1.425833
  type: 'test'
  ...
# Subtest: request privacy checks, attempt caps and data-only configuration apply before transport
ok 35 - request privacy checks, attempt caps and data-only configuration apply before transport
  ---
  duration_ms: 1.191792
  type: 'test'
  ...
# Subtest: configuration and response snapshots survive later caller mutation
ok 36 - configuration and response snapshots survive later caller mutation
  ---
  duration_ms: 4.44225
  type: 'test'
  ...
# Subtest: timeout aborts the attempt, preserves its retry and ignores a late response
ok 37 - timeout aborts the attempt, preserves its retry and ignores a late response
  ---
  duration_ms: 12.128041
  type: 'test'
  ...
# Subtest: cancellation during transport and retry backoff preserves failures without extra transport
ok 38 - cancellation during transport and retry backoff preserves failures without extra transport
  ---
  duration_ms: 2.806125
  type: 'test'
  ...
# Subtest: zero-attempt preflight failures retain the runner manifest without inventing an attempt
ok 39 - zero-attempt preflight failures retain the runner manifest without inventing an attempt
  ---
  duration_ms: 0.672417
  type: 'test'
  ...
# Subtest: transport diagnostics are redacted in failed evidence
ok 40 - transport diagnostics are redacted in failed evidence
  ---
  duration_ms: 8.272584
  type: 'test'
  ...
# Subtest: persistence uses the existing immutable POSIX packet boundary and cannot overwrite
ok 41 - persistence uses the existing immutable POSIX packet boundary and cannot overwrite
  ---
  duration_ms: 26.089208
  type: 'test'
  ...
# Subtest: rejected capture never publishes a partial or successful packet
ok 42 - rejected capture never publishes a partial or successful packet
  ---
  duration_ms: 1.227583
  type: 'test'
  ...
1..42
# tests 42
# suites 0
# pass 42
# fail 0
# cancelled 0
# skipped 0
# todo 0
# duration_ms 195.196541
$ node scripts/phase5-evidence.mjs
VALID PHASE 5 EVIDENCE /private/var/folders/mt/zhvthc515kgg9pxt4wjcjpyr0000gn/T/archsync-write-target-validation-mznxqt84/guardian/evidence/phase-5-evidence.json
