
 RUN  v3.2.7 /private/var/folders/mt/zhvthc515kgg9pxt4wjcjpyr0000gn/T/archsync-incremental-before-8cvun3_a

 ❯ src/phase3-adversarial.test.ts (18 tests | 9 failed | 9 skipped) 1875ms
   ↓ incremental validity against full scans > includes ignored untracked TypeScript that the full analyzer reads
   ↓ incremental validity against full scans > matches a fresh full scan after add, with cold and warm caches
   ↓ incremental validity against full scans > matches a fresh full scan after modify, with cold and warm caches
   ↓ incremental validity against full scans > matches a fresh full scan after delete, with cold and warm caches
   ↓ incremental validity against full scans > matches a fresh full scan after rename-within, with cold and warm caches
   ↓ incremental validity against full scans > matches a fresh full scan after rename-across, with cold and warm caches
   ↓ incremental validity against full scans > matches a fresh full scan after delete-component, with cold and warm caches
   ↓ incremental validity against full scans > publishes concurrent cold cache writes without temporary-file collisions
   ↓ incremental validity against full scans > invalidates the baseline when architecture rules change
   × incremental validity against full scans > detects an untracked violation with literal filename "café.ts" 189ms
     → ENOENT: no such file or directory, open '/var/folders/mt/zhvthc515kgg9pxt4wjcjpyr0000gn/T/archsync-incremental-adversarial-W4mfOg/"frontend/src/caf\303\251.ts"'
   × incremental validity against full scans > detects an untracked violation with literal filename "tab\tfile.ts" 163ms
     → ENOENT: no such file or directory, open '/var/folders/mt/zhvthc515kgg9pxt4wjcjpyr0000gn/T/archsync-incremental-adversarial-N4Ccyd/"frontend/src/tab\tfile.ts"'
   × incremental validity against full scans > detects an untracked violation with literal filename "line\nfile.ts" 146ms
     → ENOENT: no such file or directory, open '/var/folders/mt/zhvthc515kgg9pxt4wjcjpyr0000gn/T/archsync-incremental-adversarial-CbfXpJ/"frontend/src/line\nfile.ts"'
   × incremental validity against full scans > detects a tracked violation with literal filename "café.ts" 281ms
     → expected 'PASS' to be 'BLOCK' // Object.is equality
   × incremental validity against full scans > detects a tracked violation with literal filename "tab\tfile.ts" 224ms
     → expected 'PASS' to be 'BLOCK' // Object.is equality
   × incremental validity against full scans > detects a tracked violation with literal filename "line\nfile.ts" 193ms
     → expected 'PASS' to be 'BLOCK' // Object.is equality
   × incremental validity against full scans > isolates baseline caches between subprojects sharing the same Git commit and model 296ms
     → expected 'BLOCK' to be 'PASS' // Object.is equality
   × incremental validity against full scans > rebuilds a valid-JSON cache whose observed graph is corrupted 279ms
     → Cannot read properties of null (reading 'map')
   × incremental validity against full scans > preserves evidence from a nested component when only its parent component changes 103ms
     → expected { version: '0.1', …(4) } to deeply equal { version: '0.1', …(4) }

⎯⎯⎯⎯⎯⎯⎯ Failed Tests 9 ⎯⎯⎯⎯⎯⎯⎯

 FAIL  src/phase3-adversarial.test.ts > incremental validity against full scans > detects an untracked violation with literal filename "café.ts"
Error: ENOENT: no such file or directory, open '/var/folders/mt/zhvthc515kgg9pxt4wjcjpyr0000gn/T/archsync-incremental-adversarial-W4mfOg/"frontend/src/caf\303\251.ts"'
 ❯ addUntrackedFiles src/phase3.ts:257:20
    255|     const path = repositoryRelativePath(raw, repositoryRelative)!;
    256|     const absolute = resolve(repositoryPath, ...path.split("/"));
    257|     const source = await readFile(absolute, "utf8");
       |                    ^
    258|     const additions = source.length === 0
    259|       ? 0
 ❯ changedFiles src/phase3.ts:293:3
 ❯ checkRepositoryDiff src/phase3.ts:412:17
 ❯ src/phase3-adversarial.test.ts:83:20

⎯⎯⎯⎯⎯⎯⎯⎯⎯⎯⎯⎯⎯⎯⎯⎯⎯⎯⎯⎯⎯⎯⎯⎯[1/9]⎯

 FAIL  src/phase3-adversarial.test.ts > incremental validity against full scans > detects an untracked violation with literal filename "tab\tfile.ts"
Error: ENOENT: no such file or directory, open '/var/folders/mt/zhvthc515kgg9pxt4wjcjpyr0000gn/T/archsync-incremental-adversarial-N4Ccyd/"frontend/src/tab\tfile.ts"'
 ❯ addUntrackedFiles src/phase3.ts:257:20
    255|     const path = repositoryRelativePath(raw, repositoryRelative)!;
    256|     const absolute = resolve(repositoryPath, ...path.split("/"));
    257|     const source = await readFile(absolute, "utf8");
       |                    ^
    258|     const additions = source.length === 0
    259|       ? 0
 ❯ changedFiles src/phase3.ts:293:3
 ❯ checkRepositoryDiff src/phase3.ts:412:17
 ❯ src/phase3-adversarial.test.ts:83:20

⎯⎯⎯⎯⎯⎯⎯⎯⎯⎯⎯⎯⎯⎯⎯⎯⎯⎯⎯⎯⎯⎯⎯⎯[2/9]⎯

 FAIL  src/phase3-adversarial.test.ts > incremental validity against full scans > detects an untracked violation with literal filename "line\nfile.ts"
Error: ENOENT: no such file or directory, open '/var/folders/mt/zhvthc515kgg9pxt4wjcjpyr0000gn/T/archsync-incremental-adversarial-CbfXpJ/"frontend/src/line\nfile.ts"'
 ❯ addUntrackedFiles src/phase3.ts:257:20
    255|     const path = repositoryRelativePath(raw, repositoryRelative)!;
    256|     const absolute = resolve(repositoryPath, ...path.split("/"));
    257|     const source = await readFile(absolute, "utf8");
       |                    ^
    258|     const additions = source.length === 0
    259|       ? 0
 ❯ changedFiles src/phase3.ts:293:3
 ❯ checkRepositoryDiff src/phase3.ts:412:17
 ❯ src/phase3-adversarial.test.ts:83:20

⎯⎯⎯⎯⎯⎯⎯⎯⎯⎯⎯⎯⎯⎯⎯⎯⎯⎯⎯⎯⎯⎯⎯⎯[3/9]⎯

 FAIL  src/phase3-adversarial.test.ts > incremental validity against full scans > detects a tracked violation with literal filename "café.ts"
 FAIL  src/phase3-adversarial.test.ts > incremental validity against full scans > detects a tracked violation with literal filename "tab\tfile.ts"
 FAIL  src/phase3-adversarial.test.ts > incremental validity against full scans > detects a tracked violation with literal filename "line\nfile.ts"
AssertionError: expected 'PASS' to be 'BLOCK' // Object.is equality

Expected: "BLOCK"
Received: "PASS"

 ❯ src/phase3-adversarial.test.ts:93:29
     91|     await writeFile(join(root, "frontend/src", name), bypass);
     92|     const result = await checkRepositoryDiff(testArchitecture(), root);
     93|     expect(result.decision).toBe("BLOCK");
       |                             ^
     94|     expect(result.changed_files).toContainEqual(expect.objectContainin…
     95|   });

⎯⎯⎯⎯⎯⎯⎯⎯⎯⎯⎯⎯⎯⎯⎯⎯⎯⎯⎯⎯⎯⎯⎯⎯[4/9]⎯

 FAIL  src/phase3-adversarial.test.ts > incremental validity against full scans > isolates baseline caches between subprojects sharing the same Git commit and model
AssertionError: expected 'BLOCK' to be 'PASS' // Object.is equality

Expected: "PASS"
Received: "BLOCK"

 ❯ src/phase3-adversarial.test.ts:104:33
    102|     const b = await checkRepositoryDiff(testArchitecture(), join(root,…
    103|     expect(a.baseline.decision).toBe("BLOCK");
    104|     expect(b.baseline.decision).toBe("PASS");
       |                                 ^
    105|     expect(b.cache.key).not.toBe(a.cache.key);
    106|   });

⎯⎯⎯⎯⎯⎯⎯⎯⎯⎯⎯⎯⎯⎯⎯⎯⎯⎯⎯⎯⎯⎯⎯⎯[5/9]⎯

 FAIL  src/phase3-adversarial.test.ts > incremental validity against full scans > rebuilds a valid-JSON cache whose observed graph is corrupted
TypeError: Cannot read properties of null (reading 'map')
 ❯ toArchitectureDocument src/contracts.ts:105:43
    103|       Object.entries(observed.components).map(([id, value]) => [id, va…
    104|     ),
    105|     relationships: observed.relationships.map(({ evidence: _evidence, …
       |                                           ^
    106|   };
    107| }
 ❯ evaluateObservedArchitecture src/guardian.ts:94:28
 ❯ checkRepositoryDiff src/phase3.ts:439:26
 ❯ src/phase3-adversarial.test.ts:115:21

⎯⎯⎯⎯⎯⎯⎯⎯⎯⎯⎯⎯⎯⎯⎯⎯⎯⎯⎯⎯⎯⎯⎯⎯[6/9]⎯

 FAIL  src/phase3-adversarial.test.ts > incremental validity against full scans > preserves evidence from a nested component when only its parent component changes
AssertionError: expected { version: '0.1', …(4) } to deeply equal { version: '0.1', …(4) }

- Expected
+ Received

@@ -46,19 +46,10 @@
            "file": "gateway/src/server.ts",
            "kind": "source-location",
            "line": 3,
            "snippet": "await fetch(`${serviceUrl}/orders`);",
          },
-         {
-           "column": 40,
-           "confidence": 1,
-           "detector": "typescript-fetch",
-           "file": "service/nested/main.ts",
-           "kind": "source-location",
-           "line": 1,
-           "snippet": "fetch(\"http://gateway:3000\")",
-         },
        ],
      },
      "postgres": {
        "component": {
          "layer": "data",
@@ -83,47 +74,21 @@
          "name": "Service",
          "type": "service",
        },
        "evidence": [
          {
-           "column": 9,
-           "confidence": 1,
-           "detector": "typescript-fetch",
-           "file": "gateway/src/server.ts",
-           "kind": "source-location",
-           "line": 3,
-           "snippet": "fetch(`${serviceUrl}/orders`)",
-         },
-         {
            "column": 3,
            "confidence": 1,
            "detector": "component-root",
            "file": "service/src/service.ts",
            "kind": "source-location",
            "line": 4,
            "snippet": "await database.query(\"insert into items(payload) values ($1)\", [value]);",
          },
        ],
      },
-     "service/nested": {
-       "component": {
-         "layer": "domain",
-         "type": "service",
    },
-       "evidence": [
-         {
-           "column": 34,
-           "confidence": 1,
-           "detector": "component-root",
-           "file": "service/nested/main.ts",
-           "kind": "source-location",
-           "line": 1,
-           "snippet": "await fetch(\"http://gateway:3000\");",
-         },
-       ],
-     },
-   },
    "metadata": {
      "name": "guardian-test-observed",
      "scanned_files": 4,
    },
    "relationships": [
@@ -155,26 +120,10 @@
            "snippet": "fetch(`${serviceUrl}/orders`)",
          },
        ],
        "from": "gateway",
        "to": "service",
-       "type": "http",
-     },
-     {
-       "evidence": [
-         {
-           "column": 40,
-           "confidence": 1,
-           "detector": "typescript-fetch",
-           "file": "service/nested/main.ts",
-           "kind": "source-location",
-           "line": 1,
-           "snippet": "fetch(\"http://gateway:3000\")",
-         },
-       ],
-       "from": "service/nested",
-       "to": "gateway",
        "type": "http",
      },
      {
        "evidence": [
          {

 ❯ src/phase3-adversarial.test.ts:129:20
    127|     const merged = mergeIncrementalObservedArchitecture(before, partia…
    128|     const full = await analyzeTypeScriptRepository(root, expected);
    129|     expect(merged).toEqual(full);
       |                    ^
    130|   });
    131| });

⎯⎯⎯⎯⎯⎯⎯⎯⎯⎯⎯⎯⎯⎯⎯⎯⎯⎯⎯⎯⎯⎯⎯⎯[7/9]⎯


 Test Files  1 failed (1)
      Tests  9 failed | 9 skipped (18)
   Start at  12:53:00
   Duration  2.56s (transform 87ms, setup 0ms, collect 504ms, tests 1.88s, environment 0ms, prepare 55ms)

