note: Running TeX ...
warning: libertine.sty:308: 
Requested font "[LinLibertine_R.otf]/OT" at 8.99997pt
warning: libertine.sty:308: Requested font "[LinLibertine_R.otf]/OT" at 9.00003pt
warning: libertine.sty:308: Requested font "[LinLibertine_R.otf]/OT:script=latn;language=dflt;" at 9.00003pt
warning: libertine.sty:308: Requested font "[LinLibertine_RB.otf]/OT:script=latn;language=dflt;" at 9.00003pt
warning: libertine.sty:308: Requested font "[LinLibertine_RI.otf]/OT:script=latn;language=dflt;" at 9.00003pt
warning: libertine.sty:308: Requested font "[LinLibertine_RBI.otf]/OT:script=latn;language=dflt;" at 9.00003pt
warning: libertine.sty:308: Requested font "[LinLibertine_R.otf]/OT:script=latn;language=dflt;+tnum;+lnum;mapping=tex-text;" at 9.0pt
warning: libertine.sty:319: Requested font "[LinBiolinum_R.otf]/OT" at 8.99997pt
warning: libertine.sty:319: Requested font "[LinBiolinum_R.otf]/OT" at 9.00003pt
warning: libertine.sty:319: Requested font "[LinBiolinum_R.otf]/OT:script=latn;language=dflt;" at 9.00003pt
warning: libertine.sty:319: Requested font "[LinBiolinum_RB.otf]/OT:script=latn;language=dflt;" at 9.00003pt
warning: libertine.sty:319: Requested font "[LinBiolinum_RI.otf]/OT:script=latn;language=dflt;" at 9.00003pt
warning: libertine.sty:319: Requested font "[LinBiolinum_RBO.otf]/OT:script=latn;language=dflt;" at 9.00003pt
warning: libertine.sty:338: Requested font "[LinLibertine_RZ.otf]/OT" at 8.99997pt
warning: libertine.sty:338: Requested font "[LinLibertine_RZ.otf]/OT" at 9.00003pt
warning: libertine.sty:338: Requested font "[LinLibertine_RZ.otf]/OT:script=latn;language=dflt;" at 9.00003pt
warning: libertine.sty:338: Requested font "[LinLibertine_RZI.otf]/OT:script=latn;language=dflt;" at 9.00003pt
warning: libertine.sty:361: Requested font "[LinLibertine_DR.otf]/OT" at 8.99997pt
warning: libertine.sty:361: Requested font "[LinLibertine_DR.otf]/OT" at 9.00003pt
warning: libertine.sty:361: Requested font "[LinLibertine_DR.otf]/OT:script=latn;language=dflt;" at 9.00003pt
warning: libertine.sty:435: Requested font "[LinLibertine_M.otf]/OT" at 8.99997pt
warning: libertine.sty:435: Requested font "[LinLibertine_M.otf]/OT" at 9.00003pt
warning: libertine.sty:435: Requested font "[LinLibertine_M.otf]/OT:script=latn;language=dflt;" at 9.00003pt
warning: libertine.sty:435: Requested font "[LinLibertine_MB.otf]/OT:script=latn;language=dflt;" at 9.00003pt
warning: libertine.sty:435: Requested font "[LinLibertine_MO.otf]/OT:script=latn;language=dflt;" at 9.00003pt
warning: libertine.sty:435: Requested font "[LinLibertine_MBO.otf]/OT:script=latn;language=dflt;" at 9.00003pt
warning: libertine.sty:436: Requested font "[LinBiolinum_K.otf]/OT" at 8.99997pt
warning: libertine.sty:436: Requested font "[LinBiolinum_K.otf]/OT" at 9.00003pt
warning: libertine.sty:436: Requested font "[LinBiolinum_K.otf]/OT:script=latn;language=dflt;" at 9.00003pt
warning: libertine.sty:437: Requested font "[LinLibertine_I.otf]/OT" at 8.99997pt
warning: libertine.sty:437: Requested font "[LinLibertine_I.otf]/OT" at 9.00003pt
warning: libertine.sty:437: Requested font "[LinLibertine_I.otf]/OT:script=latn;language=dflt;" at 9.00003pt
warning: acmart.cls:868: 
Requested font "[Inconsolatazi4-Regular.otf]/OT" at 8.99997pt
warning: acmart.cls:868: Requested font "[Inconsolatazi4-Regular.otf]/OT" at 9.00003pt
warning: acmart.cls:868: Requested font "[Inconsolatazi4-Regular.otf]/OT:script=latn;language=dflt;" at 9.00003pt
warning: acmart.cls:868: Requested font "[Inconsolatazi4-Bold.otf]/OT:script=latn;language=dflt;" at 9.00003pt
warning: paper:20: Requested font "[LinLibertine_R.otf]/OT:script=latn;language=dflt;+tnum;+lnum;mapping=tex-text;" at 7.0pt
warning: paper:20: 
Requested font "MinLibReg-ot1" at 7.3pt
warning: paper:20:  -> MinLibReg-ot1
warning: paper:20: Requested font "MinLibReg-ot1" at 5.5pt
warning: paper:20:  -> MinLibReg-ot1
warning: paper:20: Requested font "nxlmi7" at 7.3pt
warning: paper:20:  -> nxlmi7
warning: paper:20: Requested font "nxlmi5" at 5.5pt
warning: paper:20:  -> nxlmi5
warning: paper:20: Requested font "ntxsy7" at 7.3pt
warning: paper:20:  -> ntxsy7
warning: paper:20: Requested font "ntxsy5" at 5.5pt
warning: paper:20:  -> ntxsy5
warning: paper:20: Requested font "ntxexx" at 7.3pt
warning: paper:20:  -> ntxexx
warning: paper:20: Requested font "ntxexx" at 5.5pt
warning: paper:20:  -> ntxexx
warning: paper:20: 
Requested font "msam7" at 7.3pt
warning: paper:20:  -> msam7
warning: paper:20: Requested font "msam5" at 5.5pt
warning: paper:20:  -> msam5
warning: paper:20: 
Requested font "msbm7" at 7.3pt
warning: paper:20:  -> msbm7
warning: paper:20: Requested font "msbm5" at 5.5pt
warning: paper:20:  -> msbm5
warning: paper:20: 
Requested font "nxlmia" at 7.3pt
warning: paper:20:  -> nxlmia
warning: paper:20: Requested font "nxlmia" at 5.5pt
warning: paper:20:  -> nxlmia
warning: paper:20: 
Requested font "ntxsym" at 7.3pt
warning: paper:20:  -> ntxsym
warning: paper:20: Requested font "ntxsym" at 5.5pt
warning: paper:20:  -> ntxsym
warning: paper:20: 
Requested font "ntxsyc" at 7.3pt
warning: paper:20:  -> ntxsyc
warning: paper:20: Requested font "ntxsyc" at 5.5pt
warning: paper:20:  -> ntxsyc
warning: paper:20: Requested font "ntxexa" at 7.3pt
warning: paper:20:  -> ntxexa
warning: paper:20: Requested font "ntxexa" at 5.5pt
warning: paper:20:  -> ntxexa
warning: paper:55: Requested font "[LinLibertine_R.otf]/OT:script=latn;language=dflt;+tnum;+lnum;mapping=tex-text;" at 17.28pt
warning: paper:55: Requested font "[LinBiolinum_R.otf]/OT:script=latn;language=dflt;+tnum;+lnum;mapping=tex-text;" at 17.28pt
warning: paper:55: Requested font "[LinBiolinum_RB.otf]/OT:script=latn;language=dflt;+tnum;+lnum;mapping=tex-text;" at 17.28pt
warning: paper:55: Requested font "[LinLibertine_R.otf]/OT:script=latn;language=dflt;+tnum;+lnum;mapping=tex-text;" at 10.0pt
warning: paper:55: Requested font "MinLibReg-ot1" at 10.0pt
warning: paper:55:  -> MinLibReg-ot1
warning: paper:55: Requested font "nxlmi" at 10.0pt
warning: paper:55:  -> nxlmi
warning: paper:55: Requested font "ntxsy" at 10.0pt
warning: paper:55:  -> ntxsy
warning: paper:55: Requested font "ntxexx" at 10.0pt
warning: paper:55:  -> ntxexx
warning: paper:55: Requested font "msam10" at 10.0pt
warning: paper:55:  -> msam10
warning: paper:55: 
Requested font "msbm10" at 10.0pt
warning: paper:55:  -> msbm10
warning: paper:55: 
Requested font "nxlmia" at 10.0pt
warning: paper:55:  -> nxlmia
warning: paper:55: Requested font "ntxsym" at 10.0pt
warning: paper:55:  -> ntxsym
warning: paper:55: Requested font "ntxsyc" at 10.0pt
warning: paper:55:  -> ntxsyc
warning: paper:55: Requested font "ntxexa" at 10.0pt
warning: paper:55:  -> ntxexa
warning: paper:55: Requested font "[LinLibertine_R.otf]/OT:script=latn;language=dflt;+tnum;+lnum;mapping=tex-text;" at 7.3pt
warning: paper:55: Requested font "[Inconsolatazi4-Regular.otf]/OT:script=latn;language=dflt;+ss03;" at 9.0pt
warning: paper:55: Requested font "[Inconsolatazi4-Bold.otf]/OT:script=latn;language=dflt;+ss03;" at 9.0pt
warning: paper:55: Requested font "[LinLibertine_RB.otf]/OT:script=latn;language=dflt;+tnum;+lnum;mapping=tex-text;" at 9.0pt
warning: paper:55: Requested font "MinLibReg-ot1" at 9.0pt
warning: paper:55:  -> MinLibReg-ot1
warning: paper:55: Requested font "nxlmi" at 9.0pt
warning: paper:55:  -> nxlmi
warning: paper:55: Requested font "ntxsy" at 9.0pt
warning: paper:55:  -> ntxsy
warning: paper:55: Requested font "ntxexx" at 9.0pt
warning: paper:55:  -> ntxexx
warning: paper:55: Requested font "msam10" at 9.0pt
warning: paper:55:  -> msam10
warning: paper:55: Requested font "msbm10" at 9.0pt
warning: paper:55:  -> msbm10
warning: paper:55: Requested font "nxlmia" at 9.0pt
warning: paper:55:  -> nxlmia
warning: paper:55: Requested font "ntxsym" at 9.0pt
warning: paper:55:  -> ntxsym
warning: paper:55: Requested font "ntxsyc" at 9.0pt
warning: paper:55:  -> ntxsyc
warning: paper:55: Requested font "ntxexa" at 9.0pt
warning: paper:55:  -> ntxexa
warning: paper:55: Requested font "[LinLibertine_RI.otf]/OT:script=latn;language=dflt;+tnum;+lnum;mapping=tex-text;" at 7.0pt
warning: paper:55: Requested font "[LinLibertine_RB.otf]/OT:script=latn;language=dflt;+tnum;+lnum;mapping=tex-text;" at 10.95pt
warning: paper:55: Underfull \hbox (badness 3009) in paragraph at lines 55--55
warning: paper:55: Underfull \hbox (badness 1577) in paragraph at lines 55--55
warning: paper:55: Underfull \hbox (badness 4819) in paragraph at lines 55--55
warning: paper:55: Underfull \hbox (badness 1210) in paragraph at lines 55--55
warning: paper:55: Underfull \hbox (badness 1852) in paragraph at lines 55--55
warning: paper:55: Underfull \hbox (badness 2027) in paragraph at lines 55--55
warning: paper:55: Underfull \hbox (badness 3118) in paragraph at lines 55--55
warning: paper:55: Underfull \hbox (badness 1365) in paragraph at lines 55--55
warning: paper:55: Requested font "[LinLibertine_RI.otf]/OT:script=latn;language=dflt;+tnum;+lnum;mapping=tex-text;" at 9.0pt
warning: paper:55: Requested font "[LinLibertine_R.otf]/OT:script=latn;language=dflt;+tnum;+lnum;mapping=tex-text;" at 8.0pt
warning: paper:55: Requested font "[LinLibertine_RB.otf]/OT:script=latn;language=dflt;+tnum;+lnum;mapping=tex-text;" at 8.0pt
warning: paper:55: Requested font "[LinLibertine_RI.otf]/OT:script=latn;language=dflt;+tnum;+lnum;mapping=tex-text;" at 8.0pt
warning: paper:59: Underfull \hbox (badness 1527) in paragraph at lines 58--59
warning: paper:59: Underfull \hbox (badness 3168) in paragraph at lines 58--59
warning: paper:59: Underfull \hbox (badness 1565) in paragraph at lines 58--59
warning: paper:61: Underfull \hbox (badness 1377) in paragraph at lines 60--61
warning: paper:61: Underfull \hbox (badness 1371) in paragraph at lines 60--61
warning: paper:61: Underfull \hbox (badness 1142) in paragraph at lines 60--61
warning: paper:61: Underfull \hbox (badness 1960) in paragraph at lines 60--61
warning: related-work:3: Underfull \hbox (badness 1831) in paragraph at lines 2--3
warning: related-work:5: Underfull \hbox (badness 2142) in paragraph at lines 4--5
warning: related-work:5: Underfull \hbox (badness 3895) in paragraph at lines 4--5
warning: related-work:5: Underfull \hbox (badness 1337) in paragraph at lines 4--5
warning: related-work:5: Underfull \hbox (badness 1242) in paragraph at lines 4--5
warning: related-work:7: Underfull \hbox (badness 1642) in paragraph at lines 6--7
warning: related-work:7: Underfull \hbox (badness 1270) in paragraph at lines 6--7
warning: related-work:7: Underfull \vbox (badness 10000) has occurred while \output is active
warning: related-work:14: Underfull \hbox (badness 1048) in paragraph at lines 13--14
warning: related-work:19: Requested font "MinLibReg-ot1" at 8.0pt
warning: related-work:19:  -> MinLibReg-ot1
warning: related-work:19: Requested font "MinLibReg-ot1" at 6.2pt
warning: related-work:19:  -> MinLibReg-ot1
warning: related-work:19: Requested font "nxlmi7" at 8.0pt
warning: related-work:19:  -> nxlmi7
warning: related-work:19: Requested font "nxlmi5" at 6.2pt
warning: related-work:19:  -> nxlmi5
warning: related-work:19: Requested font "ntxsy7" at 8.0pt
warning: related-work:19:  -> ntxsy7
warning: related-work:19: Requested font "ntxsy5" at 6.2pt
warning: related-work:19:  -> ntxsy5
warning: related-work:19: Requested font "ntxexx" at 8.0pt
warning: related-work:19:  -> ntxexx
warning: related-work:19: Requested font "ntxexx" at 6.2pt
warning: related-work:19:  -> ntxexx
warning: related-work:19: Requested font "msam10" at 8.0pt
warning: related-work:19:  -> msam10
warning: related-work:19: Requested font "msam7" at 6.2pt
warning: related-work:19:  -> msam7
warning: related-work:19: Requested font "msbm10" at 8.0pt
warning: related-work:19:  -> msbm10
warning: related-work:19: Requested font "msbm7" at 6.2pt
warning: related-work:19:  -> msbm7
warning: related-work:19: Requested font "nxlmia" at 8.0pt
warning: related-work:19:  -> nxlmia
warning: related-work:19: Requested font "nxlmia" at 6.2pt
warning: related-work:19:  -> nxlmia
warning: related-work:19: Requested font "ntxsym" at 8.0pt
warning: related-work:19:  -> ntxsym
warning: related-work:19: Requested font "ntxsym" at 6.2pt
warning: related-work:19:  -> ntxsym
warning: related-work:19: Requested font "ntxsyc" at 8.0pt
warning: related-work:19:  -> ntxsyc
warning: related-work:19: Requested font "ntxsyc" at 6.2pt
warning: related-work:19:  -> ntxsyc
warning: related-work:19: Requested font "ntxexa" at 8.0pt
warning: related-work:19:  -> ntxexa
warning: related-work:19: Requested font "ntxexa" at 6.2pt
warning: related-work:19:  -> ntxexa
warning: related-work:22: Underfull \hbox (badness 4341) in paragraph at lines 22--22
warning: related-work:23: Underfull \hbox (badness 10000) in paragraph at lines 22--23
warning: related-work:23: Underfull \hbox (badness 10000) in paragraph at lines 22--23
warning: related-work:23: Underfull \hbox (badness 10000) in paragraph at lines 23--23
warning: related-work:24: Underfull \hbox (badness 2343) in paragraph at lines 23--24
warning: related-work:24: Underfull \hbox (badness 10000) in paragraph at lines 24--24
warning: related-work:24: Underfull \hbox (badness 10000) in paragraph at lines 24--24
warning: related-work:24: Underfull \hbox (badness 10000) in paragraph at lines 24--24
warning: related-work:25: Underfull \hbox (badness 10000) in paragraph at lines 24--25
warning: related-work:25: Underfull \hbox (badness 10000) in paragraph at lines 24--25
warning: related-work:25: Underfull \hbox (badness 10000) in paragraph at lines 25--25
warning: related-work:25: Underfull \hbox (badness 10000) in paragraph at lines 25--25
warning: paper:65: Underfull \hbox (badness 3168) in paragraph at lines 29--65
warning: paper:68: Underfull \vbox (badness 1552) has occurred while \output is active
warning: paper:93: Underfull \hbox (badness 2961) in paragraph at lines 92--93
warning: paper:93: Requested font "[LinBiolinum_R.otf]/OT:script=latn;language=dflt;+tnum;+lnum;mapping=tex-text;" at 9.0pt
warning: paper:93: Requested font "[LinBiolinum_R.otf]/OT:script=latn;language=dflt;+tnum;+lnum;mapping=tex-text;" at 7.0pt
warning: paper:116: Underfull \hbox (badness 1281) in paragraph at lines 115--116
warning: paper:116: Underfull \hbox (badness 1199) in paragraph at lines 115--116
warning: paper:118: Underfull \hbox (badness 1661) in paragraph at lines 117--118
warning: paper:122: Underfull \vbox (badness 10000) has occurred while \output is active
warning: paper:125: Underfull \hbox (badness 1418) in paragraph at lines 124--125
warning: paper:125: Underfull \hbox (badness 6559) in paragraph at lines 124--125
warning: paper:125: Underfull \hbox (badness 4378) in paragraph at lines 124--125
warning: paper:131: Underfull \hbox (badness 10000) in paragraph at lines 130--131
warning: paper:131: Underfull \hbox (badness 1253) in paragraph at lines 130--131
warning: paper:134: Underfull \vbox (badness 10000) has occurred while \output is active
warning: paper:136: Underfull \hbox (badness 1028) in paragraph at lines 135--136
warning: paper:136: Underfull \hbox (badness 2326) in paragraph at lines 135--136
warning: paper:136: Underfull \hbox (badness 1226) in paragraph at lines 135--136
warning: paper:136: Underfull \hbox (badness 1082) in paragraph at lines 135--136
warning: paper:138: Underfull \hbox (badness 5288) in paragraph at lines 137--138
warning: paper:138: Underfull \hbox (badness 1430) in paragraph at lines 137--138
warning: paper:138: Underfull \hbox (badness 7576) in paragraph at lines 137--138
warning: paper:138: Underfull \hbox (badness 3088) in paragraph at lines 137--138
warning: paper:140: Underfull \hbox (badness 1831) in paragraph at lines 139--140
warning: paper:140: Underfull \hbox (badness 1888) in paragraph at lines 139--140
warning: paper:142: Underfull \hbox (badness 1648) in paragraph at lines 141--142
warning: paper:145: Underfull \hbox (badness 1946) in paragraph at lines 144--145
warning: paper:145: Underfull \hbox (badness 2293) in paragraph at lines 144--145
warning: paper:145: Underfull \hbox (badness 2359) in paragraph at lines 144--145
warning: paper:145: Underfull \vbox (badness 10000) has occurred while \output is active
note: Running BibTeX on iciit2027-compact.aux ...
note: warnings were issued by BibTeX; use --print and/or --keep-logs for details.
note: Rerunning TeX because bibtex was run ...
warning: libertine.sty:308: 
Requested font "[LinLibertine_R.otf]/OT" at 8.99997pt
warning: libertine.sty:308: Requested font "[LinLibertine_R.otf]/OT" at 9.00003pt
warning: libertine.sty:308: Requested font "[LinLibertine_R.otf]/OT:script=latn;language=dflt;" at 9.00003pt
warning: libertine.sty:308: Requested font "[LinLibertine_RB.otf]/OT:script=latn;language=dflt;" at 9.00003pt
warning: libertine.sty:308: Requested font "[LinLibertine_RI.otf]/OT:script=latn;language=dflt;" at 9.00003pt
warning: libertine.sty:308: Requested font "[LinLibertine_RBI.otf]/OT:script=latn;language=dflt;" at 9.00003pt
warning: libertine.sty:308: Requested font "[LinLibertine_R.otf]/OT:script=latn;language=dflt;+tnum;+lnum;mapping=tex-text;" at 9.0pt
warning: libertine.sty:319: Requested font "[LinBiolinum_R.otf]/OT" at 8.99997pt
warning: libertine.sty:319: Requested font "[LinBiolinum_R.otf]/OT" at 9.00003pt
warning: libertine.sty:319: Requested font "[LinBiolinum_R.otf]/OT:script=latn;language=dflt;" at 9.00003pt
warning: libertine.sty:319: Requested font "[LinBiolinum_RB.otf]/OT:script=latn;language=dflt;" at 9.00003pt
warning: libertine.sty:319: Requested font "[LinBiolinum_RI.otf]/OT:script=latn;language=dflt;" at 9.00003pt
warning: libertine.sty:319: Requested font "[LinBiolinum_RBO.otf]/OT:script=latn;language=dflt;" at 9.00003pt
warning: libertine.sty:338: Requested font "[LinLibertine_RZ.otf]/OT" at 8.99997pt
warning: libertine.sty:338: Requested font "[LinLibertine_RZ.otf]/OT" at 9.00003pt
warning: libertine.sty:338: Requested font "[LinLibertine_RZ.otf]/OT:script=latn;language=dflt;" at 9.00003pt
warning: libertine.sty:338: Requested font "[LinLibertine_RZI.otf]/OT:script=latn;language=dflt;" at 9.00003pt
warning: libertine.sty:361: Requested font "[LinLibertine_DR.otf]/OT" at 8.99997pt
warning: libertine.sty:361: Requested font "[LinLibertine_DR.otf]/OT" at 9.00003pt
warning: libertine.sty:361: Requested font "[LinLibertine_DR.otf]/OT:script=latn;language=dflt;" at 9.00003pt
warning: libertine.sty:435: Requested font "[LinLibertine_M.otf]/OT" at 8.99997pt
warning: libertine.sty:435: Requested font "[LinLibertine_M.otf]/OT" at 9.00003pt
warning: libertine.sty:435: Requested font "[LinLibertine_M.otf]/OT:script=latn;language=dflt;" at 9.00003pt
warning: libertine.sty:435: Requested font "[LinLibertine_MB.otf]/OT:script=latn;language=dflt;" at 9.00003pt
warning: libertine.sty:435: Requested font "[LinLibertine_MO.otf]/OT:script=latn;language=dflt;" at 9.00003pt
warning: libertine.sty:435: Requested font "[LinLibertine_MBO.otf]/OT:script=latn;language=dflt;" at 9.00003pt
warning: libertine.sty:436: Requested font "[LinBiolinum_K.otf]/OT" at 8.99997pt
warning: libertine.sty:436: Requested font "[LinBiolinum_K.otf]/OT" at 9.00003pt
warning: libertine.sty:436: Requested font "[LinBiolinum_K.otf]/OT:script=latn;language=dflt;" at 9.00003pt
warning: libertine.sty:437: Requested font "[LinLibertine_I.otf]/OT" at 8.99997pt
warning: libertine.sty:437: Requested font "[LinLibertine_I.otf]/OT" at 9.00003pt
warning: libertine.sty:437: Requested font "[LinLibertine_I.otf]/OT:script=latn;language=dflt;" at 9.00003pt
warning: acmart.cls:868: 
Requested font "[Inconsolatazi4-Regular.otf]/OT" at 8.99997pt
warning: acmart.cls:868: Requested font "[Inconsolatazi4-Regular.otf]/OT" at 9.00003pt
warning: acmart.cls:868: Requested font "[Inconsolatazi4-Regular.otf]/OT:script=latn;language=dflt;" at 9.00003pt
warning: acmart.cls:868: Requested font "[Inconsolatazi4-Bold.otf]/OT:script=latn;language=dflt;" at 9.00003pt
warning: paper:20: Requested font "[LinLibertine_R.otf]/OT:script=latn;language=dflt;+tnum;+lnum;mapping=tex-text;" at 7.0pt
warning: paper:20: 
Requested font "MinLibReg-ot1" at 7.3pt
warning: paper:20:  -> MinLibReg-ot1
warning: paper:20: Requested font "MinLibReg-ot1" at 5.5pt
warning: paper:20:  -> MinLibReg-ot1
warning: paper:20: Requested font "nxlmi7" at 7.3pt
warning: paper:20:  -> nxlmi7
warning: paper:20: Requested font "nxlmi5" at 5.5pt
warning: paper:20:  -> nxlmi5
warning: paper:20: Requested font "ntxsy7" at 7.3pt
warning: paper:20:  -> ntxsy7
warning: paper:20: Requested font "ntxsy5" at 5.5pt
warning: paper:20:  -> ntxsy5
warning: paper:20: Requested font "ntxexx" at 7.3pt
warning: paper:20:  -> ntxexx
warning: paper:20: Requested font "ntxexx" at 5.5pt
warning: paper:20:  -> ntxexx
warning: paper:20: 
Requested font "msam7" at 7.3pt
warning: paper:20:  -> msam7
warning: paper:20: Requested font "msam5" at 5.5pt
warning: paper:20:  -> msam5
warning: paper:20: 
Requested font "msbm7" at 7.3pt
warning: paper:20:  -> msbm7
warning: paper:20: Requested font "msbm5" at 5.5pt
warning: paper:20:  -> msbm5
warning: paper:20: 
Requested font "nxlmia" at 7.3pt
warning: paper:20:  -> nxlmia
warning: paper:20: Requested font "nxlmia" at 5.5pt
warning: paper:20:  -> nxlmia
warning: paper:20: 
Requested font "ntxsym" at 7.3pt
warning: paper:20:  -> ntxsym
warning: paper:20: Requested font "ntxsym" at 5.5pt
warning: paper:20:  -> ntxsym
warning: paper:20: 
Requested font "ntxsyc" at 7.3pt
warning: paper:20:  -> ntxsyc
warning: paper:20: Requested font "ntxsyc" at 5.5pt
warning: paper:20:  -> ntxsyc
warning: paper:20: Requested font "ntxexa" at 7.3pt
warning: paper:20:  -> ntxexa
warning: paper:20: Requested font "ntxexa" at 5.5pt
warning: paper:20:  -> ntxexa
warning: paper:55: Requested font "[LinLibertine_R.otf]/OT:script=latn;language=dflt;+tnum;+lnum;mapping=tex-text;" at 17.28pt
warning: paper:55: Requested font "[LinBiolinum_R.otf]/OT:script=latn;language=dflt;+tnum;+lnum;mapping=tex-text;" at 17.28pt
warning: paper:55: Requested font "[LinBiolinum_RB.otf]/OT:script=latn;language=dflt;+tnum;+lnum;mapping=tex-text;" at 17.28pt
warning: paper:55: Requested font "[LinLibertine_R.otf]/OT:script=latn;language=dflt;+tnum;+lnum;mapping=tex-text;" at 10.0pt
warning: paper:55: Requested font "MinLibReg-ot1" at 10.0pt
warning: paper:55:  -> MinLibReg-ot1
warning: paper:55: Requested font "nxlmi" at 10.0pt
warning: paper:55:  -> nxlmi
warning: paper:55: Requested font "ntxsy" at 10.0pt
warning: paper:55:  -> ntxsy
warning: paper:55: Requested font "ntxexx" at 10.0pt
warning: paper:55:  -> ntxexx
warning: paper:55: Requested font "msam10" at 10.0pt
warning: paper:55:  -> msam10
warning: paper:55: 
Requested font "msbm10" at 10.0pt
warning: paper:55:  -> msbm10
warning: paper:55: 
Requested font "nxlmia" at 10.0pt
warning: paper:55:  -> nxlmia
warning: paper:55: Requested font "ntxsym" at 10.0pt
warning: paper:55:  -> ntxsym
warning: paper:55: Requested font "ntxsyc" at 10.0pt
warning: paper:55:  -> ntxsyc
warning: paper:55: Requested font "ntxexa" at 10.0pt
warning: paper:55:  -> ntxexa
warning: paper:55: Requested font "[LinLibertine_R.otf]/OT:script=latn;language=dflt;+tnum;+lnum;mapping=tex-text;" at 7.3pt
warning: paper:55: Requested font "[Inconsolatazi4-Regular.otf]/OT:script=latn;language=dflt;+ss03;" at 9.0pt
warning: paper:55: Requested font "[Inconsolatazi4-Bold.otf]/OT:script=latn;language=dflt;+ss03;" at 9.0pt
warning: paper:55: Requested font "[LinLibertine_RB.otf]/OT:script=latn;language=dflt;+tnum;+lnum;mapping=tex-text;" at 9.0pt
warning: paper:55: Requested font "MinLibReg-ot1" at 9.0pt
warning: paper:55:  -> MinLibReg-ot1
warning: paper:55: Requested font "nxlmi" at 9.0pt
warning: paper:55:  -> nxlmi
warning: paper:55: Requested font "ntxsy" at 9.0pt
warning: paper:55:  -> ntxsy
warning: paper:55: Requested font "ntxexx" at 9.0pt
warning: paper:55:  -> ntxexx
warning: paper:55: Requested font "msam10" at 9.0pt
warning: paper:55:  -> msam10
warning: paper:55: Requested font "msbm10" at 9.0pt
warning: paper:55:  -> msbm10
warning: paper:55: Requested font "nxlmia" at 9.0pt
warning: paper:55:  -> nxlmia
warning: paper:55: Requested font "ntxsym" at 9.0pt
warning: paper:55:  -> ntxsym
warning: paper:55: Requested font "ntxsyc" at 9.0pt
warning: paper:55:  -> ntxsyc
warning: paper:55: Requested font "ntxexa" at 9.0pt
warning: paper:55:  -> ntxexa
warning: paper:55: Requested font "[LinLibertine_RI.otf]/OT:script=latn;language=dflt;+tnum;+lnum;mapping=tex-text;" at 7.0pt
warning: paper:55: Requested font "[LinLibertine_RB.otf]/OT:script=latn;language=dflt;+tnum;+lnum;mapping=tex-text;" at 10.95pt
warning: paper:55: Underfull \hbox (badness 3009) in paragraph at lines 55--55
warning: paper:55: Underfull \hbox (badness 1577) in paragraph at lines 55--55
warning: paper:55: Underfull \hbox (badness 4819) in paragraph at lines 55--55
warning: paper:55: Underfull \hbox (badness 1210) in paragraph at lines 55--55
warning: paper:55: Underfull \hbox (badness 1852) in paragraph at lines 55--55
warning: paper:55: Underfull \hbox (badness 2027) in paragraph at lines 55--55
warning: paper:55: Underfull \hbox (badness 3118) in paragraph at lines 55--55
warning: paper:55: Underfull \hbox (badness 1365) in paragraph at lines 55--55
warning: paper:55: Requested font "[LinLibertine_RI.otf]/OT:script=latn;language=dflt;+tnum;+lnum;mapping=tex-text;" at 9.0pt
warning: paper:55: Requested font "[LinLibertine_R.otf]/OT:script=latn;language=dflt;+tnum;+lnum;mapping=tex-text;" at 8.0pt
warning: paper:55: Requested font "[LinLibertine_RB.otf]/OT:script=latn;language=dflt;+tnum;+lnum;mapping=tex-text;" at 8.0pt
warning: paper:55: Requested font "[LinLibertine_RI.otf]/OT:script=latn;language=dflt;+tnum;+lnum;mapping=tex-text;" at 8.0pt
warning: paper:59: Underfull \hbox (badness 1527) in paragraph at lines 58--59
warning: paper:59: Underfull \hbox (badness 3168) in paragraph at lines 58--59
warning: paper:59: Underfull \hbox (badness 1565) in paragraph at lines 58--59
warning: paper:61: Underfull \hbox (badness 1377) in paragraph at lines 60--61
warning: paper:61: Underfull \hbox (badness 1371) in paragraph at lines 60--61
warning: paper:61: Underfull \hbox (badness 1142) in paragraph at lines 60--61
warning: paper:61: Underfull \hbox (badness 1960) in paragraph at lines 60--61
warning: related-work:3: Underfull \hbox (badness 1831) in paragraph at lines 2--3
warning: related-work:5: Underfull \hbox (badness 2142) in paragraph at lines 4--5
warning: related-work:5: Underfull \hbox (badness 3895) in paragraph at lines 4--5
warning: related-work:5: Underfull \hbox (badness 1337) in paragraph at lines 4--5
warning: related-work:5: Underfull \hbox (badness 1242) in paragraph at lines 4--5
warning: related-work:7: Underfull \hbox (badness 1642) in paragraph at lines 6--7
warning: related-work:7: Underfull \hbox (badness 1270) in paragraph at lines 6--7
warning: related-work:7: Underfull \vbox (badness 10000) has occurred while \output is active
warning: related-work:14: Underfull \hbox (badness 1902) in paragraph at lines 13--14
warning: related-work:19: Requested font "MinLibReg-ot1" at 8.0pt
warning: related-work:19:  -> MinLibReg-ot1
warning: related-work:19: Requested font "MinLibReg-ot1" at 6.2pt
warning: related-work:19:  -> MinLibReg-ot1
warning: related-work:19: Requested font "nxlmi7" at 8.0pt
warning: related-work:19:  -> nxlmi7
warning: related-work:19: Requested font "nxlmi5" at 6.2pt
warning: related-work:19:  -> nxlmi5
warning: related-work:19: Requested font "ntxsy7" at 8.0pt
warning: related-work:19:  -> ntxsy7
warning: related-work:19: Requested font "ntxsy5" at 6.2pt
warning: related-work:19:  -> ntxsy5
warning: related-work:19: Requested font "ntxexx" at 8.0pt
warning: related-work:19:  -> ntxexx
warning: related-work:19: Requested font "ntxexx" at 6.2pt
warning: related-work:19:  -> ntxexx
warning: related-work:19: Requested font "msam10" at 8.0pt
warning: related-work:19:  -> msam10
warning: related-work:19: Requested font "msam7" at 6.2pt
warning: related-work:19:  -> msam7
warning: related-work:19: Requested font "msbm10" at 8.0pt
warning: related-work:19:  -> msbm10
warning: related-work:19: Requested font "msbm7" at 6.2pt
warning: related-work:19:  -> msbm7
warning: related-work:19: Requested font "nxlmia" at 8.0pt
warning: related-work:19:  -> nxlmia
warning: related-work:19: Requested font "nxlmia" at 6.2pt
warning: related-work:19:  -> nxlmia
warning: related-work:19: Requested font "ntxsym" at 8.0pt
warning: related-work:19:  -> ntxsym
warning: related-work:19: Requested font "ntxsym" at 6.2pt
warning: related-work:19:  -> ntxsym
warning: related-work:19: Requested font "ntxsyc" at 8.0pt
warning: related-work:19:  -> ntxsyc
warning: related-work:19: Requested font "ntxsyc" at 6.2pt
warning: related-work:19:  -> ntxsyc
warning: related-work:19: Requested font "ntxexa" at 8.0pt
warning: related-work:19:  -> ntxexa
warning: related-work:19: Requested font "ntxexa" at 6.2pt
warning: related-work:19:  -> ntxexa
warning: related-work:22: Underfull \hbox (badness 4341) in paragraph at lines 22--22
warning: related-work:23: Underfull \hbox (badness 10000) in paragraph at lines 22--23
warning: related-work:23: Underfull \hbox (badness 10000) in paragraph at lines 22--23
warning: related-work:23: Underfull \hbox (badness 10000) in paragraph at lines 23--23
warning: related-work:24: Underfull \hbox (badness 2343) in paragraph at lines 23--24
warning: related-work:24: Underfull \hbox (badness 10000) in paragraph at lines 24--24
warning: related-work:24: Underfull \hbox (badness 10000) in paragraph at lines 24--24
warning: related-work:24: Underfull \hbox (badness 10000) in paragraph at lines 24--24
warning: related-work:25: Underfull \hbox (badness 10000) in paragraph at lines 24--25
warning: related-work:25: Underfull \hbox (badness 10000) in paragraph at lines 24--25
warning: related-work:25: Underfull \hbox (badness 10000) in paragraph at lines 25--25
warning: related-work:25: Underfull \hbox (badness 10000) in paragraph at lines 25--25
warning: paper:65: Underfull \hbox (badness 3168) in paragraph at lines 29--65
warning: paper:68: Underfull \vbox (badness 1552) has occurred while \output is active
warning: paper:93: Underfull \hbox (badness 2961) in paragraph at lines 92--93
warning: paper:93: Requested font "[LinBiolinum_R.otf]/OT:script=latn;language=dflt;+tnum;+lnum;mapping=tex-text;" at 9.0pt
warning: paper:93: Requested font "[LinBiolinum_R.otf]/OT:script=latn;language=dflt;+tnum;+lnum;mapping=tex-text;" at 7.0pt
warning: paper:116: Underfull \hbox (badness 1281) in paragraph at lines 115--116
warning: paper:116: Underfull \hbox (badness 1199) in paragraph at lines 115--116
warning: paper:118: Underfull \hbox (badness 1661) in paragraph at lines 117--118
warning: paper:122: Underfull \vbox (badness 10000) has occurred while \output is active
warning: paper:125: Underfull \hbox (badness 1418) in paragraph at lines 124--125
warning: paper:125: Underfull \hbox (badness 6559) in paragraph at lines 124--125
warning: paper:125: Underfull \hbox (badness 4378) in paragraph at lines 124--125
warning: paper:131: Underfull \hbox (badness 10000) in paragraph at lines 130--131
warning: paper:131: Underfull \hbox (badness 1253) in paragraph at lines 130--131
warning: paper:134: Underfull \vbox (badness 10000) has occurred while \output is active
warning: paper:136: Underfull \hbox (badness 1028) in paragraph at lines 135--136
warning: paper:136: Underfull \hbox (badness 2326) in paragraph at lines 135--136
warning: paper:136: Underfull \hbox (badness 1226) in paragraph at lines 135--136
warning: paper:136: Underfull \hbox (badness 1082) in paragraph at lines 135--136
warning: paper:138: Underfull \hbox (badness 5288) in paragraph at lines 137--138
warning: paper:138: Underfull \hbox (badness 1430) in paragraph at lines 137--138
warning: paper:138: Underfull \hbox (badness 7576) in paragraph at lines 137--138
warning: paper:138: Underfull \hbox (badness 3088) in paragraph at lines 137--138
warning: paper:140: Underfull \hbox (badness 2828) in paragraph at lines 139--140
warning: paper:140: Underfull \hbox (badness 1888) in paragraph at lines 139--140
warning: paper:142: Underfull \hbox (badness 1648) in paragraph at lines 141--142
warning: paper:145: Underfull \hbox (badness 1946) in paragraph at lines 144--145
warning: paper:145: Underfull \hbox (badness 2293) in paragraph at lines 144--145
warning: paper:145: Underfull \hbox (badness 2359) in paragraph at lines 144--145
warning: paper:145: Underfull \vbox (badness 10000) has occurred while \output is active
warning: iciit2027-compact.bbl:269: Underfull \vbox (badness 10000) has occurred while \output is active
note: Rerunning TeX because "iciit2027-compact.out" changed ...
warning: libertine.sty:308: 
Requested font "[LinLibertine_R.otf]/OT" at 8.99997pt
warning: libertine.sty:308: Requested font "[LinLibertine_R.otf]/OT" at 9.00003pt
warning: libertine.sty:308: Requested font "[LinLibertine_R.otf]/OT:script=latn;language=dflt;" at 9.00003pt
warning: libertine.sty:308: Requested font "[LinLibertine_RB.otf]/OT:script=latn;language=dflt;" at 9.00003pt
warning: libertine.sty:308: Requested font "[LinLibertine_RI.otf]/OT:script=latn;language=dflt;" at 9.00003pt
warning: libertine.sty:308: Requested font "[LinLibertine_RBI.otf]/OT:script=latn;language=dflt;" at 9.00003pt
warning: libertine.sty:308: Requested font "[LinLibertine_R.otf]/OT:script=latn;language=dflt;+tnum;+lnum;mapping=tex-text;" at 9.0pt
warning: libertine.sty:319: Requested font "[LinBiolinum_R.otf]/OT" at 8.99997pt
warning: libertine.sty:319: Requested font "[LinBiolinum_R.otf]/OT" at 9.00003pt
warning: libertine.sty:319: Requested font "[LinBiolinum_R.otf]/OT:script=latn;language=dflt;" at 9.00003pt
warning: libertine.sty:319: Requested font "[LinBiolinum_RB.otf]/OT:script=latn;language=dflt;" at 9.00003pt
warning: libertine.sty:319: Requested font "[LinBiolinum_RI.otf]/OT:script=latn;language=dflt;" at 9.00003pt
warning: libertine.sty:319: Requested font "[LinBiolinum_RBO.otf]/OT:script=latn;language=dflt;" at 9.00003pt
warning: libertine.sty:338: Requested font "[LinLibertine_RZ.otf]/OT" at 8.99997pt
warning: libertine.sty:338: Requested font "[LinLibertine_RZ.otf]/OT" at 9.00003pt
warning: libertine.sty:338: Requested font "[LinLibertine_RZ.otf]/OT:script=latn;language=dflt;" at 9.00003pt
warning: libertine.sty:338: Requested font "[LinLibertine_RZI.otf]/OT:script=latn;language=dflt;" at 9.00003pt
warning: libertine.sty:361: Requested font "[LinLibertine_DR.otf]/OT" at 8.99997pt
warning: libertine.sty:361: Requested font "[LinLibertine_DR.otf]/OT" at 9.00003pt
warning: libertine.sty:361: Requested font "[LinLibertine_DR.otf]/OT:script=latn;language=dflt;" at 9.00003pt
warning: libertine.sty:435: Requested font "[LinLibertine_M.otf]/OT" at 8.99997pt
warning: libertine.sty:435: Requested font "[LinLibertine_M.otf]/OT" at 9.00003pt
warning: libertine.sty:435: Requested font "[LinLibertine_M.otf]/OT:script=latn;language=dflt;" at 9.00003pt
warning: libertine.sty:435: Requested font "[LinLibertine_MB.otf]/OT:script=latn;language=dflt;" at 9.00003pt
warning: libertine.sty:435: Requested font "[LinLibertine_MO.otf]/OT:script=latn;language=dflt;" at 9.00003pt
warning: libertine.sty:435: Requested font "[LinLibertine_MBO.otf]/OT:script=latn;language=dflt;" at 9.00003pt
warning: libertine.sty:436: Requested font "[LinBiolinum_K.otf]/OT" at 8.99997pt
warning: libertine.sty:436: Requested font "[LinBiolinum_K.otf]/OT" at 9.00003pt
warning: libertine.sty:436: Requested font "[LinBiolinum_K.otf]/OT:script=latn;language=dflt;" at 9.00003pt
warning: libertine.sty:437: Requested font "[LinLibertine_I.otf]/OT" at 8.99997pt
warning: libertine.sty:437: Requested font "[LinLibertine_I.otf]/OT" at 9.00003pt
warning: libertine.sty:437: Requested font "[LinLibertine_I.otf]/OT:script=latn;language=dflt;" at 9.00003pt
warning: acmart.cls:868: 
Requested font "[Inconsolatazi4-Regular.otf]/OT" at 8.99997pt
warning: acmart.cls:868: Requested font "[Inconsolatazi4-Regular.otf]/OT" at 9.00003pt
warning: acmart.cls:868: Requested font "[Inconsolatazi4-Regular.otf]/OT:script=latn;language=dflt;" at 9.00003pt
warning: acmart.cls:868: Requested font "[Inconsolatazi4-Bold.otf]/OT:script=latn;language=dflt;" at 9.00003pt
warning: paper:20: Requested font "[LinLibertine_R.otf]/OT:script=latn;language=dflt;+tnum;+lnum;mapping=tex-text;" at 7.0pt
warning: paper:20: 
Requested font "MinLibReg-ot1" at 7.3pt
warning: paper:20:  -> MinLibReg-ot1
warning: paper:20: Requested font "MinLibReg-ot1" at 5.5pt
warning: paper:20:  -> MinLibReg-ot1
warning: paper:20: Requested font "nxlmi7" at 7.3pt
warning: paper:20:  -> nxlmi7
warning: paper:20: Requested font "nxlmi5" at 5.5pt
warning: paper:20:  -> nxlmi5
warning: paper:20: Requested font "ntxsy7" at 7.3pt
warning: paper:20:  -> ntxsy7
warning: paper:20: Requested font "ntxsy5" at 5.5pt
warning: paper:20:  -> ntxsy5
warning: paper:20: Requested font "ntxexx" at 7.3pt
warning: paper:20:  -> ntxexx
warning: paper:20: Requested font "ntxexx" at 5.5pt
warning: paper:20:  -> ntxexx
warning: paper:20: 
Requested font "msam7" at 7.3pt
warning: paper:20:  -> msam7
warning: paper:20: Requested font "msam5" at 5.5pt
warning: paper:20:  -> msam5
warning: paper:20: 
Requested font "msbm7" at 7.3pt
warning: paper:20:  -> msbm7
warning: paper:20: Requested font "msbm5" at 5.5pt
warning: paper:20:  -> msbm5
warning: paper:20: 
Requested font "nxlmia" at 7.3pt
warning: paper:20:  -> nxlmia
warning: paper:20: Requested font "nxlmia" at 5.5pt
warning: paper:20:  -> nxlmia
warning: paper:20: 
Requested font "ntxsym" at 7.3pt
warning: paper:20:  -> ntxsym
warning: paper:20: Requested font "ntxsym" at 5.5pt
warning: paper:20:  -> ntxsym
warning: paper:20: 
Requested font "ntxsyc" at 7.3pt
warning: paper:20:  -> ntxsyc
warning: paper:20: Requested font "ntxsyc" at 5.5pt
warning: paper:20:  -> ntxsyc
warning: paper:20: Requested font "ntxexa" at 7.3pt
warning: paper:20:  -> ntxexa
warning: paper:20: Requested font "ntxexa" at 5.5pt
warning: paper:20:  -> ntxexa
warning: paper:55: Requested font "[LinLibertine_R.otf]/OT:script=latn;language=dflt;+tnum;+lnum;mapping=tex-text;" at 17.28pt
warning: paper:55: Requested font "[LinBiolinum_R.otf]/OT:script=latn;language=dflt;+tnum;+lnum;mapping=tex-text;" at 17.28pt
warning: paper:55: Requested font "[LinBiolinum_RB.otf]/OT:script=latn;language=dflt;+tnum;+lnum;mapping=tex-text;" at 17.28pt
warning: paper:55: Requested font "[LinLibertine_R.otf]/OT:script=latn;language=dflt;+tnum;+lnum;mapping=tex-text;" at 10.0pt
warning: paper:55: Requested font "MinLibReg-ot1" at 10.0pt
warning: paper:55:  -> MinLibReg-ot1
warning: paper:55: Requested font "nxlmi" at 10.0pt
warning: paper:55:  -> nxlmi
warning: paper:55: Requested font "ntxsy" at 10.0pt
warning: paper:55:  -> ntxsy
warning: paper:55: Requested font "ntxexx" at 10.0pt
warning: paper:55:  -> ntxexx
warning: paper:55: Requested font "msam10" at 10.0pt
warning: paper:55:  -> msam10
warning: paper:55: 
Requested font "msbm10" at 10.0pt
warning: paper:55:  -> msbm10
warning: paper:55: 
Requested font "nxlmia" at 10.0pt
warning: paper:55:  -> nxlmia
warning: paper:55: Requested font "ntxsym" at 10.0pt
warning: paper:55:  -> ntxsym
warning: paper:55: Requested font "ntxsyc" at 10.0pt
warning: paper:55:  -> ntxsyc
warning: paper:55: Requested font "ntxexa" at 10.0pt
warning: paper:55:  -> ntxexa
warning: paper:55: Requested font "[LinLibertine_R.otf]/OT:script=latn;language=dflt;+tnum;+lnum;mapping=tex-text;" at 7.3pt
warning: paper:55: Requested font "[Inconsolatazi4-Regular.otf]/OT:script=latn;language=dflt;+ss03;" at 9.0pt
warning: paper:55: Requested font "[Inconsolatazi4-Bold.otf]/OT:script=latn;language=dflt;+ss03;" at 9.0pt
warning: paper:55: Requested font "[LinLibertine_RB.otf]/OT:script=latn;language=dflt;+tnum;+lnum;mapping=tex-text;" at 9.0pt
warning: paper:55: Requested font "MinLibReg-ot1" at 9.0pt
warning: paper:55:  -> MinLibReg-ot1
warning: paper:55: Requested font "nxlmi" at 9.0pt
warning: paper:55:  -> nxlmi
warning: paper:55: Requested font "ntxsy" at 9.0pt
warning: paper:55:  -> ntxsy
warning: paper:55: Requested font "ntxexx" at 9.0pt
warning: paper:55:  -> ntxexx
warning: paper:55: Requested font "msam10" at 9.0pt
warning: paper:55:  -> msam10
warning: paper:55: Requested font "msbm10" at 9.0pt
warning: paper:55:  -> msbm10
warning: paper:55: Requested font "nxlmia" at 9.0pt
warning: paper:55:  -> nxlmia
warning: paper:55: Requested font "ntxsym" at 9.0pt
warning: paper:55:  -> ntxsym
warning: paper:55: Requested font "ntxsyc" at 9.0pt
warning: paper:55:  -> ntxsyc
warning: paper:55: Requested font "ntxexa" at 9.0pt
warning: paper:55:  -> ntxexa
warning: paper:55: Requested font "[LinLibertine_RI.otf]/OT:script=latn;language=dflt;+tnum;+lnum;mapping=tex-text;" at 7.0pt
warning: paper:55: Requested font "[LinLibertine_RB.otf]/OT:script=latn;language=dflt;+tnum;+lnum;mapping=tex-text;" at 10.95pt
warning: paper:55: Underfull \hbox (badness 3009) in paragraph at lines 55--55
warning: paper:55: Underfull \hbox (badness 1577) in paragraph at lines 55--55
warning: paper:55: Underfull \hbox (badness 4819) in paragraph at lines 55--55
warning: paper:55: Underfull \hbox (badness 1210) in paragraph at lines 55--55
warning: paper:55: Underfull \hbox (badness 1852) in paragraph at lines 55--55
warning: paper:55: Underfull \hbox (badness 2027) in paragraph at lines 55--55
warning: paper:55: Underfull \hbox (badness 3118) in paragraph at lines 55--55
warning: paper:55: Underfull \hbox (badness 1365) in paragraph at lines 55--55
warning: paper:55: Requested font "[LinLibertine_RI.otf]/OT:script=latn;language=dflt;+tnum;+lnum;mapping=tex-text;" at 9.0pt
warning: paper:55: Requested font "[LinLibertine_R.otf]/OT:script=latn;language=dflt;+tnum;+lnum;mapping=tex-text;" at 8.0pt
warning: paper:55: Requested font "[LinLibertine_RB.otf]/OT:script=latn;language=dflt;+tnum;+lnum;mapping=tex-text;" at 8.0pt
warning: paper:55: Requested font "[LinLibertine_RI.otf]/OT:script=latn;language=dflt;+tnum;+lnum;mapping=tex-text;" at 8.0pt
warning: paper:59: Underfull \hbox (badness 1527) in paragraph at lines 58--59
warning: paper:59: Underfull \hbox (badness 3168) in paragraph at lines 58--59
warning: paper:59: Underfull \hbox (badness 1565) in paragraph at lines 58--59
warning: paper:61: Underfull \hbox (badness 1377) in paragraph at lines 60--61
warning: paper:61: Underfull \hbox (badness 1371) in paragraph at lines 60--61
warning: paper:61: Underfull \hbox (badness 1142) in paragraph at lines 60--61
warning: paper:61: Underfull \hbox (badness 1960) in paragraph at lines 60--61
warning: related-work:3: Underfull \hbox (badness 1831) in paragraph at lines 2--3
warning: related-work:5: Underfull \hbox (badness 2142) in paragraph at lines 4--5
warning: related-work:5: Underfull \hbox (badness 4752) in paragraph at lines 4--5
warning: related-work:5: Underfull \hbox (badness 2671) in paragraph at lines 4--5
warning: related-work:5: Underfull \hbox (badness 1910) in paragraph at lines 4--5
warning: related-work:7: Underfull \hbox (badness 1642) in paragraph at lines 6--7
warning: related-work:7: Underfull \hbox (badness 1215) in paragraph at lines 6--7
warning: related-work:7: Underfull \vbox (badness 10000) has occurred while \output is active
warning: related-work:9: Underfull \hbox (badness 5490) in paragraph at lines 8--9
warning: related-work:9: Underfull \hbox (badness 6380) in paragraph at lines 8--9
warning: related-work:9: Underfull \hbox (badness 1377) in paragraph at lines 8--9
warning: related-work:14: Underfull \hbox (badness 1902) in paragraph at lines 13--14
warning: related-work:19: Requested font "MinLibReg-ot1" at 8.0pt
warning: related-work:19:  -> MinLibReg-ot1
warning: related-work:19: Requested font "MinLibReg-ot1" at 6.2pt
warning: related-work:19:  -> MinLibReg-ot1
warning: related-work:19: Requested font "nxlmi7" at 8.0pt
warning: related-work:19:  -> nxlmi7
warning: related-work:19: Requested font "nxlmi5" at 6.2pt
warning: related-work:19:  -> nxlmi5
warning: related-work:19: Requested font "ntxsy7" at 8.0pt
warning: related-work:19:  -> ntxsy7
warning: related-work:19: Requested font "ntxsy5" at 6.2pt
warning: related-work:19:  -> ntxsy5
warning: related-work:19: Requested font "ntxexx" at 8.0pt
warning: related-work:19:  -> ntxexx
warning: related-work:19: Requested font "ntxexx" at 6.2pt
warning: related-work:19:  -> ntxexx
warning: related-work:19: Requested font "msam10" at 8.0pt
warning: related-work:19:  -> msam10
warning: related-work:19: Requested font "msam7" at 6.2pt
warning: related-work:19:  -> msam7
warning: related-work:19: Requested font "msbm10" at 8.0pt
warning: related-work:19:  -> msbm10
warning: related-work:19: Requested font "msbm7" at 6.2pt
warning: related-work:19:  -> msbm7
warning: related-work:19: Requested font "nxlmia" at 8.0pt
warning: related-work:19:  -> nxlmia
warning: related-work:19: Requested font "nxlmia" at 6.2pt
warning: related-work:19:  -> nxlmia
warning: related-work:19: Requested font "ntxsym" at 8.0pt
warning: related-work:19:  -> ntxsym
warning: related-work:19: Requested font "ntxsym" at 6.2pt
warning: related-work:19:  -> ntxsym
warning: related-work:19: Requested font "ntxsyc" at 8.0pt
warning: related-work:19:  -> ntxsyc
warning: related-work:19: Requested font "ntxsyc" at 6.2pt
warning: related-work:19:  -> ntxsyc
warning: related-work:19: Requested font "ntxexa" at 8.0pt
warning: related-work:19:  -> ntxexa
warning: related-work:19: Requested font "ntxexa" at 6.2pt
warning: related-work:19:  -> ntxexa
warning: related-work:22: Underfull \hbox (badness 4341) in paragraph at lines 22--22
warning: related-work:23: Underfull \hbox (badness 10000) in paragraph at lines 22--23
warning: related-work:23: Underfull \hbox (badness 10000) in paragraph at lines 22--23
warning: related-work:23: Underfull \hbox (badness 10000) in paragraph at lines 23--23
warning: related-work:24: Underfull \hbox (badness 2343) in paragraph at lines 23--24
warning: related-work:24: Underfull \hbox (badness 10000) in paragraph at lines 24--24
warning: related-work:24: Underfull \hbox (badness 10000) in paragraph at lines 24--24
warning: related-work:24: Underfull \hbox (badness 10000) in paragraph at lines 24--24
warning: related-work:25: Underfull \hbox (badness 10000) in paragraph at lines 24--25
warning: related-work:25: Underfull \hbox (badness 10000) in paragraph at lines 24--25
warning: related-work:25: Underfull \hbox (badness 10000) in paragraph at lines 25--25
warning: related-work:25: Underfull \hbox (badness 10000) in paragraph at lines 25--25
warning: paper:65: Underfull \hbox (badness 3168) in paragraph at lines 29--65
warning: paper:68: Underfull \vbox (badness 1552) has occurred while \output is active
warning: paper:93: Underfull \hbox (badness 2961) in paragraph at lines 92--93
warning: paper:93: Requested font "[LinBiolinum_R.otf]/OT:script=latn;language=dflt;+tnum;+lnum;mapping=tex-text;" at 9.0pt
warning: paper:93: Requested font "[LinBiolinum_R.otf]/OT:script=latn;language=dflt;+tnum;+lnum;mapping=tex-text;" at 7.0pt
warning: paper:116: Underfull \hbox (badness 1281) in paragraph at lines 115--116
warning: paper:116: Underfull \hbox (badness 1199) in paragraph at lines 115--116
warning: paper:118: Underfull \hbox (badness 1661) in paragraph at lines 117--118
warning: paper:122: Underfull \vbox (badness 10000) has occurred while \output is active
warning: paper:125: Underfull \hbox (badness 1418) in paragraph at lines 124--125
warning: paper:125: Underfull \hbox (badness 6559) in paragraph at lines 124--125
warning: paper:125: Underfull \hbox (badness 4378) in paragraph at lines 124--125
warning: paper:131: Underfull \hbox (badness 10000) in paragraph at lines 130--131
warning: paper:131: Underfull \hbox (badness 1253) in paragraph at lines 130--131
warning: paper:134: Underfull \vbox (badness 10000) has occurred while \output is active
warning: paper:136: Underfull \hbox (badness 1028) in paragraph at lines 135--136
warning: paper:136: Underfull \hbox (badness 2326) in paragraph at lines 135--136
warning: paper:136: Underfull \hbox (badness 1226) in paragraph at lines 135--136
warning: paper:136: Underfull \hbox (badness 1082) in paragraph at lines 135--136
warning: paper:138: Underfull \hbox (badness 5288) in paragraph at lines 137--138
warning: paper:138: Underfull \hbox (badness 1430) in paragraph at lines 137--138
warning: paper:138: Underfull \hbox (badness 7576) in paragraph at lines 137--138
warning: paper:138: Underfull \hbox (badness 3088) in paragraph at lines 137--138
warning: paper:140: Underfull \hbox (badness 2828) in paragraph at lines 139--140
warning: paper:140: Underfull \hbox (badness 1888) in paragraph at lines 139--140
warning: paper:142: Underfull \hbox (badness 1648) in paragraph at lines 141--142
warning: paper:145: Underfull \hbox (badness 1946) in paragraph at lines 144--145
warning: paper:145: Underfull \hbox (badness 2293) in paragraph at lines 144--145
warning: paper:145: Underfull \hbox (badness 2359) in paragraph at lines 144--145
warning: paper:145: Underfull \vbox (badness 10000) has occurred while \output is active
warning: iciit2027-compact.bbl:269: Underfull \vbox (badness 10000) has occurred while \output is active
warning: warnings were issued by the TeX engine; use --print and/or --keep-logs for details.
note: Running xdvipdfmx ...
note: Writing `iciit2027-compact.pdf` (111.814453125 KiB)
note: Writing `iciit2027-compact.blg` (849 B)
note: Skipped writing 4 intermediate files (use --keep-intermediates to keep them)
