note: Running TeX ...
warning: libertine.sty:308: 
Requested font "[LinLibertine_R.otf]/OT" at 8.99997pt
warning: libertine.sty:308: Requested font "[LinLibertine_R.otf]/OT" at 9.00003pt
warning: libertine.sty:308: Requested font "[LinLibertine_R.otf]/OT:script=latn;language=dflt;" at 9.00003pt
warning: libertine.sty:308: Requested font "[LinLibertine_RB.otf]/OT:script=latn;language=dflt;" at 9.00003pt
warning: libertine.sty:308: Requested font "[LinLibertine_RI.otf]/OT:script=latn;language=dflt;" at 9.00003pt
warning: libertine.sty:308: Requested font "[LinLibertine_RBI.otf]/OT:script=latn;language=dflt;" at 9.00003pt
warning: libertine.sty:308: Requested font "[LinLibertine_R.otf]/OT:script=latn;language=dflt;+tnum;+lnum;mapping=tex-text;" at 9.0pt
warning: libertine.sty:319: Requested font "[LinBiolinum_R.otf]/OT" at 8.99997pt
warning: libertine.sty:319: Requested font "[LinBiolinum_R.otf]/OT" at 9.00003pt
warning: libertine.sty:319: Requested font "[LinBiolinum_R.otf]/OT:script=latn;language=dflt;" at 9.00003pt
warning: libertine.sty:319: Requested font "[LinBiolinum_RB.otf]/OT:script=latn;language=dflt;" at 9.00003pt
warning: libertine.sty:319: Requested font "[LinBiolinum_RI.otf]/OT:script=latn;language=dflt;" at 9.00003pt
warning: libertine.sty:319: Requested font "[LinBiolinum_RBO.otf]/OT:script=latn;language=dflt;" at 9.00003pt
warning: libertine.sty:338: Requested font "[LinLibertine_RZ.otf]/OT" at 8.99997pt
warning: libertine.sty:338: Requested font "[LinLibertine_RZ.otf]/OT" at 9.00003pt
warning: libertine.sty:338: Requested font "[LinLibertine_RZ.otf]/OT:script=latn;language=dflt;" at 9.00003pt
warning: libertine.sty:338: Requested font "[LinLibertine_RZI.otf]/OT:script=latn;language=dflt;" at 9.00003pt
warning: libertine.sty:361: Requested font "[LinLibertine_DR.otf]/OT" at 8.99997pt
warning: libertine.sty:361: Requested font "[LinLibertine_DR.otf]/OT" at 9.00003pt
warning: libertine.sty:361: Requested font "[LinLibertine_DR.otf]/OT:script=latn;language=dflt;" at 9.00003pt
warning: libertine.sty:435: Requested font "[LinLibertine_M.otf]/OT" at 8.99997pt
warning: libertine.sty:435: Requested font "[LinLibertine_M.otf]/OT" at 9.00003pt
warning: libertine.sty:435: Requested font "[LinLibertine_M.otf]/OT:script=latn;language=dflt;" at 9.00003pt
warning: libertine.sty:435: Requested font "[LinLibertine_MB.otf]/OT:script=latn;language=dflt;" at 9.00003pt
warning: libertine.sty:435: Requested font "[LinLibertine_MO.otf]/OT:script=latn;language=dflt;" at 9.00003pt
warning: libertine.sty:435: Requested font "[LinLibertine_MBO.otf]/OT:script=latn;language=dflt;" at 9.00003pt
warning: libertine.sty:436: Requested font "[LinBiolinum_K.otf]/OT" at 8.99997pt
warning: libertine.sty:436: Requested font "[LinBiolinum_K.otf]/OT" at 9.00003pt
warning: libertine.sty:436: Requested font "[LinBiolinum_K.otf]/OT:script=latn;language=dflt;" at 9.00003pt
warning: libertine.sty:437: Requested font "[LinLibertine_I.otf]/OT" at 8.99997pt
warning: libertine.sty:437: Requested font "[LinLibertine_I.otf]/OT" at 9.00003pt
warning: libertine.sty:437: Requested font "[LinLibertine_I.otf]/OT:script=latn;language=dflt;" at 9.00003pt
warning: acmart.cls:868: 
Requested font "[Inconsolatazi4-Regular.otf]/OT" at 8.99997pt
warning: acmart.cls:868: Requested font "[Inconsolatazi4-Regular.otf]/OT" at 9.00003pt
warning: acmart.cls:868: Requested font "[Inconsolatazi4-Regular.otf]/OT:script=latn;language=dflt;" at 9.00003pt
warning: acmart.cls:868: Requested font "[Inconsolatazi4-Bold.otf]/OT:script=latn;language=dflt;" at 9.00003pt
warning: paper:17: Requested font "[LinLibertine_R.otf]/OT:script=latn;language=dflt;+tnum;+lnum;mapping=tex-text;" at 7.0pt
warning: paper:17: 
Requested font "MinLibReg-ot1" at 7.3pt
warning: paper:17:  -> MinLibReg-ot1
warning: paper:17: Requested font "MinLibReg-ot1" at 5.5pt
warning: paper:17:  -> MinLibReg-ot1
warning: paper:17: Requested font "nxlmi7" at 7.3pt
warning: paper:17:  -> nxlmi7
warning: paper:17: Requested font "nxlmi5" at 5.5pt
warning: paper:17:  -> nxlmi5
warning: paper:17: Requested font "ntxsy7" at 7.3pt
warning: paper:17:  -> ntxsy7
warning: paper:17: Requested font "ntxsy5" at 5.5pt
warning: paper:17:  -> ntxsy5
warning: paper:17: Requested font "ntxexx" at 7.3pt
warning: paper:17:  -> ntxexx
warning: paper:17: Requested font "ntxexx" at 5.5pt
warning: paper:17:  -> ntxexx
warning: paper:17: 
Requested font "msam7" at 7.3pt
warning: paper:17:  -> msam7
warning: paper:17: Requested font "msam5" at 5.5pt
warning: paper:17:  -> msam5
warning: paper:17: 
Requested font "msbm7" at 7.3pt
warning: paper:17:  -> msbm7
warning: paper:17: Requested font "msbm5" at 5.5pt
warning: paper:17:  -> msbm5
warning: paper:17: 
Requested font "nxlmia" at 7.3pt
warning: paper:17:  -> nxlmia
warning: paper:17: Requested font "nxlmia" at 5.5pt
warning: paper:17:  -> nxlmia
warning: paper:17: 
Requested font "ntxsym" at 7.3pt
warning: paper:17:  -> ntxsym
warning: paper:17: Requested font "ntxsym" at 5.5pt
warning: paper:17:  -> ntxsym
warning: paper:17: 
Requested font "ntxsyc" at 7.3pt
warning: paper:17:  -> ntxsyc
warning: paper:17: Requested font "ntxsyc" at 5.5pt
warning: paper:17:  -> ntxsyc
warning: paper:17: Requested font "ntxexa" at 7.3pt
warning: paper:17:  -> ntxexa
warning: paper:17: Requested font "ntxexa" at 5.5pt
warning: paper:17:  -> ntxexa
warning: paper:52: Requested font "[LinLibertine_R.otf]/OT:script=latn;language=dflt;+tnum;+lnum;mapping=tex-text;" at 17.28pt
warning: paper:52: Requested font "[LinBiolinum_R.otf]/OT:script=latn;language=dflt;+tnum;+lnum;mapping=tex-text;" at 17.28pt
warning: paper:52: Requested font "[LinBiolinum_RB.otf]/OT:script=latn;language=dflt;+tnum;+lnum;mapping=tex-text;" at 17.28pt
warning: paper:52: Requested font "[LinLibertine_R.otf]/OT:script=latn;language=dflt;+tnum;+lnum;mapping=tex-text;" at 12.0pt
warning: paper:52: Requested font "[LinLibertine_R.otf]/OT:script=latn;language=dflt;+tnum;+lnum;mapping=tex-text;" at 10.0pt
warning: paper:52: Requested font "[LinLibertine_RI.otf]/OT:script=latn;language=dflt;+tnum;+lnum;mapping=tex-text;" at 7.0pt
warning: paper:52: Requested font "[LinLibertine_RB.otf]/OT:script=latn;language=dflt;+tnum;+lnum;mapping=tex-text;" at 9.0pt
warning: paper:52: Requested font "[LinLibertine_RB.otf]/OT:script=latn;language=dflt;+tnum;+lnum;mapping=tex-text;" at 10.95pt
warning: paper:52: Requested font "MinLibReg-ot1" at 9.0pt
warning: paper:52:  -> MinLibReg-ot1
warning: paper:52: Requested font "nxlmi" at 9.0pt
warning: paper:52:  -> nxlmi
warning: paper:52: Requested font "ntxsy" at 9.0pt
warning: paper:52:  -> ntxsy
warning: paper:52: Requested font "ntxexx" at 9.0pt
warning: paper:52:  -> ntxexx
warning: paper:52: Requested font "msam10" at 9.0pt
warning: paper:52:  -> msam10
warning: paper:52: 
Requested font "msbm10" at 9.0pt
warning: paper:52:  -> msbm10
warning: paper:52: 
Requested font "nxlmia" at 9.0pt
warning: paper:52:  -> nxlmia
warning: paper:52: Requested font "ntxsym" at 9.0pt
warning: paper:52:  -> ntxsym
warning: paper:52: Requested font "ntxsyc" at 9.0pt
warning: paper:52:  -> ntxsyc
warning: paper:52: Requested font "ntxexa" at 9.0pt
warning: paper:52:  -> ntxexa
warning: paper:52: Requested font "[LinLibertine_RI.otf]/OT:script=latn;language=dflt;+tnum;+lnum;mapping=tex-text;" at 9.0pt
warning: paper:59: Underfull \hbox (badness 1527) in paragraph at lines 58--59
warning: paper:59: Underfull \hbox (badness 3168) in paragraph at lines 58--59
warning: paper:59: Underfull \hbox (badness 1565) in paragraph at lines 58--59
warning: paper:61: Underfull \hbox (badness 1377) in paragraph at lines 60--61
warning: paper:61: Underfull \hbox (badness 1371) in paragraph at lines 60--61
warning: paper:61: Underfull \hbox (badness 1142) in paragraph at lines 60--61
warning: paper:61: Underfull \hbox (badness 2582) in paragraph at lines 60--61
warning: paper:61: Underfull \hbox (badness 3068) in paragraph at lines 60--61
warning: related-work:5: Underfull \hbox (badness 2142) in paragraph at lines 4--5
warning: related-work:5: Underfull \hbox (badness 3895) in paragraph at lines 4--5
warning: related-work:5: Underfull \hbox (badness 2941) in paragraph at lines 4--5
warning: related-work:5: Underfull \hbox (badness 1242) in paragraph at lines 4--5
warning: related-work:7: Underfull \hbox (badness 1642) in paragraph at lines 6--7
warning: related-work:7: Underfull \hbox (badness 1112) in paragraph at lines 6--7
warning: related-work:7: Underfull \hbox (badness 1577) in paragraph at lines 6--7
warning: paper:65: Underfull \vbox (badness 10000) has occurred while \output is active
warning: paper:79: Requested font "[LinLibertine_R.otf]/OT:script=latn;language=dflt;+tnum;+lnum;mapping=tex-text;" at 8.0pt
warning: paper:85: Requested font "MinLibReg-ot1" at 8.0pt
warning: paper:85:  -> MinLibReg-ot1
warning: paper:85: Requested font "MinLibReg-ot1" at 6.2pt
warning: paper:85:  -> MinLibReg-ot1
warning: paper:85: Requested font "nxlmi7" at 8.0pt
warning: paper:85:  -> nxlmi7
warning: paper:85: Requested font "nxlmi5" at 6.2pt
warning: paper:85:  -> nxlmi5
warning: paper:85: Requested font "ntxsy7" at 8.0pt
warning: paper:85:  -> ntxsy7
warning: paper:85: Requested font "ntxsy5" at 6.2pt
warning: paper:85:  -> ntxsy5
warning: paper:85: Requested font "ntxexx" at 8.0pt
warning: paper:85:  -> ntxexx
warning: paper:85: Requested font "ntxexx" at 6.2pt
warning: paper:85:  -> ntxexx
warning: paper:85: Requested font "msam10" at 8.0pt
warning: paper:85:  -> msam10
warning: paper:85: Requested font "msam7" at 6.2pt
warning: paper:85:  -> msam7
warning: paper:85: Requested font "msbm10" at 8.0pt
warning: paper:85:  -> msbm10
warning: paper:85: Requested font "msbm7" at 6.2pt
warning: paper:85:  -> msbm7
warning: paper:85: Requested font "nxlmia" at 8.0pt
warning: paper:85:  -> nxlmia
warning: paper:85: Requested font "nxlmia" at 6.2pt
warning: paper:85:  -> nxlmia
warning: paper:85: Requested font "ntxsym" at 8.0pt
warning: paper:85:  -> ntxsym
warning: paper:85: Requested font "ntxsym" at 6.2pt
warning: paper:85:  -> ntxsym
warning: paper:85: Requested font "ntxsyc" at 8.0pt
warning: paper:85:  -> ntxsyc
warning: paper:85: Requested font "ntxsyc" at 6.2pt
warning: paper:85:  -> ntxsyc
warning: paper:85: Requested font "ntxexa" at 8.0pt
warning: paper:85:  -> ntxexa
warning: paper:85: Requested font "ntxexa" at 6.2pt
warning: paper:85:  -> ntxexa
warning: paper:92: Requested font "[Inconsolatazi4-Regular.otf]/OT:script=latn;language=dflt;+ss03;" at 9.0pt
warning: paper:93: Underfull \hbox (badness 2961) in paragraph at lines 92--93
warning: paper:93: Underfull \vbox (badness 4279) has occurred while \output is active
warning: paper:116: Underfull \hbox (badness 1281) in paragraph at lines 115--116
warning: paper:116: Underfull \hbox (badness 1199) in paragraph at lines 115--116
warning: paper:116: Underfull \hbox (badness 2245) in paragraph at lines 115--116
warning: paper:116: Underfull \hbox (badness 5563) in paragraph at lines 115--116
warning: paper:116: Requested font "[LinBiolinum_R.otf]/OT:script=latn;language=dflt;+tnum;+lnum;mapping=tex-text;" at 9.0pt
warning: paper:116: Requested font "[LinBiolinum_R.otf]/OT:script=latn;language=dflt;+tnum;+lnum;mapping=tex-text;" at 7.0pt
warning: paper:118: Underfull \hbox (badness 1286) in paragraph at lines 117--118
warning: paper:118: Underfull \hbox (badness 1132) in paragraph at lines 117--118
warning: paper:125: Underfull \hbox (badness 1418) in paragraph at lines 124--125
warning: paper:125: Underfull \hbox (badness 10000) in paragraph at lines 124--125
warning: paper:125: Underfull \hbox (badness 3428) in paragraph at lines 124--125
warning: paper:125: Underfull \hbox (badness 1642) in paragraph at lines 124--125
warning: paper:129: Underfull \vbox (badness 4279) has occurred while \output is active
warning: paper:131: Underfull \hbox (badness 10000) in paragraph at lines 130--131
warning: paper:131: Underfull \hbox (badness 1253) in paragraph at lines 130--131
warning: paper:136: Underfull \hbox (badness 4193) in paragraph at lines 135--136
warning: paper:136: Underfull \hbox (badness 3612) in paragraph at lines 135--136
warning: paper:136: Underfull \hbox (badness 1688) in paragraph at lines 135--136
warning: paper:145: Underfull \vbox (badness 10000) has occurred while \output is active
note: Running BibTeX on iciit2027-compact-anonymous.aux ...
note: warnings were issued by BibTeX; use --print and/or --keep-logs for details.
note: Rerunning TeX because bibtex was run ...
warning: libertine.sty:308: 
Requested font "[LinLibertine_R.otf]/OT" at 8.99997pt
warning: libertine.sty:308: Requested font "[LinLibertine_R.otf]/OT" at 9.00003pt
warning: libertine.sty:308: Requested font "[LinLibertine_R.otf]/OT:script=latn;language=dflt;" at 9.00003pt
warning: libertine.sty:308: Requested font "[LinLibertine_RB.otf]/OT:script=latn;language=dflt;" at 9.00003pt
warning: libertine.sty:308: Requested font "[LinLibertine_RI.otf]/OT:script=latn;language=dflt;" at 9.00003pt
warning: libertine.sty:308: Requested font "[LinLibertine_RBI.otf]/OT:script=latn;language=dflt;" at 9.00003pt
warning: libertine.sty:308: Requested font "[LinLibertine_R.otf]/OT:script=latn;language=dflt;+tnum;+lnum;mapping=tex-text;" at 9.0pt
warning: libertine.sty:319: Requested font "[LinBiolinum_R.otf]/OT" at 8.99997pt
warning: libertine.sty:319: Requested font "[LinBiolinum_R.otf]/OT" at 9.00003pt
warning: libertine.sty:319: Requested font "[LinBiolinum_R.otf]/OT:script=latn;language=dflt;" at 9.00003pt
warning: libertine.sty:319: Requested font "[LinBiolinum_RB.otf]/OT:script=latn;language=dflt;" at 9.00003pt
warning: libertine.sty:319: Requested font "[LinBiolinum_RI.otf]/OT:script=latn;language=dflt;" at 9.00003pt
warning: libertine.sty:319: Requested font "[LinBiolinum_RBO.otf]/OT:script=latn;language=dflt;" at 9.00003pt
warning: libertine.sty:338: Requested font "[LinLibertine_RZ.otf]/OT" at 8.99997pt
warning: libertine.sty:338: Requested font "[LinLibertine_RZ.otf]/OT" at 9.00003pt
warning: libertine.sty:338: Requested font "[LinLibertine_RZ.otf]/OT:script=latn;language=dflt;" at 9.00003pt
warning: libertine.sty:338: Requested font "[LinLibertine_RZI.otf]/OT:script=latn;language=dflt;" at 9.00003pt
warning: libertine.sty:361: Requested font "[LinLibertine_DR.otf]/OT" at 8.99997pt
warning: libertine.sty:361: Requested font "[LinLibertine_DR.otf]/OT" at 9.00003pt
warning: libertine.sty:361: Requested font "[LinLibertine_DR.otf]/OT:script=latn;language=dflt;" at 9.00003pt
warning: libertine.sty:435: Requested font "[LinLibertine_M.otf]/OT" at 8.99997pt
warning: libertine.sty:435: Requested font "[LinLibertine_M.otf]/OT" at 9.00003pt
warning: libertine.sty:435: Requested font "[LinLibertine_M.otf]/OT:script=latn;language=dflt;" at 9.00003pt
warning: libertine.sty:435: Requested font "[LinLibertine_MB.otf]/OT:script=latn;language=dflt;" at 9.00003pt
warning: libertine.sty:435: Requested font "[LinLibertine_MO.otf]/OT:script=latn;language=dflt;" at 9.00003pt
warning: libertine.sty:435: Requested font "[LinLibertine_MBO.otf]/OT:script=latn;language=dflt;" at 9.00003pt
warning: libertine.sty:436: Requested font "[LinBiolinum_K.otf]/OT" at 8.99997pt
warning: libertine.sty:436: Requested font "[LinBiolinum_K.otf]/OT" at 9.00003pt
warning: libertine.sty:436: Requested font "[LinBiolinum_K.otf]/OT:script=latn;language=dflt;" at 9.00003pt
warning: libertine.sty:437: Requested font "[LinLibertine_I.otf]/OT" at 8.99997pt
warning: libertine.sty:437: Requested font "[LinLibertine_I.otf]/OT" at 9.00003pt
warning: libertine.sty:437: Requested font "[LinLibertine_I.otf]/OT:script=latn;language=dflt;" at 9.00003pt
warning: acmart.cls:868: 
Requested font "[Inconsolatazi4-Regular.otf]/OT" at 8.99997pt
warning: acmart.cls:868: Requested font "[Inconsolatazi4-Regular.otf]/OT" at 9.00003pt
warning: acmart.cls:868: Requested font "[Inconsolatazi4-Regular.otf]/OT:script=latn;language=dflt;" at 9.00003pt
warning: acmart.cls:868: Requested font "[Inconsolatazi4-Bold.otf]/OT:script=latn;language=dflt;" at 9.00003pt
warning: paper:17: Requested font "[LinLibertine_R.otf]/OT:script=latn;language=dflt;+tnum;+lnum;mapping=tex-text;" at 7.0pt
warning: paper:17: 
Requested font "MinLibReg-ot1" at 7.3pt
warning: paper:17:  -> MinLibReg-ot1
warning: paper:17: Requested font "MinLibReg-ot1" at 5.5pt
warning: paper:17:  -> MinLibReg-ot1
warning: paper:17: Requested font "nxlmi7" at 7.3pt
warning: paper:17:  -> nxlmi7
warning: paper:17: Requested font "nxlmi5" at 5.5pt
warning: paper:17:  -> nxlmi5
warning: paper:17: Requested font "ntxsy7" at 7.3pt
warning: paper:17:  -> ntxsy7
warning: paper:17: Requested font "ntxsy5" at 5.5pt
warning: paper:17:  -> ntxsy5
warning: paper:17: Requested font "ntxexx" at 7.3pt
warning: paper:17:  -> ntxexx
warning: paper:17: Requested font "ntxexx" at 5.5pt
warning: paper:17:  -> ntxexx
warning: paper:17: 
Requested font "msam7" at 7.3pt
warning: paper:17:  -> msam7
warning: paper:17: Requested font "msam5" at 5.5pt
warning: paper:17:  -> msam5
warning: paper:17: 
Requested font "msbm7" at 7.3pt
warning: paper:17:  -> msbm7
warning: paper:17: Requested font "msbm5" at 5.5pt
warning: paper:17:  -> msbm5
warning: paper:17: 
Requested font "nxlmia" at 7.3pt
warning: paper:17:  -> nxlmia
warning: paper:17: Requested font "nxlmia" at 5.5pt
warning: paper:17:  -> nxlmia
warning: paper:17: 
Requested font "ntxsym" at 7.3pt
warning: paper:17:  -> ntxsym
warning: paper:17: Requested font "ntxsym" at 5.5pt
warning: paper:17:  -> ntxsym
warning: paper:17: 
Requested font "ntxsyc" at 7.3pt
warning: paper:17:  -> ntxsyc
warning: paper:17: Requested font "ntxsyc" at 5.5pt
warning: paper:17:  -> ntxsyc
warning: paper:17: Requested font "ntxexa" at 7.3pt
warning: paper:17:  -> ntxexa
warning: paper:17: Requested font "ntxexa" at 5.5pt
warning: paper:17:  -> ntxexa
warning: paper:52: Requested font "[LinLibertine_R.otf]/OT:script=latn;language=dflt;+tnum;+lnum;mapping=tex-text;" at 17.28pt
warning: paper:52: Requested font "[LinBiolinum_R.otf]/OT:script=latn;language=dflt;+tnum;+lnum;mapping=tex-text;" at 17.28pt
warning: paper:52: Requested font "[LinBiolinum_RB.otf]/OT:script=latn;language=dflt;+tnum;+lnum;mapping=tex-text;" at 17.28pt
warning: paper:52: Requested font "[LinLibertine_R.otf]/OT:script=latn;language=dflt;+tnum;+lnum;mapping=tex-text;" at 12.0pt
warning: paper:52: Requested font "[LinLibertine_R.otf]/OT:script=latn;language=dflt;+tnum;+lnum;mapping=tex-text;" at 10.0pt
warning: paper:52: Requested font "[LinLibertine_RI.otf]/OT:script=latn;language=dflt;+tnum;+lnum;mapping=tex-text;" at 7.0pt
warning: paper:52: Requested font "[LinLibertine_RB.otf]/OT:script=latn;language=dflt;+tnum;+lnum;mapping=tex-text;" at 9.0pt
warning: paper:52: Requested font "[LinLibertine_RB.otf]/OT:script=latn;language=dflt;+tnum;+lnum;mapping=tex-text;" at 10.95pt
warning: paper:52: Requested font "MinLibReg-ot1" at 9.0pt
warning: paper:52:  -> MinLibReg-ot1
warning: paper:52: Requested font "nxlmi" at 9.0pt
warning: paper:52:  -> nxlmi
warning: paper:52: Requested font "ntxsy" at 9.0pt
warning: paper:52:  -> ntxsy
warning: paper:52: Requested font "ntxexx" at 9.0pt
warning: paper:52:  -> ntxexx
warning: paper:52: Requested font "msam10" at 9.0pt
warning: paper:52:  -> msam10
warning: paper:52: 
Requested font "msbm10" at 9.0pt
warning: paper:52:  -> msbm10
warning: paper:52: 
Requested font "nxlmia" at 9.0pt
warning: paper:52:  -> nxlmia
warning: paper:52: Requested font "ntxsym" at 9.0pt
warning: paper:52:  -> ntxsym
warning: paper:52: Requested font "ntxsyc" at 9.0pt
warning: paper:52:  -> ntxsyc
warning: paper:52: Requested font "ntxexa" at 9.0pt
warning: paper:52:  -> ntxexa
warning: paper:52: Requested font "[LinLibertine_RI.otf]/OT:script=latn;language=dflt;+tnum;+lnum;mapping=tex-text;" at 9.0pt
warning: paper:59: Underfull \hbox (badness 1527) in paragraph at lines 58--59
warning: paper:59: Underfull \hbox (badness 3168) in paragraph at lines 58--59
warning: paper:59: Underfull \hbox (badness 1565) in paragraph at lines 58--59
warning: paper:61: Underfull \hbox (badness 1377) in paragraph at lines 60--61
warning: paper:61: Underfull \hbox (badness 1371) in paragraph at lines 60--61
warning: paper:61: Underfull \hbox (badness 1142) in paragraph at lines 60--61
warning: paper:61: Underfull \hbox (badness 2582) in paragraph at lines 60--61
warning: paper:61: Underfull \hbox (badness 3068) in paragraph at lines 60--61
warning: related-work:5: Underfull \hbox (badness 2142) in paragraph at lines 4--5
warning: related-work:5: Underfull \hbox (badness 3895) in paragraph at lines 4--5
warning: related-work:5: Underfull \hbox (badness 2941) in paragraph at lines 4--5
warning: related-work:5: Underfull \hbox (badness 1242) in paragraph at lines 4--5
warning: related-work:7: Underfull \hbox (badness 1642) in paragraph at lines 6--7
warning: related-work:7: Underfull \hbox (badness 1112) in paragraph at lines 6--7
warning: related-work:7: Underfull \hbox (badness 1577) in paragraph at lines 6--7
warning: paper:65: Underfull \vbox (badness 10000) has occurred while \output is active
warning: paper:79: Requested font "[LinLibertine_R.otf]/OT:script=latn;language=dflt;+tnum;+lnum;mapping=tex-text;" at 8.0pt
warning: paper:85: Requested font "MinLibReg-ot1" at 8.0pt
warning: paper:85:  -> MinLibReg-ot1
warning: paper:85: Requested font "MinLibReg-ot1" at 6.2pt
warning: paper:85:  -> MinLibReg-ot1
warning: paper:85: Requested font "nxlmi7" at 8.0pt
warning: paper:85:  -> nxlmi7
warning: paper:85: Requested font "nxlmi5" at 6.2pt
warning: paper:85:  -> nxlmi5
warning: paper:85: Requested font "ntxsy7" at 8.0pt
warning: paper:85:  -> ntxsy7
warning: paper:85: Requested font "ntxsy5" at 6.2pt
warning: paper:85:  -> ntxsy5
warning: paper:85: Requested font "ntxexx" at 8.0pt
warning: paper:85:  -> ntxexx
warning: paper:85: Requested font "ntxexx" at 6.2pt
warning: paper:85:  -> ntxexx
warning: paper:85: Requested font "msam10" at 8.0pt
warning: paper:85:  -> msam10
warning: paper:85: Requested font "msam7" at 6.2pt
warning: paper:85:  -> msam7
warning: paper:85: Requested font "msbm10" at 8.0pt
warning: paper:85:  -> msbm10
warning: paper:85: Requested font "msbm7" at 6.2pt
warning: paper:85:  -> msbm7
warning: paper:85: Requested font "nxlmia" at 8.0pt
warning: paper:85:  -> nxlmia
warning: paper:85: Requested font "nxlmia" at 6.2pt
warning: paper:85:  -> nxlmia
warning: paper:85: Requested font "ntxsym" at 8.0pt
warning: paper:85:  -> ntxsym
warning: paper:85: Requested font "ntxsym" at 6.2pt
warning: paper:85:  -> ntxsym
warning: paper:85: Requested font "ntxsyc" at 8.0pt
warning: paper:85:  -> ntxsyc
warning: paper:85: Requested font "ntxsyc" at 6.2pt
warning: paper:85:  -> ntxsyc
warning: paper:85: Requested font "ntxexa" at 8.0pt
warning: paper:85:  -> ntxexa
warning: paper:85: Requested font "ntxexa" at 6.2pt
warning: paper:85:  -> ntxexa
warning: paper:92: Requested font "[Inconsolatazi4-Regular.otf]/OT:script=latn;language=dflt;+ss03;" at 9.0pt
warning: paper:93: Underfull \hbox (badness 2961) in paragraph at lines 92--93
warning: paper:93: Underfull \vbox (badness 4279) has occurred while \output is active
warning: paper:116: Underfull \hbox (badness 1281) in paragraph at lines 115--116
warning: paper:116: Underfull \hbox (badness 1199) in paragraph at lines 115--116
warning: paper:116: Underfull \hbox (badness 2245) in paragraph at lines 115--116
warning: paper:116: Underfull \hbox (badness 5563) in paragraph at lines 115--116
warning: paper:116: Requested font "[LinBiolinum_R.otf]/OT:script=latn;language=dflt;+tnum;+lnum;mapping=tex-text;" at 9.0pt
warning: paper:116: Requested font "[LinBiolinum_R.otf]/OT:script=latn;language=dflt;+tnum;+lnum;mapping=tex-text;" at 7.0pt
warning: paper:118: Underfull \hbox (badness 1286) in paragraph at lines 117--118
warning: paper:118: Underfull \hbox (badness 1132) in paragraph at lines 117--118
warning: paper:125: Underfull \hbox (badness 1418) in paragraph at lines 124--125
warning: paper:125: Underfull \hbox (badness 10000) in paragraph at lines 124--125
warning: paper:125: Underfull \hbox (badness 3428) in paragraph at lines 124--125
warning: paper:125: Underfull \hbox (badness 1642) in paragraph at lines 124--125
warning: paper:129: Underfull \vbox (badness 4279) has occurred while \output is active
warning: paper:131: Underfull \hbox (badness 10000) in paragraph at lines 130--131
warning: paper:131: Underfull \hbox (badness 1253) in paragraph at lines 130--131
warning: paper:136: Underfull \hbox (badness 4193) in paragraph at lines 135--136
warning: paper:136: Underfull \hbox (badness 3612) in paragraph at lines 135--136
warning: paper:136: Underfull \hbox (badness 1688) in paragraph at lines 135--136
warning: iciit2027-compact-anonymous.bbl:5: Underfull \vbox (badness 10000) has occurred while \output is active
warning: iciit2027-compact-anonymous.bbl:287: Underfull \vbox (badness 10000) has occurred while \output is active
note: Rerunning TeX because "iciit2027-compact-anonymous.aux" changed ...
warning: libertine.sty:308: 
Requested font "[LinLibertine_R.otf]/OT" at 8.99997pt
warning: libertine.sty:308: Requested font "[LinLibertine_R.otf]/OT" at 9.00003pt
warning: libertine.sty:308: Requested font "[LinLibertine_R.otf]/OT:script=latn;language=dflt;" at 9.00003pt
warning: libertine.sty:308: Requested font "[LinLibertine_RB.otf]/OT:script=latn;language=dflt;" at 9.00003pt
warning: libertine.sty:308: Requested font "[LinLibertine_RI.otf]/OT:script=latn;language=dflt;" at 9.00003pt
warning: libertine.sty:308: Requested font "[LinLibertine_RBI.otf]/OT:script=latn;language=dflt;" at 9.00003pt
warning: libertine.sty:308: Requested font "[LinLibertine_R.otf]/OT:script=latn;language=dflt;+tnum;+lnum;mapping=tex-text;" at 9.0pt
warning: libertine.sty:319: Requested font "[LinBiolinum_R.otf]/OT" at 8.99997pt
warning: libertine.sty:319: Requested font "[LinBiolinum_R.otf]/OT" at 9.00003pt
warning: libertine.sty:319: Requested font "[LinBiolinum_R.otf]/OT:script=latn;language=dflt;" at 9.00003pt
warning: libertine.sty:319: Requested font "[LinBiolinum_RB.otf]/OT:script=latn;language=dflt;" at 9.00003pt
warning: libertine.sty:319: Requested font "[LinBiolinum_RI.otf]/OT:script=latn;language=dflt;" at 9.00003pt
warning: libertine.sty:319: Requested font "[LinBiolinum_RBO.otf]/OT:script=latn;language=dflt;" at 9.00003pt
warning: libertine.sty:338: Requested font "[LinLibertine_RZ.otf]/OT" at 8.99997pt
warning: libertine.sty:338: Requested font "[LinLibertine_RZ.otf]/OT" at 9.00003pt
warning: libertine.sty:338: Requested font "[LinLibertine_RZ.otf]/OT:script=latn;language=dflt;" at 9.00003pt
warning: libertine.sty:338: Requested font "[LinLibertine_RZI.otf]/OT:script=latn;language=dflt;" at 9.00003pt
warning: libertine.sty:361: Requested font "[LinLibertine_DR.otf]/OT" at 8.99997pt
warning: libertine.sty:361: Requested font "[LinLibertine_DR.otf]/OT" at 9.00003pt
warning: libertine.sty:361: Requested font "[LinLibertine_DR.otf]/OT:script=latn;language=dflt;" at 9.00003pt
warning: libertine.sty:435: Requested font "[LinLibertine_M.otf]/OT" at 8.99997pt
warning: libertine.sty:435: Requested font "[LinLibertine_M.otf]/OT" at 9.00003pt
warning: libertine.sty:435: Requested font "[LinLibertine_M.otf]/OT:script=latn;language=dflt;" at 9.00003pt
warning: libertine.sty:435: Requested font "[LinLibertine_MB.otf]/OT:script=latn;language=dflt;" at 9.00003pt
warning: libertine.sty:435: Requested font "[LinLibertine_MO.otf]/OT:script=latn;language=dflt;" at 9.00003pt
warning: libertine.sty:435: Requested font "[LinLibertine_MBO.otf]/OT:script=latn;language=dflt;" at 9.00003pt
warning: libertine.sty:436: Requested font "[LinBiolinum_K.otf]/OT" at 8.99997pt
warning: libertine.sty:436: Requested font "[LinBiolinum_K.otf]/OT" at 9.00003pt
warning: libertine.sty:436: Requested font "[LinBiolinum_K.otf]/OT:script=latn;language=dflt;" at 9.00003pt
warning: libertine.sty:437: Requested font "[LinLibertine_I.otf]/OT" at 8.99997pt
warning: libertine.sty:437: Requested font "[LinLibertine_I.otf]/OT" at 9.00003pt
warning: libertine.sty:437: Requested font "[LinLibertine_I.otf]/OT:script=latn;language=dflt;" at 9.00003pt
warning: acmart.cls:868: 
Requested font "[Inconsolatazi4-Regular.otf]/OT" at 8.99997pt
warning: acmart.cls:868: Requested font "[Inconsolatazi4-Regular.otf]/OT" at 9.00003pt
warning: acmart.cls:868: Requested font "[Inconsolatazi4-Regular.otf]/OT:script=latn;language=dflt;" at 9.00003pt
warning: acmart.cls:868: Requested font "[Inconsolatazi4-Bold.otf]/OT:script=latn;language=dflt;" at 9.00003pt
warning: paper:17: Requested font "[LinLibertine_R.otf]/OT:script=latn;language=dflt;+tnum;+lnum;mapping=tex-text;" at 7.0pt
warning: paper:17: 
Requested font "MinLibReg-ot1" at 7.3pt
warning: paper:17:  -> MinLibReg-ot1
warning: paper:17: Requested font "MinLibReg-ot1" at 5.5pt
warning: paper:17:  -> MinLibReg-ot1
warning: paper:17: Requested font "nxlmi7" at 7.3pt
warning: paper:17:  -> nxlmi7
warning: paper:17: Requested font "nxlmi5" at 5.5pt
warning: paper:17:  -> nxlmi5
warning: paper:17: Requested font "ntxsy7" at 7.3pt
warning: paper:17:  -> ntxsy7
warning: paper:17: Requested font "ntxsy5" at 5.5pt
warning: paper:17:  -> ntxsy5
warning: paper:17: Requested font "ntxexx" at 7.3pt
warning: paper:17:  -> ntxexx
warning: paper:17: Requested font "ntxexx" at 5.5pt
warning: paper:17:  -> ntxexx
warning: paper:17: 
Requested font "msam7" at 7.3pt
warning: paper:17:  -> msam7
warning: paper:17: Requested font "msam5" at 5.5pt
warning: paper:17:  -> msam5
warning: paper:17: 
Requested font "msbm7" at 7.3pt
warning: paper:17:  -> msbm7
warning: paper:17: Requested font "msbm5" at 5.5pt
warning: paper:17:  -> msbm5
warning: paper:17: 
Requested font "nxlmia" at 7.3pt
warning: paper:17:  -> nxlmia
warning: paper:17: Requested font "nxlmia" at 5.5pt
warning: paper:17:  -> nxlmia
warning: paper:17: 
Requested font "ntxsym" at 7.3pt
warning: paper:17:  -> ntxsym
warning: paper:17: Requested font "ntxsym" at 5.5pt
warning: paper:17:  -> ntxsym
warning: paper:17: 
Requested font "ntxsyc" at 7.3pt
warning: paper:17:  -> ntxsyc
warning: paper:17: Requested font "ntxsyc" at 5.5pt
warning: paper:17:  -> ntxsyc
warning: paper:17: Requested font "ntxexa" at 7.3pt
warning: paper:17:  -> ntxexa
warning: paper:17: Requested font "ntxexa" at 5.5pt
warning: paper:17:  -> ntxexa
warning: paper:52: Requested font "[LinLibertine_R.otf]/OT:script=latn;language=dflt;+tnum;+lnum;mapping=tex-text;" at 17.28pt
warning: paper:52: Requested font "[LinBiolinum_R.otf]/OT:script=latn;language=dflt;+tnum;+lnum;mapping=tex-text;" at 17.28pt
warning: paper:52: Requested font "[LinBiolinum_RB.otf]/OT:script=latn;language=dflt;+tnum;+lnum;mapping=tex-text;" at 17.28pt
warning: paper:52: Requested font "[LinLibertine_R.otf]/OT:script=latn;language=dflt;+tnum;+lnum;mapping=tex-text;" at 12.0pt
warning: paper:52: Requested font "[LinLibertine_R.otf]/OT:script=latn;language=dflt;+tnum;+lnum;mapping=tex-text;" at 10.0pt
warning: paper:52: Requested font "[LinLibertine_RI.otf]/OT:script=latn;language=dflt;+tnum;+lnum;mapping=tex-text;" at 7.0pt
warning: paper:52: Requested font "[LinLibertine_RB.otf]/OT:script=latn;language=dflt;+tnum;+lnum;mapping=tex-text;" at 9.0pt
warning: paper:52: Requested font "[LinLibertine_RB.otf]/OT:script=latn;language=dflt;+tnum;+lnum;mapping=tex-text;" at 10.95pt
warning: paper:52: Requested font "MinLibReg-ot1" at 9.0pt
warning: paper:52:  -> MinLibReg-ot1
warning: paper:52: Requested font "nxlmi" at 9.0pt
warning: paper:52:  -> nxlmi
warning: paper:52: Requested font "ntxsy" at 9.0pt
warning: paper:52:  -> ntxsy
warning: paper:52: Requested font "ntxexx" at 9.0pt
warning: paper:52:  -> ntxexx
warning: paper:52: Requested font "msam10" at 9.0pt
warning: paper:52:  -> msam10
warning: paper:52: 
Requested font "msbm10" at 9.0pt
warning: paper:52:  -> msbm10
warning: paper:52: 
Requested font "nxlmia" at 9.0pt
warning: paper:52:  -> nxlmia
warning: paper:52: Requested font "ntxsym" at 9.0pt
warning: paper:52:  -> ntxsym
warning: paper:52: Requested font "ntxsyc" at 9.0pt
warning: paper:52:  -> ntxsyc
warning: paper:52: Requested font "ntxexa" at 9.0pt
warning: paper:52:  -> ntxexa
warning: paper:52: Requested font "[LinLibertine_RI.otf]/OT:script=latn;language=dflt;+tnum;+lnum;mapping=tex-text;" at 9.0pt
warning: paper:59: Underfull \hbox (badness 1527) in paragraph at lines 58--59
warning: paper:59: Underfull \hbox (badness 3168) in paragraph at lines 58--59
warning: paper:59: Underfull \hbox (badness 1565) in paragraph at lines 58--59
warning: paper:61: Underfull \hbox (badness 1377) in paragraph at lines 60--61
warning: paper:61: Underfull \hbox (badness 1371) in paragraph at lines 60--61
warning: paper:61: Underfull \hbox (badness 1142) in paragraph at lines 60--61
warning: paper:61: Underfull \hbox (badness 2582) in paragraph at lines 60--61
warning: paper:61: Underfull \hbox (badness 3068) in paragraph at lines 60--61
warning: related-work:5: Underfull \hbox (badness 2142) in paragraph at lines 4--5
warning: related-work:5: Underfull \hbox (badness 4752) in paragraph at lines 4--5
warning: related-work:5: Underfull \hbox (badness 1331) in paragraph at lines 4--5
warning: related-work:5: Underfull \hbox (badness 2671) in paragraph at lines 4--5
warning: related-work:5: Underfull \hbox (badness 1910) in paragraph at lines 4--5
warning: related-work:7: Underfull \hbox (badness 1642) in paragraph at lines 6--7
warning: related-work:7: Underfull \hbox (badness 1173) in paragraph at lines 6--7
warning: related-work:7: Underfull \hbox (badness 1577) in paragraph at lines 6--7
warning: related-work:9: Underfull \hbox (badness 5490) in paragraph at lines 8--9
warning: related-work:9: Underfull \hbox (badness 6380) in paragraph at lines 8--9
warning: related-work:9: Underfull \hbox (badness 4266) in paragraph at lines 8--9
warning: paper:65: Underfull \hbox (badness 2050) in paragraph at lines 10--65
warning: paper:65: Underfull \vbox (badness 7116) has occurred while \output is active
warning: paper:79: Requested font "[LinLibertine_R.otf]/OT:script=latn;language=dflt;+tnum;+lnum;mapping=tex-text;" at 8.0pt
warning: paper:85: Requested font "MinLibReg-ot1" at 8.0pt
warning: paper:85:  -> MinLibReg-ot1
warning: paper:85: Requested font "MinLibReg-ot1" at 6.2pt
warning: paper:85:  -> MinLibReg-ot1
warning: paper:85: Requested font "nxlmi7" at 8.0pt
warning: paper:85:  -> nxlmi7
warning: paper:85: Requested font "nxlmi5" at 6.2pt
warning: paper:85:  -> nxlmi5
warning: paper:85: Requested font "ntxsy7" at 8.0pt
warning: paper:85:  -> ntxsy7
warning: paper:85: Requested font "ntxsy5" at 6.2pt
warning: paper:85:  -> ntxsy5
warning: paper:85: Requested font "ntxexx" at 8.0pt
warning: paper:85:  -> ntxexx
warning: paper:85: Requested font "ntxexx" at 6.2pt
warning: paper:85:  -> ntxexx
warning: paper:85: Requested font "msam10" at 8.0pt
warning: paper:85:  -> msam10
warning: paper:85: Requested font "msam7" at 6.2pt
warning: paper:85:  -> msam7
warning: paper:85: Requested font "msbm10" at 8.0pt
warning: paper:85:  -> msbm10
warning: paper:85: Requested font "msbm7" at 6.2pt
warning: paper:85:  -> msbm7
warning: paper:85: Requested font "nxlmia" at 8.0pt
warning: paper:85:  -> nxlmia
warning: paper:85: Requested font "nxlmia" at 6.2pt
warning: paper:85:  -> nxlmia
warning: paper:85: Requested font "ntxsym" at 8.0pt
warning: paper:85:  -> ntxsym
warning: paper:85: Requested font "ntxsym" at 6.2pt
warning: paper:85:  -> ntxsym
warning: paper:85: Requested font "ntxsyc" at 8.0pt
warning: paper:85:  -> ntxsyc
warning: paper:85: Requested font "ntxsyc" at 6.2pt
warning: paper:85:  -> ntxsyc
warning: paper:85: Requested font "ntxexa" at 8.0pt
warning: paper:85:  -> ntxexa
warning: paper:85: Requested font "ntxexa" at 6.2pt
warning: paper:85:  -> ntxexa
warning: paper:92: Requested font "[Inconsolatazi4-Regular.otf]/OT:script=latn;language=dflt;+ss03;" at 9.0pt
warning: paper:93: Underfull \hbox (badness 2961) in paragraph at lines 92--93
warning: paper:93: Underfull \vbox (badness 4279) has occurred while \output is active
warning: paper:116: Underfull \hbox (badness 1281) in paragraph at lines 115--116
warning: paper:116: Underfull \hbox (badness 1199) in paragraph at lines 115--116
warning: paper:116: Underfull \hbox (badness 2245) in paragraph at lines 115--116
warning: paper:116: Underfull \hbox (badness 5563) in paragraph at lines 115--116
warning: paper:116: Requested font "[LinBiolinum_R.otf]/OT:script=latn;language=dflt;+tnum;+lnum;mapping=tex-text;" at 9.0pt
warning: paper:116: Requested font "[LinBiolinum_R.otf]/OT:script=latn;language=dflt;+tnum;+lnum;mapping=tex-text;" at 7.0pt
warning: paper:118: Underfull \hbox (badness 1286) in paragraph at lines 117--118
warning: paper:118: Underfull \hbox (badness 1132) in paragraph at lines 117--118
warning: paper:125: Underfull \hbox (badness 1418) in paragraph at lines 124--125
warning: paper:125: Underfull \hbox (badness 10000) in paragraph at lines 124--125
warning: paper:125: Underfull \hbox (badness 3428) in paragraph at lines 124--125
warning: paper:125: Underfull \hbox (badness 1642) in paragraph at lines 124--125
warning: paper:129: Underfull \vbox (badness 10000) has occurred while \output is active
warning: paper:131: Underfull \hbox (badness 10000) in paragraph at lines 130--131
warning: paper:131: Underfull \hbox (badness 1253) in paragraph at lines 130--131
warning: paper:136: Underfull \hbox (badness 4193) in paragraph at lines 135--136
warning: paper:136: Underfull \hbox (badness 3612) in paragraph at lines 135--136
warning: paper:136: Underfull \hbox (badness 1688) in paragraph at lines 135--136
warning: iciit2027-compact-anonymous.bbl:5: Underfull \vbox (badness 10000) has occurred while \output is active
warning: iciit2027-compact-anonymous.bbl:287: Underfull \vbox (badness 10000) has occurred while \output is active
warning: warnings were issued by the TeX engine; use --print and/or --keep-logs for details.
note: Running xdvipdfmx ...
note: Writing `iciit2027-compact-anonymous.blg` (859 B)
note: Writing `iciit2027-compact-anonymous.pdf` (100.49609375 KiB)
note: Skipped writing 4 intermediate files (use --keep-intermediates to keep them)
