review: exit 0
compact: exit 0
review-anonymous: exit 0
compact-anonymous: exit 0
supplement: exit 0
{
  "status": "LOCAL_DRAFT_VALIDATED_NOT_SUBMITTED",
  "citations": 17,
  "abstract_metadata_matches": true,
  "all_six_authors_and_order_match": true,
  "shared_affiliation_and_email_order_match": true,
  "author_block_pdf_fonts_verified": true,
  "author_layout": "owner-requested-centered-shared-affiliation",
  "default_acm_author_renderer": false,
  "correspondence_in_author_footnote": true,
  "evidence_hashes_verified": false,
  "class_matches_official_archive": true,
  "bibliography_style_matches_official_archive": true,
  "pdfs": [
    {
      "file": "iciit2027-review.pdf",
      "pages": 10,
      "sha256": "ed730ce8298a7d649bcfd391a9db4d6bb1f6e6b7d89a8a1f224db1d34c290dfe",
      "bytes": 143127
    },
    {
      "file": "iciit2027-compact.pdf",
      "pages": 5,
      "sha256": "0fe1aaceb8df4f6be725de7c3db1009c5ca2db44127af5d2bbb592d5e1672dff",
      "bytes": 119472
    },
    {
      "file": "iciit2027-review-anonymous.pdf",
      "pages": 10,
      "sha256": "71f8ec9931a70d2d073f7fbb38d27fed0c869bf17dc3068a7217defdb31b219c",
      "bytes": 128315
    },
    {
      "file": "iciit2027-compact-anonymous.pdf",
      "pages": 5,
      "sha256": "65e5ccd9d467c464daceb3ca4b8feaa88fb71350468fe0553f7ed90501ee2018",
      "bytes": 104434
    },
    {
      "file": "iciit2027-supplement.pdf",
      "pages": 3,
      "sha256": "001ff16d62618d5dfc6f8cc8157ba847b5badb29e00bf2de4c15d9f1abaeb77b",
      "bytes": 60584
    }
  ],
  "visual_review": "separate review required",
  "submission_authorization": false
}
