note: Running TeX ...
warning: libertine.sty:308:
Requested font "[LinLibertine_R.otf]/OT" at 8.99997pt
warning: libertine.sty:308: Requested font "[LinLibertine_R.otf]/OT" at 9.00003pt
warning: libertine.sty:308: Requested font "[LinLibertine_R.otf]/OT:script=latn;language=dflt;" at 9.00003pt
warning: libertine.sty:308: Requested font "[LinLibertine_RB.otf]/OT:script=latn;language=dflt;" at 9.00003pt
warning: libertine.sty:308: Requested font "[LinLibertine_RI.otf]/OT:script=latn;language=dflt;" at 9.00003pt
warning: libertine.sty:308: Requested font "[LinLibertine_RBI.otf]/OT:script=latn;language=dflt;" at 9.00003pt
warning: libertine.sty:308: Requested font "[LinLibertine_R.otf]/OT:script=latn;language=dflt;+tnum;+lnum;mapping=tex-text;" at 9.0pt
warning: libertine.sty:319: Requested font "[LinBiolinum_R.otf]/OT" at 8.99997pt
warning: libertine.sty:319: Requested font "[LinBiolinum_R.otf]/OT" at 9.00003pt
warning: libertine.sty:319: Requested font "[LinBiolinum_R.otf]/OT:script=latn;language=dflt;" at 9.00003pt
warning: libertine.sty:319: Requested font "[LinBiolinum_RB.otf]/OT:script=latn;language=dflt;" at 9.00003pt
warning: libertine.sty:319: Requested font "[LinBiolinum_RI.otf]/OT:script=latn;language=dflt;" at 9.00003pt
warning: libertine.sty:319: Requested font "[LinBiolinum_RBO.otf]/OT:script=latn;language=dflt;" at 9.00003pt
warning: libertine.sty:338: Requested font "[LinLibertine_RZ.otf]/OT" at 8.99997pt
warning: libertine.sty:338: Requested font "[LinLibertine_RZ.otf]/OT" at 9.00003pt
warning: libertine.sty:338: Requested font "[LinLibertine_RZ.otf]/OT:script=latn;language=dflt;" at 9.00003pt
warning: libertine.sty:338: Requested font "[LinLibertine_RZI.otf]/OT:script=latn;language=dflt;" at 9.00003pt
warning: libertine.sty:361: Requested font "[LinLibertine_DR.otf]/OT" at 8.99997pt
warning: libertine.sty:361: Requested font "[LinLibertine_DR.otf]/OT" at 9.00003pt
warning: libertine.sty:361: Requested font "[LinLibertine_DR.otf]/OT:script=latn;language=dflt;" at 9.00003pt
warning: libertine.sty:435: Requested font "[LinLibertine_M.otf]/OT" at 8.99997pt
warning: libertine.sty:435: Requested font "[LinLibertine_M.otf]/OT" at 9.00003pt
warning: libertine.sty:435: Requested font "[LinLibertine_M.otf]/OT:script=latn;language=dflt;" at 9.00003pt
warning: libertine.sty:435: Requested font "[LinLibertine_MB.otf]/OT:script=latn;language=dflt;" at 9.00003pt
warning: libertine.sty:435: Requested font "[LinLibertine_MO.otf]/OT:script=latn;language=dflt;" at 9.00003pt
warning: libertine.sty:435: Requested font "[LinLibertine_MBO.otf]/OT:script=latn;language=dflt;" at 9.00003pt
warning: libertine.sty:436: Requested font "[LinBiolinum_K.otf]/OT" at 8.99997pt
warning: libertine.sty:436: Requested font "[LinBiolinum_K.otf]/OT" at 9.00003pt
warning: libertine.sty:436: Requested font "[LinBiolinum_K.otf]/OT:script=latn;language=dflt;" at 9.00003pt
warning: libertine.sty:437: Requested font "[LinLibertine_I.otf]/OT" at 8.99997pt
warning: libertine.sty:437: Requested font "[LinLibertine_I.otf]/OT" at 9.00003pt
warning: libertine.sty:437: Requested font "[LinLibertine_I.otf]/OT:script=latn;language=dflt;" at 9.00003pt
warning: acmart.cls:868:
Requested font "[Inconsolatazi4-Regular.otf]/OT" at 8.99997pt
warning: acmart.cls:868: Requested font "[Inconsolatazi4-Regular.otf]/OT" at 9.00003pt
warning: acmart.cls:868: Requested font "[Inconsolatazi4-Regular.otf]/OT:script=latn;language=dflt;" at 9.00003pt
warning: acmart.cls:868: Requested font "[Inconsolatazi4-Bold.otf]/OT:script=latn;language=dflt;" at 9.00003pt
warning: paper:19: Requested font "[LinLibertine_R.otf]/OT:script=latn;language=dflt;+tnum;+lnum;mapping=tex-text;" at 7.0pt
warning: paper:19:
Requested font "MinLibReg-ot1" at 7.3pt
warning: paper:19:  -> MinLibReg-ot1
warning: paper:19: Requested font "MinLibReg-ot1" at 5.5pt
warning: paper:19:  -> MinLibReg-ot1
warning: paper:19: Requested font "nxlmi7" at 7.3pt
warning: paper:19:  -> nxlmi7
warning: paper:19: Requested font "nxlmi5" at 5.5pt
warning: paper:19:  -> nxlmi5
warning: paper:19: Requested font "ntxsy7" at 7.3pt
warning: paper:19:  -> ntxsy7
warning: paper:19: Requested font "ntxsy5" at 5.5pt
warning: paper:19:  -> ntxsy5
warning: paper:19: Requested font "ntxexx" at 7.3pt
warning: paper:19:  -> ntxexx
warning: paper:19: Requested font "ntxexx" at 5.5pt
warning: paper:19:  -> ntxexx
warning: paper:19:
Requested font "msam7" at 7.3pt
warning: paper:19:  -> msam7
warning: paper:19: Requested font "msam5" at 5.5pt
warning: paper:19:  -> msam5
warning: paper:19:
Requested font "msbm7" at 7.3pt
warning: paper:19:  -> msbm7
warning: paper:19: Requested font "msbm5" at 5.5pt
warning: paper:19:  -> msbm5
warning: paper:19:
Requested font "nxlmia" at 7.3pt
warning: paper:19:  -> nxlmia
warning: paper:19: Requested font "nxlmia" at 5.5pt
warning: paper:19:  -> nxlmia
warning: paper:19:
Requested font "ntxsym" at 7.3pt
warning: paper:19:  -> ntxsym
warning: paper:19: Requested font "ntxsym" at 5.5pt
warning: paper:19:  -> ntxsym
warning: paper:19:
Requested font "ntxsyc" at 7.3pt
warning: paper:19:  -> ntxsyc
warning: paper:19: Requested font "ntxsyc" at 5.5pt
warning: paper:19:  -> ntxsyc
warning: paper:19: Requested font "ntxexa" at 7.3pt
warning: paper:19:  -> ntxexa
warning: paper:19: Requested font "ntxexa" at 5.5pt
warning: paper:19:  -> ntxexa
warning: paper:54: Requested font "[LinLibertine_R.otf]/OT:script=latn;language=dflt;+tnum;+lnum;mapping=tex-text;" at 12.0pt
warning: paper:54: Requested font "[LinBiolinum_R.otf]/OT:script=latn;language=dflt;+tnum;+lnum;mapping=tex-text;" at 12.0pt
warning: paper:54: Requested font "[LinBiolinum_RB.otf]/OT:script=latn;language=dflt;+tnum;+lnum;mapping=tex-text;" at 12.0pt
warning: paper:54: Requested font "[LinLibertine_R.otf]/OT:script=latn;language=dflt;+tnum;+lnum;mapping=tex-text;" at 10.95pt
warning: paper:54: Requested font "[LinBiolinum_R.otf]/OT:script=latn;language=dflt;+tnum;+lnum;mapping=tex-text;" at 10.95pt
warning: paper:54: Requested font "[LinLibertine_R.otf]/OT:script=latn;language=dflt;+tnum;+lnum;mapping=tex-text;" at 8.0pt
warning: paper:54: Requested font "[LinLibertine_RB.otf]/OT:script=latn;language=dflt;+tnum;+lnum;mapping=tex-text;" at 8.0pt
warning: paper:54: Requested font "MinLibReg-ot1" at 8.0pt
warning: paper:54:  -> MinLibReg-ot1
warning: paper:54: Requested font "MinLibReg-ot1" at 6.2pt
warning: paper:54:  -> MinLibReg-ot1
warning: paper:54: Requested font "nxlmi7" at 8.0pt
warning: paper:54:  -> nxlmi7
warning: paper:54: Requested font "nxlmi5" at 6.2pt
warning: paper:54:  -> nxlmi5
warning: paper:54: Requested font "ntxsy7" at 8.0pt
warning: paper:54:  -> ntxsy7
warning: paper:54: Requested font "ntxsy5" at 6.2pt
warning: paper:54:  -> ntxsy5
warning: paper:54: Requested font "ntxexx" at 8.0pt
warning: paper:54:  -> ntxexx
warning: paper:54: Requested font "ntxexx" at 6.2pt
warning: paper:54:  -> ntxexx
warning: paper:54: Requested font "msam10" at 8.0pt
warning: paper:54:  -> msam10
warning: paper:54:
Requested font "msam7" at 6.2pt
warning: paper:54:  -> msam7
warning: paper:54: Requested font "msbm10" at 8.0pt
warning: paper:54:  -> msbm10
warning: paper:54:
Requested font "msbm7" at 6.2pt
warning: paper:54:  -> msbm7
warning: paper:54: Requested font "nxlmia" at 8.0pt
warning: paper:54:  -> nxlmia
warning: paper:54: Requested font "nxlmia" at 6.2pt
warning: paper:54:  -> nxlmia
warning: paper:54: Requested font "ntxsym" at 8.0pt
warning: paper:54:  -> ntxsym
warning: paper:54: Requested font "ntxsym" at 6.2pt
warning: paper:54:  -> ntxsym
warning: paper:54: Requested font "ntxsyc" at 8.0pt
warning: paper:54:  -> ntxsyc
warning: paper:54: Requested font "ntxsyc" at 6.2pt
warning: paper:54:  -> ntxsyc
warning: paper:54: Requested font "ntxexa" at 8.0pt
warning: paper:54:  -> ntxexa
warning: paper:54: Requested font "ntxexa" at 6.2pt
warning: paper:54:  -> ntxexa
warning: paper:54: Requested font "[LinLibertine_RI.otf]/OT:script=latn;language=dflt;+tnum;+lnum;mapping=tex-text;" at 8.0pt
warning: paper:56: Requested font "[LinBiolinum_R.otf]/OT:script=latn;language=dflt;+tnum;+lnum;mapping=tex-text;" at 9.0pt
warning: paper:56: Requested font "[LinBiolinum_RB.otf]/OT:script=latn;language=dflt;+tnum;+lnum;mapping=tex-text;" at 9.0pt
warning: paper:61: Requested font "[LinLibertine_RB.otf]/OT:script=latn;language=dflt;+tnum;+lnum;mapping=tex-text;" at 9.0pt
warning: related-work:3: Requested font "[LinLibertine_R.otf]/OT:script=latn;language=dflt;+tnum;+lnum;mapping=tex-text;" at 6.0pt
warning: related-work:11: Requested font "[LinBiolinum_R.otf]/OT:script=latn;language=dflt;+tnum;+lnum;mapping=tex-text;" at 8.0pt
warning: related-work:19: Underfull \hbox (badness 2941) in paragraph at lines 19--19
warning: related-work:20: Underfull \hbox (badness 1789) in paragraph at lines 20--20
warning: paper:66:
Requested font "MinLibReg-ot1" at 9.0pt
warning: paper:66:  -> MinLibReg-ot1
warning: paper:66: Requested font "nxlmi" at 9.0pt
warning: paper:66:  -> nxlmi
warning: paper:66: Requested font "ntxsy" at 9.0pt
warning: paper:66:  -> ntxsy
warning: paper:66: Requested font "ntxexx" at 9.0pt
warning: paper:66:  -> ntxexx
warning: paper:66: Requested font "msam10" at 9.0pt
warning: paper:66:  -> msam10
warning: paper:66: Requested font "msbm10" at 9.0pt
warning: paper:66:  -> msbm10
warning: paper:66: Requested font "nxlmia" at 9.0pt
warning: paper:66:  -> nxlmia
warning: paper:66: Requested font "ntxsym" at 9.0pt
warning: paper:66:  -> ntxsym
warning: paper:66: Requested font "ntxsyc" at 9.0pt
warning: paper:66:  -> ntxsyc
warning: paper:66: Requested font "ntxexa" at 9.0pt
warning: paper:66:  -> ntxexa
warning: paper:67: Requested font "[LinBiolinum_R.otf]/OT:script=latn;language=dflt;+tnum;+lnum;mapping=tex-text;" at 7.0pt
warning: paper:93: Requested font "[Inconsolatazi4-Regular.otf]/OT:script=latn;language=dflt;+ss03;" at 9.0pt
warning: paper:94: Underfull \hbox (badness 1057) in paragraph at lines 93--94
warning: paper:121: Underfull \hbox (badness 1077) in paragraph at lines 120--121
warning: paper:140: Underfull \vbox (badness 10000) has occurred while \output is active
warning: appendix:26: Underfull \vbox (badness 2073) has occurred while \output is active
note: Running BibTeX on iciit2027-review-anonymous.aux ...
note: warnings were issued by BibTeX; use --print and/or --keep-logs for details.
note: Rerunning TeX because bibtex was run ...
warning: libertine.sty:308:
Requested font "[LinLibertine_R.otf]/OT" at 8.99997pt
warning: libertine.sty:308: Requested font "[LinLibertine_R.otf]/OT" at 9.00003pt
warning: libertine.sty:308: Requested font "[LinLibertine_R.otf]/OT:script=latn;language=dflt;" at 9.00003pt
warning: libertine.sty:308: Requested font "[LinLibertine_RB.otf]/OT:script=latn;language=dflt;" at 9.00003pt
warning: libertine.sty:308: Requested font "[LinLibertine_RI.otf]/OT:script=latn;language=dflt;" at 9.00003pt
warning: libertine.sty:308: Requested font "[LinLibertine_RBI.otf]/OT:script=latn;language=dflt;" at 9.00003pt
warning: libertine.sty:308: Requested font "[LinLibertine_R.otf]/OT:script=latn;language=dflt;+tnum;+lnum;mapping=tex-text;" at 9.0pt
warning: libertine.sty:319: Requested font "[LinBiolinum_R.otf]/OT" at 8.99997pt
warning: libertine.sty:319: Requested font "[LinBiolinum_R.otf]/OT" at 9.00003pt
warning: libertine.sty:319: Requested font "[LinBiolinum_R.otf]/OT:script=latn;language=dflt;" at 9.00003pt
warning: libertine.sty:319: Requested font "[LinBiolinum_RB.otf]/OT:script=latn;language=dflt;" at 9.00003pt
warning: libertine.sty:319: Requested font "[LinBiolinum_RI.otf]/OT:script=latn;language=dflt;" at 9.00003pt
warning: libertine.sty:319: Requested font "[LinBiolinum_RBO.otf]/OT:script=latn;language=dflt;" at 9.00003pt
warning: libertine.sty:338: Requested font "[LinLibertine_RZ.otf]/OT" at 8.99997pt
warning: libertine.sty:338: Requested font "[LinLibertine_RZ.otf]/OT" at 9.00003pt
warning: libertine.sty:338: Requested font "[LinLibertine_RZ.otf]/OT:script=latn;language=dflt;" at 9.00003pt
warning: libertine.sty:338: Requested font "[LinLibertine_RZI.otf]/OT:script=latn;language=dflt;" at 9.00003pt
warning: libertine.sty:361: Requested font "[LinLibertine_DR.otf]/OT" at 8.99997pt
warning: libertine.sty:361: Requested font "[LinLibertine_DR.otf]/OT" at 9.00003pt
warning: libertine.sty:361: Requested font "[LinLibertine_DR.otf]/OT:script=latn;language=dflt;" at 9.00003pt
warning: libertine.sty:435: Requested font "[LinLibertine_M.otf]/OT" at 8.99997pt
warning: libertine.sty:435: Requested font "[LinLibertine_M.otf]/OT" at 9.00003pt
warning: libertine.sty:435: Requested font "[LinLibertine_M.otf]/OT:script=latn;language=dflt;" at 9.00003pt
warning: libertine.sty:435: Requested font "[LinLibertine_MB.otf]/OT:script=latn;language=dflt;" at 9.00003pt
warning: libertine.sty:435: Requested font "[LinLibertine_MO.otf]/OT:script=latn;language=dflt;" at 9.00003pt
warning: libertine.sty:435: Requested font "[LinLibertine_MBO.otf]/OT:script=latn;language=dflt;" at 9.00003pt
warning: libertine.sty:436: Requested font "[LinBiolinum_K.otf]/OT" at 8.99997pt
warning: libertine.sty:436: Requested font "[LinBiolinum_K.otf]/OT" at 9.00003pt
warning: libertine.sty:436: Requested font "[LinBiolinum_K.otf]/OT:script=latn;language=dflt;" at 9.00003pt
warning: libertine.sty:437: Requested font "[LinLibertine_I.otf]/OT" at 8.99997pt
warning: libertine.sty:437: Requested font "[LinLibertine_I.otf]/OT" at 9.00003pt
warning: libertine.sty:437: Requested font "[LinLibertine_I.otf]/OT:script=latn;language=dflt;" at 9.00003pt
warning: acmart.cls:868:
Requested font "[Inconsolatazi4-Regular.otf]/OT" at 8.99997pt
warning: acmart.cls:868: Requested font "[Inconsolatazi4-Regular.otf]/OT" at 9.00003pt
warning: acmart.cls:868: Requested font "[Inconsolatazi4-Regular.otf]/OT:script=latn;language=dflt;" at 9.00003pt
warning: acmart.cls:868: Requested font "[Inconsolatazi4-Bold.otf]/OT:script=latn;language=dflt;" at 9.00003pt
warning: paper:19: Requested font "[LinLibertine_R.otf]/OT:script=latn;language=dflt;+tnum;+lnum;mapping=tex-text;" at 7.0pt
warning: paper:19:
Requested font "MinLibReg-ot1" at 7.3pt
warning: paper:19:  -> MinLibReg-ot1
warning: paper:19: Requested font "MinLibReg-ot1" at 5.5pt
warning: paper:19:  -> MinLibReg-ot1
warning: paper:19: Requested font "nxlmi7" at 7.3pt
warning: paper:19:  -> nxlmi7
warning: paper:19: Requested font "nxlmi5" at 5.5pt
warning: paper:19:  -> nxlmi5
warning: paper:19: Requested font "ntxsy7" at 7.3pt
warning: paper:19:  -> ntxsy7
warning: paper:19: Requested font "ntxsy5" at 5.5pt
warning: paper:19:  -> ntxsy5
warning: paper:19: Requested font "ntxexx" at 7.3pt
warning: paper:19:  -> ntxexx
warning: paper:19: Requested font "ntxexx" at 5.5pt
warning: paper:19:  -> ntxexx
warning: paper:19:
Requested font "msam7" at 7.3pt
warning: paper:19:  -> msam7
warning: paper:19: Requested font "msam5" at 5.5pt
warning: paper:19:  -> msam5
warning: paper:19:
Requested font "msbm7" at 7.3pt
warning: paper:19:  -> msbm7
warning: paper:19: Requested font "msbm5" at 5.5pt
warning: paper:19:  -> msbm5
warning: paper:19:
Requested font "nxlmia" at 7.3pt
warning: paper:19:  -> nxlmia
warning: paper:19: Requested font "nxlmia" at 5.5pt
warning: paper:19:  -> nxlmia
warning: paper:19:
Requested font "ntxsym" at 7.3pt
warning: paper:19:  -> ntxsym
warning: paper:19: Requested font "ntxsym" at 5.5pt
warning: paper:19:  -> ntxsym
warning: paper:19:
Requested font "ntxsyc" at 7.3pt
warning: paper:19:  -> ntxsyc
warning: paper:19: Requested font "ntxsyc" at 5.5pt
warning: paper:19:  -> ntxsyc
warning: paper:19: Requested font "ntxexa" at 7.3pt
warning: paper:19:  -> ntxexa
warning: paper:19: Requested font "ntxexa" at 5.5pt
warning: paper:19:  -> ntxexa
warning: paper:54: Requested font "[LinLibertine_R.otf]/OT:script=latn;language=dflt;+tnum;+lnum;mapping=tex-text;" at 12.0pt
warning: paper:54: Requested font "[LinBiolinum_R.otf]/OT:script=latn;language=dflt;+tnum;+lnum;mapping=tex-text;" at 12.0pt
warning: paper:54: Requested font "[LinBiolinum_RB.otf]/OT:script=latn;language=dflt;+tnum;+lnum;mapping=tex-text;" at 12.0pt
warning: paper:54: Requested font "[LinLibertine_R.otf]/OT:script=latn;language=dflt;+tnum;+lnum;mapping=tex-text;" at 10.95pt
warning: paper:54: Requested font "[LinBiolinum_R.otf]/OT:script=latn;language=dflt;+tnum;+lnum;mapping=tex-text;" at 10.95pt
warning: paper:54: Requested font "[LinLibertine_R.otf]/OT:script=latn;language=dflt;+tnum;+lnum;mapping=tex-text;" at 8.0pt
warning: paper:54: Requested font "[LinLibertine_RB.otf]/OT:script=latn;language=dflt;+tnum;+lnum;mapping=tex-text;" at 8.0pt
warning: paper:54: Requested font "MinLibReg-ot1" at 8.0pt
warning: paper:54:  -> MinLibReg-ot1
warning: paper:54: Requested font "MinLibReg-ot1" at 6.2pt
warning: paper:54:  -> MinLibReg-ot1
warning: paper:54: Requested font "nxlmi7" at 8.0pt
warning: paper:54:  -> nxlmi7
warning: paper:54: Requested font "nxlmi5" at 6.2pt
warning: paper:54:  -> nxlmi5
warning: paper:54: Requested font "ntxsy7" at 8.0pt
warning: paper:54:  -> ntxsy7
warning: paper:54: Requested font "ntxsy5" at 6.2pt
warning: paper:54:  -> ntxsy5
warning: paper:54: Requested font "ntxexx" at 8.0pt
warning: paper:54:  -> ntxexx
warning: paper:54: Requested font "ntxexx" at 6.2pt
warning: paper:54:  -> ntxexx
warning: paper:54: Requested font "msam10" at 8.0pt
warning: paper:54:  -> msam10
warning: paper:54:
Requested font "msam7" at 6.2pt
warning: paper:54:  -> msam7
warning: paper:54: Requested font "msbm10" at 8.0pt
warning: paper:54:  -> msbm10
warning: paper:54:
Requested font "msbm7" at 6.2pt
warning: paper:54:  -> msbm7
warning: paper:54: Requested font "nxlmia" at 8.0pt
warning: paper:54:  -> nxlmia
warning: paper:54: Requested font "nxlmia" at 6.2pt
warning: paper:54:  -> nxlmia
warning: paper:54: Requested font "ntxsym" at 8.0pt
warning: paper:54:  -> ntxsym
warning: paper:54: Requested font "ntxsym" at 6.2pt
warning: paper:54:  -> ntxsym
warning: paper:54: Requested font "ntxsyc" at 8.0pt
warning: paper:54:  -> ntxsyc
warning: paper:54: Requested font "ntxsyc" at 6.2pt
warning: paper:54:  -> ntxsyc
warning: paper:54: Requested font "ntxexa" at 8.0pt
warning: paper:54:  -> ntxexa
warning: paper:54: Requested font "ntxexa" at 6.2pt
warning: paper:54:  -> ntxexa
warning: paper:54: Requested font "[LinLibertine_RI.otf]/OT:script=latn;language=dflt;+tnum;+lnum;mapping=tex-text;" at 8.0pt
warning: paper:56: Requested font "[LinBiolinum_R.otf]/OT:script=latn;language=dflt;+tnum;+lnum;mapping=tex-text;" at 9.0pt
warning: paper:56: Requested font "[LinBiolinum_RB.otf]/OT:script=latn;language=dflt;+tnum;+lnum;mapping=tex-text;" at 9.0pt
warning: related-work:3: Requested font "[LinLibertine_R.otf]/OT:script=latn;language=dflt;+tnum;+lnum;mapping=tex-text;" at 6.0pt
warning: related-work:4: Requested font "[LinLibertine_RB.otf]/OT:script=latn;language=dflt;+tnum;+lnum;mapping=tex-text;" at 9.0pt
warning: related-work:11: Requested font "[LinBiolinum_R.otf]/OT:script=latn;language=dflt;+tnum;+lnum;mapping=tex-text;" at 8.0pt
warning: related-work:19: Underfull \hbox (badness 2941) in paragraph at lines 19--19
warning: related-work:20: Underfull \hbox (badness 1789) in paragraph at lines 20--20
warning: paper:66:
Requested font "MinLibReg-ot1" at 9.0pt
warning: paper:66:  -> MinLibReg-ot1
warning: paper:66: Requested font "nxlmi" at 9.0pt
warning: paper:66:  -> nxlmi
warning: paper:66: Requested font "ntxsy" at 9.0pt
warning: paper:66:  -> ntxsy
warning: paper:66: Requested font "ntxexx" at 9.0pt
warning: paper:66:  -> ntxexx
warning: paper:66: Requested font "msam10" at 9.0pt
warning: paper:66:  -> msam10
warning: paper:66: Requested font "msbm10" at 9.0pt
warning: paper:66:  -> msbm10
warning: paper:66: Requested font "nxlmia" at 9.0pt
warning: paper:66:  -> nxlmia
warning: paper:66: Requested font "ntxsym" at 9.0pt
warning: paper:66:  -> ntxsym
warning: paper:66: Requested font "ntxsyc" at 9.0pt
warning: paper:66:  -> ntxsyc
warning: paper:66: Requested font "ntxexa" at 9.0pt
warning: paper:66:  -> ntxexa
warning: paper:67: Requested font "[LinBiolinum_R.otf]/OT:script=latn;language=dflt;+tnum;+lnum;mapping=tex-text;" at 7.0pt
warning: paper:93:
Requested font "[Inconsolatazi4-Regular.otf]/OT:script=latn;language=dflt;+ss03;" at 9.0pt
warning: paper:94: Underfull \hbox (badness 1057) in paragraph at lines 93--94
warning: paper:121: Underfull \hbox (badness 1077) in paragraph at lines 120--121
warning: paper:140: Underfull \vbox (badness 10000) has occurred while \output is active
warning: iciit2027-review-anonymous.bbl:47: Requested font "[LinLibertine_RI.otf]/OT:script=latn;language=dflt;+tnum;+lnum;mapping=tex-text;" at 7.0pt
warning: appendix:28: Underfull \vbox (badness 10000) has occurred while \output is active
warning: appendix:44: Underfull \vbox (badness 4048) has occurred while \output is active
note: Rerunning TeX because "iciit2027-review-anonymous.out" changed ...
warning: libertine.sty:308:
Requested font "[LinLibertine_R.otf]/OT" at 8.99997pt
warning: libertine.sty:308: Requested font "[LinLibertine_R.otf]/OT" at 9.00003pt
warning: libertine.sty:308: Requested font "[LinLibertine_R.otf]/OT:script=latn;language=dflt;" at 9.00003pt
warning: libertine.sty:308: Requested font "[LinLibertine_RB.otf]/OT:script=latn;language=dflt;" at 9.00003pt
warning: libertine.sty:308: Requested font "[LinLibertine_RI.otf]/OT:script=latn;language=dflt;" at 9.00003pt
warning: libertine.sty:308: Requested font "[LinLibertine_RBI.otf]/OT:script=latn;language=dflt;" at 9.00003pt
warning: libertine.sty:308: Requested font "[LinLibertine_R.otf]/OT:script=latn;language=dflt;+tnum;+lnum;mapping=tex-text;" at 9.0pt
warning: libertine.sty:319: Requested font "[LinBiolinum_R.otf]/OT" at 8.99997pt
warning: libertine.sty:319: Requested font "[LinBiolinum_R.otf]/OT" at 9.00003pt
warning: libertine.sty:319: Requested font "[LinBiolinum_R.otf]/OT:script=latn;language=dflt;" at 9.00003pt
warning: libertine.sty:319: Requested font "[LinBiolinum_RB.otf]/OT:script=latn;language=dflt;" at 9.00003pt
warning: libertine.sty:319: Requested font "[LinBiolinum_RI.otf]/OT:script=latn;language=dflt;" at 9.00003pt
warning: libertine.sty:319: Requested font "[LinBiolinum_RBO.otf]/OT:script=latn;language=dflt;" at 9.00003pt
warning: libertine.sty:338: Requested font "[LinLibertine_RZ.otf]/OT" at 8.99997pt
warning: libertine.sty:338: Requested font "[LinLibertine_RZ.otf]/OT" at 9.00003pt
warning: libertine.sty:338: Requested font "[LinLibertine_RZ.otf]/OT:script=latn;language=dflt;" at 9.00003pt
warning: libertine.sty:338: Requested font "[LinLibertine_RZI.otf]/OT:script=latn;language=dflt;" at 9.00003pt
warning: libertine.sty:361: Requested font "[LinLibertine_DR.otf]/OT" at 8.99997pt
warning: libertine.sty:361: Requested font "[LinLibertine_DR.otf]/OT" at 9.00003pt
warning: libertine.sty:361: Requested font "[LinLibertine_DR.otf]/OT:script=latn;language=dflt;" at 9.00003pt
warning: libertine.sty:435: Requested font "[LinLibertine_M.otf]/OT" at 8.99997pt
warning: libertine.sty:435: Requested font "[LinLibertine_M.otf]/OT" at 9.00003pt
warning: libertine.sty:435: Requested font "[LinLibertine_M.otf]/OT:script=latn;language=dflt;" at 9.00003pt
warning: libertine.sty:435: Requested font "[LinLibertine_MB.otf]/OT:script=latn;language=dflt;" at 9.00003pt
warning: libertine.sty:435: Requested font "[LinLibertine_MO.otf]/OT:script=latn;language=dflt;" at 9.00003pt
warning: libertine.sty:435: Requested font "[LinLibertine_MBO.otf]/OT:script=latn;language=dflt;" at 9.00003pt
warning: libertine.sty:436: Requested font "[LinBiolinum_K.otf]/OT" at 8.99997pt
warning: libertine.sty:436: Requested font "[LinBiolinum_K.otf]/OT" at 9.00003pt
warning: libertine.sty:436: Requested font "[LinBiolinum_K.otf]/OT:script=latn;language=dflt;" at 9.00003pt
warning: libertine.sty:437: Requested font "[LinLibertine_I.otf]/OT" at 8.99997pt
warning: libertine.sty:437: Requested font "[LinLibertine_I.otf]/OT" at 9.00003pt
warning: libertine.sty:437: Requested font "[LinLibertine_I.otf]/OT:script=latn;language=dflt;" at 9.00003pt
warning: acmart.cls:868:
Requested font "[Inconsolatazi4-Regular.otf]/OT" at 8.99997pt
warning: acmart.cls:868: Requested font "[Inconsolatazi4-Regular.otf]/OT" at 9.00003pt
warning: acmart.cls:868: Requested font "[Inconsolatazi4-Regular.otf]/OT:script=latn;language=dflt;" at 9.00003pt
warning: acmart.cls:868: Requested font "[Inconsolatazi4-Bold.otf]/OT:script=latn;language=dflt;" at 9.00003pt
warning: paper:19: Requested font "[LinLibertine_R.otf]/OT:script=latn;language=dflt;+tnum;+lnum;mapping=tex-text;" at 7.0pt
warning: paper:19:
Requested font "MinLibReg-ot1" at 7.3pt
warning: paper:19:  -> MinLibReg-ot1
warning: paper:19: Requested font "MinLibReg-ot1" at 5.5pt
warning: paper:19:  -> MinLibReg-ot1
warning: paper:19: Requested font "nxlmi7" at 7.3pt
warning: paper:19:  -> nxlmi7
warning: paper:19: Requested font "nxlmi5" at 5.5pt
warning: paper:19:  -> nxlmi5
warning: paper:19: Requested font "ntxsy7" at 7.3pt
warning: paper:19:  -> ntxsy7
warning: paper:19: Requested font "ntxsy5" at 5.5pt
warning: paper:19:  -> ntxsy5
warning: paper:19: Requested font "ntxexx" at 7.3pt
warning: paper:19:  -> ntxexx
warning: paper:19: Requested font "ntxexx" at 5.5pt
warning: paper:19:  -> ntxexx
warning: paper:19:
Requested font "msam7" at 7.3pt
warning: paper:19:  -> msam7
warning: paper:19: Requested font "msam5" at 5.5pt
warning: paper:19:  -> msam5
warning: paper:19:
Requested font "msbm7" at 7.3pt
warning: paper:19:  -> msbm7
warning: paper:19: Requested font "msbm5" at 5.5pt
warning: paper:19:  -> msbm5
warning: paper:19:
Requested font "nxlmia" at 7.3pt
warning: paper:19:  -> nxlmia
warning: paper:19: Requested font "nxlmia" at 5.5pt
warning: paper:19:  -> nxlmia
warning: paper:19:
Requested font "ntxsym" at 7.3pt
warning: paper:19:  -> ntxsym
warning: paper:19: Requested font "ntxsym" at 5.5pt
warning: paper:19:  -> ntxsym
warning: paper:19:
Requested font "ntxsyc" at 7.3pt
warning: paper:19:  -> ntxsyc
warning: paper:19: Requested font "ntxsyc" at 5.5pt
warning: paper:19:  -> ntxsyc
warning: paper:19: Requested font "ntxexa" at 7.3pt
warning: paper:19:  -> ntxexa
warning: paper:19: Requested font "ntxexa" at 5.5pt
warning: paper:19:  -> ntxexa
warning: paper:54: Requested font "[LinLibertine_R.otf]/OT:script=latn;language=dflt;+tnum;+lnum;mapping=tex-text;" at 12.0pt
warning: paper:54: Requested font "[LinBiolinum_R.otf]/OT:script=latn;language=dflt;+tnum;+lnum;mapping=tex-text;" at 12.0pt
warning: paper:54: Requested font "[LinBiolinum_RB.otf]/OT:script=latn;language=dflt;+tnum;+lnum;mapping=tex-text;" at 12.0pt
warning: paper:54: Requested font "[LinLibertine_R.otf]/OT:script=latn;language=dflt;+tnum;+lnum;mapping=tex-text;" at 10.95pt
warning: paper:54: Requested font "[LinBiolinum_R.otf]/OT:script=latn;language=dflt;+tnum;+lnum;mapping=tex-text;" at 10.95pt
warning: paper:54: Requested font "[LinLibertine_R.otf]/OT:script=latn;language=dflt;+tnum;+lnum;mapping=tex-text;" at 8.0pt
warning: paper:54: Requested font "[LinLibertine_RB.otf]/OT:script=latn;language=dflt;+tnum;+lnum;mapping=tex-text;" at 8.0pt
warning: paper:54: Requested font "MinLibReg-ot1" at 8.0pt
warning: paper:54:  -> MinLibReg-ot1
warning: paper:54: Requested font "MinLibReg-ot1" at 6.2pt
warning: paper:54:  -> MinLibReg-ot1
warning: paper:54: Requested font "nxlmi7" at 8.0pt
warning: paper:54:  -> nxlmi7
warning: paper:54: Requested font "nxlmi5" at 6.2pt
warning: paper:54:  -> nxlmi5
warning: paper:54: Requested font "ntxsy7" at 8.0pt
warning: paper:54:  -> ntxsy7
warning: paper:54: Requested font "ntxsy5" at 6.2pt
warning: paper:54:  -> ntxsy5
warning: paper:54: Requested font "ntxexx" at 8.0pt
warning: paper:54:  -> ntxexx
warning: paper:54: Requested font "ntxexx" at 6.2pt
warning: paper:54:  -> ntxexx
warning: paper:54: Requested font "msam10" at 8.0pt
warning: paper:54:  -> msam10
warning: paper:54:
Requested font "msam7" at 6.2pt
warning: paper:54:  -> msam7
warning: paper:54: Requested font "msbm10" at 8.0pt
warning: paper:54:  -> msbm10
warning: paper:54:
Requested font "msbm7" at 6.2pt
warning: paper:54:  -> msbm7
warning: paper:54: Requested font "nxlmia" at 8.0pt
warning: paper:54:  -> nxlmia
warning: paper:54: Requested font "nxlmia" at 6.2pt
warning: paper:54:  -> nxlmia
warning: paper:54: Requested font "ntxsym" at 8.0pt
warning: paper:54:  -> ntxsym
warning: paper:54: Requested font "ntxsym" at 6.2pt
warning: paper:54:  -> ntxsym
warning: paper:54: Requested font "ntxsyc" at 8.0pt
warning: paper:54:  -> ntxsyc
warning: paper:54: Requested font "ntxsyc" at 6.2pt
warning: paper:54:  -> ntxsyc
warning: paper:54: Requested font "ntxexa" at 8.0pt
warning: paper:54:  -> ntxexa
warning: paper:54: Requested font "ntxexa" at 6.2pt
warning: paper:54:  -> ntxexa
warning: paper:54: Requested font "[LinLibertine_RI.otf]/OT:script=latn;language=dflt;+tnum;+lnum;mapping=tex-text;" at 8.0pt
warning: paper:56: Requested font "[LinBiolinum_R.otf]/OT:script=latn;language=dflt;+tnum;+lnum;mapping=tex-text;" at 9.0pt
warning: paper:56: Requested font "[LinBiolinum_RB.otf]/OT:script=latn;language=dflt;+tnum;+lnum;mapping=tex-text;" at 9.0pt
warning: related-work:3: Requested font "[LinLibertine_R.otf]/OT:script=latn;language=dflt;+tnum;+lnum;mapping=tex-text;" at 6.0pt
warning: related-work:4: Requested font "[LinLibertine_RB.otf]/OT:script=latn;language=dflt;+tnum;+lnum;mapping=tex-text;" at 9.0pt
warning: related-work:9: Underfull \hbox (badness 1412) in paragraph at lines 8--9
warning: related-work:11: Requested font "[LinBiolinum_R.otf]/OT:script=latn;language=dflt;+tnum;+lnum;mapping=tex-text;" at 8.0pt
warning: related-work:19: Underfull \hbox (badness 2941) in paragraph at lines 19--19
warning: related-work:20: Underfull \hbox (badness 1789) in paragraph at lines 20--20
warning: paper:66:
Requested font "MinLibReg-ot1" at 9.0pt
warning: paper:66:  -> MinLibReg-ot1
warning: paper:66: Requested font "nxlmi" at 9.0pt
warning: paper:66:  -> nxlmi
warning: paper:66: Requested font "ntxsy" at 9.0pt
warning: paper:66:  -> ntxsy
warning: paper:66: Requested font "ntxexx" at 9.0pt
warning: paper:66:  -> ntxexx
warning: paper:66: Requested font "msam10" at 9.0pt
warning: paper:66:  -> msam10
warning: paper:66: Requested font "msbm10" at 9.0pt
warning: paper:66:  -> msbm10
warning: paper:66: Requested font "nxlmia" at 9.0pt
warning: paper:66:  -> nxlmia
warning: paper:66: Requested font "ntxsym" at 9.0pt
warning: paper:66:  -> ntxsym
warning: paper:66: Requested font "ntxsyc" at 9.0pt
warning: paper:66:  -> ntxsyc
warning: paper:66: Requested font "ntxexa" at 9.0pt
warning: paper:66:  -> ntxexa
warning: paper:67: Requested font "[LinBiolinum_R.otf]/OT:script=latn;language=dflt;+tnum;+lnum;mapping=tex-text;" at 7.0pt
warning: paper:93:
Requested font "[Inconsolatazi4-Regular.otf]/OT:script=latn;language=dflt;+ss03;" at 9.0pt
warning: paper:94: Underfull \hbox (badness 1057) in paragraph at lines 93--94
warning: paper:121: Underfull \hbox (badness 1077) in paragraph at lines 120--121
warning: paper:140: Underfull \vbox (badness 10000) has occurred while \output is active
warning: iciit2027-review-anonymous.bbl:47: Requested font "[LinLibertine_RI.otf]/OT:script=latn;language=dflt;+tnum;+lnum;mapping=tex-text;" at 7.0pt
warning: appendix:28: Underfull \vbox (badness 10000) has occurred while \output is active
warning: appendix:44: Underfull \vbox (badness 4048) has occurred while \output is active
warning: warnings were issued by the TeX engine; use --print and/or --keep-logs for details.
note: Running xdvipdfmx ...
note: Writing `iciit2027-review-anonymous.blg` (552 B)
note: Writing `iciit2027-review-anonymous.pdf` (126.759765625 KiB)
note: Skipped writing 4 intermediate files (use --keep-intermediates to keep them)
