note: Running TeX ...
warning: libertine.sty:308: 
Requested font "[LinLibertine_R.otf]/OT" at 8.99997pt
warning: libertine.sty:308: Requested font "[LinLibertine_R.otf]/OT" at 9.00003pt
warning: libertine.sty:308: Requested font "[LinLibertine_R.otf]/OT:script=latn;language=dflt;" at 9.00003pt
warning: libertine.sty:308: Requested font "[LinLibertine_RB.otf]/OT:script=latn;language=dflt;" at 9.00003pt
warning: libertine.sty:308: Requested font "[LinLibertine_RI.otf]/OT:script=latn;language=dflt;" at 9.00003pt
warning: libertine.sty:308: Requested font "[LinLibertine_RBI.otf]/OT:script=latn;language=dflt;" at 9.00003pt
warning: libertine.sty:308: Requested font "[LinLibertine_R.otf]/OT:script=latn;language=dflt;+tnum;+lnum;mapping=tex-text;" at 9.0pt
warning: libertine.sty:319: Requested font "[LinBiolinum_R.otf]/OT" at 8.99997pt
warning: libertine.sty:319: Requested font "[LinBiolinum_R.otf]/OT" at 9.00003pt
warning: libertine.sty:319: Requested font "[LinBiolinum_R.otf]/OT:script=latn;language=dflt;" at 9.00003pt
warning: libertine.sty:319: Requested font "[LinBiolinum_RB.otf]/OT:script=latn;language=dflt;" at 9.00003pt
warning: libertine.sty:319: Requested font "[LinBiolinum_RI.otf]/OT:script=latn;language=dflt;" at 9.00003pt
warning: libertine.sty:319: Requested font "[LinBiolinum_RBO.otf]/OT:script=latn;language=dflt;" at 9.00003pt
warning: libertine.sty:338: Requested font "[LinLibertine_RZ.otf]/OT" at 8.99997pt
warning: libertine.sty:338: Requested font "[LinLibertine_RZ.otf]/OT" at 9.00003pt
warning: libertine.sty:338: Requested font "[LinLibertine_RZ.otf]/OT:script=latn;language=dflt;" at 9.00003pt
warning: libertine.sty:338: Requested font "[LinLibertine_RZI.otf]/OT:script=latn;language=dflt;" at 9.00003pt
warning: libertine.sty:361: Requested font "[LinLibertine_DR.otf]/OT" at 8.99997pt
warning: libertine.sty:361: Requested font "[LinLibertine_DR.otf]/OT" at 9.00003pt
warning: libertine.sty:361: Requested font "[LinLibertine_DR.otf]/OT:script=latn;language=dflt;" at 9.00003pt
warning: libertine.sty:435: Requested font "[LinLibertine_M.otf]/OT" at 8.99997pt
warning: libertine.sty:435: Requested font "[LinLibertine_M.otf]/OT" at 9.00003pt
warning: libertine.sty:435: Requested font "[LinLibertine_M.otf]/OT:script=latn;language=dflt;" at 9.00003pt
warning: libertine.sty:435: Requested font "[LinLibertine_MB.otf]/OT:script=latn;language=dflt;" at 9.00003pt
warning: libertine.sty:435: Requested font "[LinLibertine_MO.otf]/OT:script=latn;language=dflt;" at 9.00003pt
warning: libertine.sty:435: Requested font "[LinLibertine_MBO.otf]/OT:script=latn;language=dflt;" at 9.00003pt
warning: libertine.sty:436: Requested font "[LinBiolinum_K.otf]/OT" at 8.99997pt
warning: libertine.sty:436: Requested font "[LinBiolinum_K.otf]/OT" at 9.00003pt
warning: libertine.sty:436: Requested font "[LinBiolinum_K.otf]/OT:script=latn;language=dflt;" at 9.00003pt
warning: libertine.sty:437: Requested font "[LinLibertine_I.otf]/OT" at 8.99997pt
warning: libertine.sty:437: Requested font "[LinLibertine_I.otf]/OT" at 9.00003pt
warning: libertine.sty:437: Requested font "[LinLibertine_I.otf]/OT:script=latn;language=dflt;" at 9.00003pt
warning: acmart.cls:868: 
Requested font "[Inconsolatazi4-Regular.otf]/OT" at 8.99997pt
warning: acmart.cls:868: Requested font "[Inconsolatazi4-Regular.otf]/OT" at 9.00003pt
warning: acmart.cls:868: Requested font "[Inconsolatazi4-Regular.otf]/OT:script=latn;language=dflt;" at 9.00003pt
warning: acmart.cls:868: Requested font "[Inconsolatazi4-Bold.otf]/OT:script=latn;language=dflt;" at 9.00003pt
warning: paper:18: Requested font "[LinLibertine_R.otf]/OT:script=latn;language=dflt;+tnum;+lnum;mapping=tex-text;" at 7.0pt
warning: paper:18: 
Requested font "MinLibReg-ot1" at 7.3pt
warning: paper:18:  -> MinLibReg-ot1
warning: paper:18: Requested font "MinLibReg-ot1" at 5.5pt
warning: paper:18:  -> MinLibReg-ot1
warning: paper:18: Requested font "nxlmi7" at 7.3pt
warning: paper:18:  -> nxlmi7
warning: paper:18: Requested font "nxlmi5" at 5.5pt
warning: paper:18:  -> nxlmi5
warning: paper:18: Requested font "ntxsy7" at 7.3pt
warning: paper:18:  -> ntxsy7
warning: paper:18: Requested font "ntxsy5" at 5.5pt
warning: paper:18:  -> ntxsy5
warning: paper:18: Requested font "ntxexx" at 7.3pt
warning: paper:18:  -> ntxexx
warning: paper:18: Requested font "ntxexx" at 5.5pt
warning: paper:18:  -> ntxexx
warning: paper:18: 
Requested font "msam7" at 7.3pt
warning: paper:18:  -> msam7
warning: paper:18: Requested font "msam5" at 5.5pt
warning: paper:18:  -> msam5
warning: paper:18: 
Requested font "msbm7" at 7.3pt
warning: paper:18:  -> msbm7
warning: paper:18: Requested font "msbm5" at 5.5pt
warning: paper:18:  -> msbm5
warning: paper:18: 
Requested font "nxlmia" at 7.3pt
warning: paper:18:  -> nxlmia
warning: paper:18: Requested font "nxlmia" at 5.5pt
warning: paper:18:  -> nxlmia
warning: paper:18: 
Requested font "ntxsym" at 7.3pt
warning: paper:18:  -> ntxsym
warning: paper:18: Requested font "ntxsym" at 5.5pt
warning: paper:18:  -> ntxsym
warning: paper:18: 
Requested font "ntxsyc" at 7.3pt
warning: paper:18:  -> ntxsyc
warning: paper:18: Requested font "ntxsyc" at 5.5pt
warning: paper:18:  -> ntxsyc
warning: paper:18: Requested font "ntxexa" at 7.3pt
warning: paper:18:  -> ntxexa
warning: paper:18: Requested font "ntxexa" at 5.5pt
warning: paper:18:  -> ntxexa
warning: paper:53: Requested font "[LinLibertine_R.otf]/OT:script=latn;language=dflt;+tnum;+lnum;mapping=tex-text;" at 12.0pt
warning: paper:53: Requested font "[LinBiolinum_R.otf]/OT:script=latn;language=dflt;+tnum;+lnum;mapping=tex-text;" at 12.0pt
warning: paper:53: Requested font "[LinBiolinum_RB.otf]/OT:script=latn;language=dflt;+tnum;+lnum;mapping=tex-text;" at 12.0pt
warning: paper:53: Requested font "MinLibReg-ot1" at 12.0pt
warning: paper:53:  -> MinLibReg-ot1
warning: paper:53: Requested font "MinLibReg-ot1" at 8.8pt
warning: paper:53:  -> MinLibReg-ot1
warning: paper:53: Requested font "MinLibReg-ot1" at 6.6pt
warning: paper:53:  -> MinLibReg-ot1
warning: paper:53: Requested font "nxlmi" at 12.0pt
warning: paper:53:  -> nxlmi
warning: paper:53: Requested font "nxlmi" at 8.8pt
warning: paper:53:  -> nxlmi
warning: paper:53: Requested font "nxlmi7" at 6.6pt
warning: paper:53:  -> nxlmi7
warning: paper:53: Requested font "ntxsy" at 12.0pt
warning: paper:53:  -> ntxsy
warning: paper:53: Requested font "ntxsy" at 8.8pt
warning: paper:53:  -> ntxsy
warning: paper:53: Requested font "ntxsy7" at 6.6pt
warning: paper:53:  -> ntxsy7
warning: paper:53: Requested font "ntxexx" at 12.0pt
warning: paper:53:  -> ntxexx
warning: paper:53: Requested font "ntxexx" at 8.8pt
warning: paper:53:  -> ntxexx
warning: paper:53: Requested font "ntxexx" at 6.6pt
warning: paper:53:  -> ntxexx
warning: paper:53: Requested font "msam10" at 12.0pt
warning: paper:53:  -> msam10
warning: paper:53: 
Requested font "msam10" at 8.8pt
warning: paper:53:  -> msam10
warning: paper:53: Requested font "msam7" at 6.6pt
warning: paper:53:  -> msam7
warning: paper:53: Requested font "msbm10" at 12.0pt
warning: paper:53:  -> msbm10
warning: paper:53: 
Requested font "msbm10" at 8.8pt
warning: paper:53:  -> msbm10
warning: paper:53: Requested font "msbm7" at 6.6pt
warning: paper:53:  -> msbm7
warning: paper:53: Requested font "nxlmia" at 12.0pt
warning: paper:53:  -> nxlmia
warning: paper:53: Requested font "nxlmia" at 8.8pt
warning: paper:53:  -> nxlmia
warning: paper:53: Requested font "nxlmia" at 6.6pt
warning: paper:53:  -> nxlmia
warning: paper:53: Requested font "ntxsym" at 12.0pt
warning: paper:53:  -> ntxsym
warning: paper:53: Requested font "ntxsym" at 8.8pt
warning: paper:53:  -> ntxsym
warning: paper:53: Requested font "ntxsym" at 6.6pt
warning: paper:53:  -> ntxsym
warning: paper:53: Requested font "ntxsyc" at 12.0pt
warning: paper:53:  -> ntxsyc
warning: paper:53: Requested font "ntxsyc" at 8.8pt
warning: paper:53:  -> ntxsyc
warning: paper:53: Requested font "ntxsyc" at 6.6pt
warning: paper:53:  -> ntxsyc
warning: paper:53: Requested font "ntxexa" at 12.0pt
warning: paper:53:  -> ntxexa
warning: paper:53: Requested font "ntxexa" at 8.8pt
warning: paper:53:  -> ntxexa
warning: paper:53: Requested font "ntxexa" at 6.6pt
warning: paper:53:  -> ntxexa
warning: paper:53: Requested font "[LinLibertine_R.otf]/OT:script=latn;language=dflt;+tnum;+lnum;mapping=tex-text;" at 8.8pt
warning: paper:53: Requested font "[LinLibertine_R.otf]/OT:script=latn;language=dflt;+tnum;+lnum;mapping=tex-text;" at 10.0pt
warning: paper:53: Requested font "MinLibReg-ot1" at 10.0pt
warning: paper:53:  -> MinLibReg-ot1
warning: paper:53: Requested font "nxlmi" at 10.0pt
warning: paper:53:  -> nxlmi
warning: paper:53: Requested font "ntxsy" at 10.0pt
warning: paper:53:  -> ntxsy
warning: paper:53: Requested font "ntxexx" at 10.0pt
warning: paper:53:  -> ntxexx
warning: paper:53: Requested font "msam10" at 10.0pt
warning: paper:53:  -> msam10
warning: paper:53: Requested font "msbm10" at 10.0pt
warning: paper:53:  -> msbm10
warning: paper:53: Requested font "nxlmia" at 10.0pt
warning: paper:53:  -> nxlmia
warning: paper:53: Requested font "ntxsym" at 10.0pt
warning: paper:53:  -> ntxsym
warning: paper:53: Requested font "ntxsyc" at 10.0pt
warning: paper:53:  -> ntxsyc
warning: paper:53: Requested font "ntxexa" at 10.0pt
warning: paper:53:  -> ntxexa
warning: paper:53: Requested font "[LinLibertine_R.otf]/OT:script=latn;language=dflt;+tnum;+lnum;mapping=tex-text;" at 7.3pt
warning: paper:53: Requested font "[LinLibertine_R.otf]/OT:script=latn;language=dflt;+tnum;+lnum;mapping=tex-text;" at 8.0pt
warning: paper:53: Requested font "[LinLibertine_RB.otf]/OT:script=latn;language=dflt;+tnum;+lnum;mapping=tex-text;" at 8.0pt
warning: paper:53: Requested font "MinLibReg-ot1" at 8.0pt
warning: paper:53:  -> MinLibReg-ot1
warning: paper:53: Requested font "MinLibReg-ot1" at 6.2pt
warning: paper:53:  -> MinLibReg-ot1
warning: paper:53: Requested font "nxlmi7" at 8.0pt
warning: paper:53:  -> nxlmi7
warning: paper:53: Requested font "nxlmi5" at 6.2pt
warning: paper:53:  -> nxlmi5
warning: paper:53: Requested font "ntxsy7" at 8.0pt
warning: paper:53:  -> ntxsy7
warning: paper:53: Requested font "ntxsy5" at 6.2pt
warning: paper:53:  -> ntxsy5
warning: paper:53: Requested font "ntxexx" at 8.0pt
warning: paper:53:  -> ntxexx
warning: paper:53: Requested font "ntxexx" at 6.2pt
warning: paper:53:  -> ntxexx
warning: paper:53: Requested font "msam10" at 8.0pt
warning: paper:53:  -> msam10
warning: paper:53: Requested font "msam7" at 6.2pt
warning: paper:53:  -> msam7
warning: paper:53: Requested font "msbm10" at 8.0pt
warning: paper:53:  -> msbm10
warning: paper:53: Requested font "msbm7" at 6.2pt
warning: paper:53:  -> msbm7
warning: paper:53: Requested font "nxlmia" at 8.0pt
warning: paper:53:  -> nxlmia
warning: paper:53: Requested font "nxlmia" at 6.2pt
warning: paper:53:  -> nxlmia
warning: paper:53: Requested font "ntxsym" at 8.0pt
warning: paper:53:  -> ntxsym
warning: paper:53: Requested font "ntxsym" at 6.2pt
warning: paper:53:  -> ntxsym
warning: paper:53: Requested font "ntxsyc" at 8.0pt
warning: paper:53:  -> ntxsyc
warning: paper:53: Requested font "ntxsyc" at 6.2pt
warning: paper:53:  -> ntxsyc
warning: paper:53: Requested font "ntxexa" at 8.0pt
warning: paper:53:  -> ntxexa
warning: paper:53: Requested font "ntxexa" at 6.2pt
warning: paper:53:  -> ntxexa
warning: paper:53: Requested font "[LinLibertine_RI.otf]/OT:script=latn;language=dflt;+tnum;+lnum;mapping=tex-text;" at 8.0pt
warning: paper:55: Requested font "[LinBiolinum_R.otf]/OT:script=latn;language=dflt;+tnum;+lnum;mapping=tex-text;" at 9.0pt
warning: paper:55: Requested font "[LinBiolinum_RB.otf]/OT:script=latn;language=dflt;+tnum;+lnum;mapping=tex-text;" at 9.0pt
warning: paper:61: Requested font "[LinLibertine_R.otf]/OT:script=latn;language=dflt;+tnum;+lnum;mapping=tex-text;" at 6.0pt
warning: related-work:4: Requested font "[LinLibertine_RB.otf]/OT:script=latn;language=dflt;+tnum;+lnum;mapping=tex-text;" at 9.0pt
warning: related-work:16: Requested font "[LinBiolinum_R.otf]/OT:script=latn;language=dflt;+tnum;+lnum;mapping=tex-text;" at 8.0pt
warning: related-work:24: Underfull \hbox (badness 2941) in paragraph at lines 24--24
warning: related-work:25: Underfull \hbox (badness 1789) in paragraph at lines 25--25
warning: paper:65: 
Requested font "MinLibReg-ot1" at 9.0pt
warning: paper:65:  -> MinLibReg-ot1
warning: paper:65: Requested font "nxlmi" at 9.0pt
warning: paper:65:  -> nxlmi
warning: paper:65: Requested font "ntxsy" at 9.0pt
warning: paper:65:  -> ntxsy
warning: paper:65: Requested font "ntxexx" at 9.0pt
warning: paper:65:  -> ntxexx
warning: paper:65: Requested font "msam10" at 9.0pt
warning: paper:65:  -> msam10
warning: paper:65: Requested font "msbm10" at 9.0pt
warning: paper:65:  -> msbm10
warning: paper:65: Requested font "nxlmia" at 9.0pt
warning: paper:65:  -> nxlmia
warning: paper:65: Requested font "ntxsym" at 9.0pt
warning: paper:65:  -> ntxsym
warning: paper:65: Requested font "ntxsyc" at 9.0pt
warning: paper:65:  -> ntxsyc
warning: paper:65: Requested font "ntxexa" at 9.0pt
warning: paper:65:  -> ntxexa
warning: paper:66: Requested font "[LinBiolinum_R.otf]/OT:script=latn;language=dflt;+tnum;+lnum;mapping=tex-text;" at 7.0pt
warning: paper:90: 
Requested font "[Inconsolatazi4-Regular.otf]/OT:script=latn;language=dflt;+ss03;" at 9.0pt
warning: paper:91: Underfull \hbox (badness 1057) in paragraph at lines 90--91
warning: paper:135: Underfull \vbox (badness 10000) has occurred while \output is active
warning: appendix:28: Underfull \vbox (badness 10000) has occurred while \output is active
warning: appendix:44: Underfull \vbox (badness 4048) has occurred while \output is active
note: Running BibTeX on iciit2027-review.aux ...
note: warnings were issued by BibTeX; use --print and/or --keep-logs for details.
note: Rerunning TeX because bibtex was run ...
warning: libertine.sty:308: 
Requested font "[LinLibertine_R.otf]/OT" at 8.99997pt
warning: libertine.sty:308: Requested font "[LinLibertine_R.otf]/OT" at 9.00003pt
warning: libertine.sty:308: Requested font "[LinLibertine_R.otf]/OT:script=latn;language=dflt;" at 9.00003pt
warning: libertine.sty:308: Requested font "[LinLibertine_RB.otf]/OT:script=latn;language=dflt;" at 9.00003pt
warning: libertine.sty:308: Requested font "[LinLibertine_RI.otf]/OT:script=latn;language=dflt;" at 9.00003pt
warning: libertine.sty:308: Requested font "[LinLibertine_RBI.otf]/OT:script=latn;language=dflt;" at 9.00003pt
warning: libertine.sty:308: Requested font "[LinLibertine_R.otf]/OT:script=latn;language=dflt;+tnum;+lnum;mapping=tex-text;" at 9.0pt
warning: libertine.sty:319: Requested font "[LinBiolinum_R.otf]/OT" at 8.99997pt
warning: libertine.sty:319: Requested font "[LinBiolinum_R.otf]/OT" at 9.00003pt
warning: libertine.sty:319: Requested font "[LinBiolinum_R.otf]/OT:script=latn;language=dflt;" at 9.00003pt
warning: libertine.sty:319: Requested font "[LinBiolinum_RB.otf]/OT:script=latn;language=dflt;" at 9.00003pt
warning: libertine.sty:319: Requested font "[LinBiolinum_RI.otf]/OT:script=latn;language=dflt;" at 9.00003pt
warning: libertine.sty:319: Requested font "[LinBiolinum_RBO.otf]/OT:script=latn;language=dflt;" at 9.00003pt
warning: libertine.sty:338: Requested font "[LinLibertine_RZ.otf]/OT" at 8.99997pt
warning: libertine.sty:338: Requested font "[LinLibertine_RZ.otf]/OT" at 9.00003pt
warning: libertine.sty:338: Requested font "[LinLibertine_RZ.otf]/OT:script=latn;language=dflt;" at 9.00003pt
warning: libertine.sty:338: Requested font "[LinLibertine_RZI.otf]/OT:script=latn;language=dflt;" at 9.00003pt
warning: libertine.sty:361: Requested font "[LinLibertine_DR.otf]/OT" at 8.99997pt
warning: libertine.sty:361: Requested font "[LinLibertine_DR.otf]/OT" at 9.00003pt
warning: libertine.sty:361: Requested font "[LinLibertine_DR.otf]/OT:script=latn;language=dflt;" at 9.00003pt
warning: libertine.sty:435: Requested font "[LinLibertine_M.otf]/OT" at 8.99997pt
warning: libertine.sty:435: Requested font "[LinLibertine_M.otf]/OT" at 9.00003pt
warning: libertine.sty:435: Requested font "[LinLibertine_M.otf]/OT:script=latn;language=dflt;" at 9.00003pt
warning: libertine.sty:435: Requested font "[LinLibertine_MB.otf]/OT:script=latn;language=dflt;" at 9.00003pt
warning: libertine.sty:435: Requested font "[LinLibertine_MO.otf]/OT:script=latn;language=dflt;" at 9.00003pt
warning: libertine.sty:435: Requested font "[LinLibertine_MBO.otf]/OT:script=latn;language=dflt;" at 9.00003pt
warning: libertine.sty:436: Requested font "[LinBiolinum_K.otf]/OT" at 8.99997pt
warning: libertine.sty:436: Requested font "[LinBiolinum_K.otf]/OT" at 9.00003pt
warning: libertine.sty:436: Requested font "[LinBiolinum_K.otf]/OT:script=latn;language=dflt;" at 9.00003pt
warning: libertine.sty:437: Requested font "[LinLibertine_I.otf]/OT" at 8.99997pt
warning: libertine.sty:437: Requested font "[LinLibertine_I.otf]/OT" at 9.00003pt
warning: libertine.sty:437: Requested font "[LinLibertine_I.otf]/OT:script=latn;language=dflt;" at 9.00003pt
warning: acmart.cls:868: 
Requested font "[Inconsolatazi4-Regular.otf]/OT" at 8.99997pt
warning: acmart.cls:868: Requested font "[Inconsolatazi4-Regular.otf]/OT" at 9.00003pt
warning: acmart.cls:868: Requested font "[Inconsolatazi4-Regular.otf]/OT:script=latn;language=dflt;" at 9.00003pt
warning: acmart.cls:868: Requested font "[Inconsolatazi4-Bold.otf]/OT:script=latn;language=dflt;" at 9.00003pt
warning: paper:18: Requested font "[LinLibertine_R.otf]/OT:script=latn;language=dflt;+tnum;+lnum;mapping=tex-text;" at 7.0pt
warning: paper:18: 
Requested font "MinLibReg-ot1" at 7.3pt
warning: paper:18:  -> MinLibReg-ot1
warning: paper:18: Requested font "MinLibReg-ot1" at 5.5pt
warning: paper:18:  -> MinLibReg-ot1
warning: paper:18: Requested font "nxlmi7" at 7.3pt
warning: paper:18:  -> nxlmi7
warning: paper:18: Requested font "nxlmi5" at 5.5pt
warning: paper:18:  -> nxlmi5
warning: paper:18: Requested font "ntxsy7" at 7.3pt
warning: paper:18:  -> ntxsy7
warning: paper:18: Requested font "ntxsy5" at 5.5pt
warning: paper:18:  -> ntxsy5
warning: paper:18: Requested font "ntxexx" at 7.3pt
warning: paper:18:  -> ntxexx
warning: paper:18: Requested font "ntxexx" at 5.5pt
warning: paper:18:  -> ntxexx
warning: paper:18: 
Requested font "msam7" at 7.3pt
warning: paper:18:  -> msam7
warning: paper:18: Requested font "msam5" at 5.5pt
warning: paper:18:  -> msam5
warning: paper:18: 
Requested font "msbm7" at 7.3pt
warning: paper:18:  -> msbm7
warning: paper:18: Requested font "msbm5" at 5.5pt
warning: paper:18:  -> msbm5
warning: paper:18: 
Requested font "nxlmia" at 7.3pt
warning: paper:18:  -> nxlmia
warning: paper:18: Requested font "nxlmia" at 5.5pt
warning: paper:18:  -> nxlmia
warning: paper:18: 
Requested font "ntxsym" at 7.3pt
warning: paper:18:  -> ntxsym
warning: paper:18: Requested font "ntxsym" at 5.5pt
warning: paper:18:  -> ntxsym
warning: paper:18: 
Requested font "ntxsyc" at 7.3pt
warning: paper:18:  -> ntxsyc
warning: paper:18: Requested font "ntxsyc" at 5.5pt
warning: paper:18:  -> ntxsyc
warning: paper:18: Requested font "ntxexa" at 7.3pt
warning: paper:18:  -> ntxexa
warning: paper:18: Requested font "ntxexa" at 5.5pt
warning: paper:18:  -> ntxexa
warning: paper:53: Requested font "[LinLibertine_R.otf]/OT:script=latn;language=dflt;+tnum;+lnum;mapping=tex-text;" at 12.0pt
warning: paper:53: Requested font "[LinBiolinum_R.otf]/OT:script=latn;language=dflt;+tnum;+lnum;mapping=tex-text;" at 12.0pt
warning: paper:53: Requested font "[LinBiolinum_RB.otf]/OT:script=latn;language=dflt;+tnum;+lnum;mapping=tex-text;" at 12.0pt
warning: paper:53: Requested font "MinLibReg-ot1" at 12.0pt
warning: paper:53:  -> MinLibReg-ot1
warning: paper:53: Requested font "MinLibReg-ot1" at 8.8pt
warning: paper:53:  -> MinLibReg-ot1
warning: paper:53: Requested font "MinLibReg-ot1" at 6.6pt
warning: paper:53:  -> MinLibReg-ot1
warning: paper:53: Requested font "nxlmi" at 12.0pt
warning: paper:53:  -> nxlmi
warning: paper:53: Requested font "nxlmi" at 8.8pt
warning: paper:53:  -> nxlmi
warning: paper:53: Requested font "nxlmi7" at 6.6pt
warning: paper:53:  -> nxlmi7
warning: paper:53: Requested font "ntxsy" at 12.0pt
warning: paper:53:  -> ntxsy
warning: paper:53: Requested font "ntxsy" at 8.8pt
warning: paper:53:  -> ntxsy
warning: paper:53: Requested font "ntxsy7" at 6.6pt
warning: paper:53:  -> ntxsy7
warning: paper:53: Requested font "ntxexx" at 12.0pt
warning: paper:53:  -> ntxexx
warning: paper:53: Requested font "ntxexx" at 8.8pt
warning: paper:53:  -> ntxexx
warning: paper:53: Requested font "ntxexx" at 6.6pt
warning: paper:53:  -> ntxexx
warning: paper:53: Requested font "msam10" at 12.0pt
warning: paper:53:  -> msam10
warning: paper:53: 
Requested font "msam10" at 8.8pt
warning: paper:53:  -> msam10
warning: paper:53: Requested font "msam7" at 6.6pt
warning: paper:53:  -> msam7
warning: paper:53: Requested font "msbm10" at 12.0pt
warning: paper:53:  -> msbm10
warning: paper:53: 
Requested font "msbm10" at 8.8pt
warning: paper:53:  -> msbm10
warning: paper:53: Requested font "msbm7" at 6.6pt
warning: paper:53:  -> msbm7
warning: paper:53: Requested font "nxlmia" at 12.0pt
warning: paper:53:  -> nxlmia
warning: paper:53: Requested font "nxlmia" at 8.8pt
warning: paper:53:  -> nxlmia
warning: paper:53: Requested font "nxlmia" at 6.6pt
warning: paper:53:  -> nxlmia
warning: paper:53: Requested font "ntxsym" at 12.0pt
warning: paper:53:  -> ntxsym
warning: paper:53: Requested font "ntxsym" at 8.8pt
warning: paper:53:  -> ntxsym
warning: paper:53: Requested font "ntxsym" at 6.6pt
warning: paper:53:  -> ntxsym
warning: paper:53: Requested font "ntxsyc" at 12.0pt
warning: paper:53:  -> ntxsyc
warning: paper:53: Requested font "ntxsyc" at 8.8pt
warning: paper:53:  -> ntxsyc
warning: paper:53: Requested font "ntxsyc" at 6.6pt
warning: paper:53:  -> ntxsyc
warning: paper:53: Requested font "ntxexa" at 12.0pt
warning: paper:53:  -> ntxexa
warning: paper:53: Requested font "ntxexa" at 8.8pt
warning: paper:53:  -> ntxexa
warning: paper:53: Requested font "ntxexa" at 6.6pt
warning: paper:53:  -> ntxexa
warning: paper:53: Requested font "[LinLibertine_R.otf]/OT:script=latn;language=dflt;+tnum;+lnum;mapping=tex-text;" at 8.8pt
warning: paper:53: Requested font "[LinLibertine_R.otf]/OT:script=latn;language=dflt;+tnum;+lnum;mapping=tex-text;" at 10.0pt
warning: paper:53: Requested font "MinLibReg-ot1" at 10.0pt
warning: paper:53:  -> MinLibReg-ot1
warning: paper:53: Requested font "nxlmi" at 10.0pt
warning: paper:53:  -> nxlmi
warning: paper:53: Requested font "ntxsy" at 10.0pt
warning: paper:53:  -> ntxsy
warning: paper:53: Requested font "ntxexx" at 10.0pt
warning: paper:53:  -> ntxexx
warning: paper:53: Requested font "msam10" at 10.0pt
warning: paper:53:  -> msam10
warning: paper:53: Requested font "msbm10" at 10.0pt
warning: paper:53:  -> msbm10
warning: paper:53: Requested font "nxlmia" at 10.0pt
warning: paper:53:  -> nxlmia
warning: paper:53: Requested font "ntxsym" at 10.0pt
warning: paper:53:  -> ntxsym
warning: paper:53: Requested font "ntxsyc" at 10.0pt
warning: paper:53:  -> ntxsyc
warning: paper:53: Requested font "ntxexa" at 10.0pt
warning: paper:53:  -> ntxexa
warning: paper:53: Requested font "[LinLibertine_R.otf]/OT:script=latn;language=dflt;+tnum;+lnum;mapping=tex-text;" at 7.3pt
warning: paper:53: Requested font "[LinLibertine_R.otf]/OT:script=latn;language=dflt;+tnum;+lnum;mapping=tex-text;" at 8.0pt
warning: paper:53: Requested font "[LinLibertine_RB.otf]/OT:script=latn;language=dflt;+tnum;+lnum;mapping=tex-text;" at 8.0pt
warning: paper:53: Requested font "MinLibReg-ot1" at 8.0pt
warning: paper:53:  -> MinLibReg-ot1
warning: paper:53: Requested font "MinLibReg-ot1" at 6.2pt
warning: paper:53:  -> MinLibReg-ot1
warning: paper:53: Requested font "nxlmi7" at 8.0pt
warning: paper:53:  -> nxlmi7
warning: paper:53: Requested font "nxlmi5" at 6.2pt
warning: paper:53:  -> nxlmi5
warning: paper:53: Requested font "ntxsy7" at 8.0pt
warning: paper:53:  -> ntxsy7
warning: paper:53: Requested font "ntxsy5" at 6.2pt
warning: paper:53:  -> ntxsy5
warning: paper:53: Requested font "ntxexx" at 8.0pt
warning: paper:53:  -> ntxexx
warning: paper:53: Requested font "ntxexx" at 6.2pt
warning: paper:53:  -> ntxexx
warning: paper:53: Requested font "msam10" at 8.0pt
warning: paper:53:  -> msam10
warning: paper:53: Requested font "msam7" at 6.2pt
warning: paper:53:  -> msam7
warning: paper:53: Requested font "msbm10" at 8.0pt
warning: paper:53:  -> msbm10
warning: paper:53: Requested font "msbm7" at 6.2pt
warning: paper:53:  -> msbm7
warning: paper:53: Requested font "nxlmia" at 8.0pt
warning: paper:53:  -> nxlmia
warning: paper:53: Requested font "nxlmia" at 6.2pt
warning: paper:53:  -> nxlmia
warning: paper:53: Requested font "ntxsym" at 8.0pt
warning: paper:53:  -> ntxsym
warning: paper:53: Requested font "ntxsym" at 6.2pt
warning: paper:53:  -> ntxsym
warning: paper:53: Requested font "ntxsyc" at 8.0pt
warning: paper:53:  -> ntxsyc
warning: paper:53: Requested font "ntxsyc" at 6.2pt
warning: paper:53:  -> ntxsyc
warning: paper:53: Requested font "ntxexa" at 8.0pt
warning: paper:53:  -> ntxexa
warning: paper:53: Requested font "ntxexa" at 6.2pt
warning: paper:53:  -> ntxexa
warning: paper:53: Requested font "[LinLibertine_RI.otf]/OT:script=latn;language=dflt;+tnum;+lnum;mapping=tex-text;" at 8.0pt
warning: paper:55: Requested font "[LinBiolinum_R.otf]/OT:script=latn;language=dflt;+tnum;+lnum;mapping=tex-text;" at 9.0pt
warning: paper:55: Requested font "[LinBiolinum_RB.otf]/OT:script=latn;language=dflt;+tnum;+lnum;mapping=tex-text;" at 9.0pt
warning: paper:61: Requested font "[LinLibertine_R.otf]/OT:script=latn;language=dflt;+tnum;+lnum;mapping=tex-text;" at 6.0pt
warning: related-work:4: Requested font "[LinLibertine_RB.otf]/OT:script=latn;language=dflt;+tnum;+lnum;mapping=tex-text;" at 9.0pt
warning: related-work:16: Requested font "[LinBiolinum_R.otf]/OT:script=latn;language=dflt;+tnum;+lnum;mapping=tex-text;" at 8.0pt
warning: related-work:24: Underfull \hbox (badness 2941) in paragraph at lines 24--24
warning: related-work:25: Underfull \hbox (badness 1789) in paragraph at lines 25--25
warning: paper:65: 
Requested font "MinLibReg-ot1" at 9.0pt
warning: paper:65:  -> MinLibReg-ot1
warning: paper:65: Requested font "nxlmi" at 9.0pt
warning: paper:65:  -> nxlmi
warning: paper:65: Requested font "ntxsy" at 9.0pt
warning: paper:65:  -> ntxsy
warning: paper:65: Requested font "ntxexx" at 9.0pt
warning: paper:65:  -> ntxexx
warning: paper:65: Requested font "msam10" at 9.0pt
warning: paper:65:  -> msam10
warning: paper:65: Requested font "msbm10" at 9.0pt
warning: paper:65:  -> msbm10
warning: paper:65: Requested font "nxlmia" at 9.0pt
warning: paper:65:  -> nxlmia
warning: paper:65: Requested font "ntxsym" at 9.0pt
warning: paper:65:  -> ntxsym
warning: paper:65: Requested font "ntxsyc" at 9.0pt
warning: paper:65:  -> ntxsyc
warning: paper:65: Requested font "ntxexa" at 9.0pt
warning: paper:65:  -> ntxexa
warning: paper:66: Requested font "[LinBiolinum_R.otf]/OT:script=latn;language=dflt;+tnum;+lnum;mapping=tex-text;" at 7.0pt
warning: paper:90: 
Requested font "[Inconsolatazi4-Regular.otf]/OT:script=latn;language=dflt;+ss03;" at 9.0pt
warning: paper:91: Underfull \hbox (badness 1057) in paragraph at lines 90--91
warning: paper:135: Underfull \vbox (badness 10000) has occurred while \output is active
warning: iciit2027-review.bbl:50: Requested font "[LinLibertine_RI.otf]/OT:script=latn;language=dflt;+tnum;+lnum;mapping=tex-text;" at 7.0pt
warning: iciit2027-review.bbl:141: Underfull \vbox (badness 4279) has occurred while \output is active
warning: appendix:5: Underfull \vbox (badness 10000) has occurred while \output is active
note: Rerunning TeX because "iciit2027-review.out" changed ...
warning: libertine.sty:308: 
Requested font "[LinLibertine_R.otf]/OT" at 8.99997pt
warning: libertine.sty:308: Requested font "[LinLibertine_R.otf]/OT" at 9.00003pt
warning: libertine.sty:308: Requested font "[LinLibertine_R.otf]/OT:script=latn;language=dflt;" at 9.00003pt
warning: libertine.sty:308: Requested font "[LinLibertine_RB.otf]/OT:script=latn;language=dflt;" at 9.00003pt
warning: libertine.sty:308: Requested font "[LinLibertine_RI.otf]/OT:script=latn;language=dflt;" at 9.00003pt
warning: libertine.sty:308: Requested font "[LinLibertine_RBI.otf]/OT:script=latn;language=dflt;" at 9.00003pt
warning: libertine.sty:308: Requested font "[LinLibertine_R.otf]/OT:script=latn;language=dflt;+tnum;+lnum;mapping=tex-text;" at 9.0pt
warning: libertine.sty:319: Requested font "[LinBiolinum_R.otf]/OT" at 8.99997pt
warning: libertine.sty:319: Requested font "[LinBiolinum_R.otf]/OT" at 9.00003pt
warning: libertine.sty:319: Requested font "[LinBiolinum_R.otf]/OT:script=latn;language=dflt;" at 9.00003pt
warning: libertine.sty:319: Requested font "[LinBiolinum_RB.otf]/OT:script=latn;language=dflt;" at 9.00003pt
warning: libertine.sty:319: Requested font "[LinBiolinum_RI.otf]/OT:script=latn;language=dflt;" at 9.00003pt
warning: libertine.sty:319: Requested font "[LinBiolinum_RBO.otf]/OT:script=latn;language=dflt;" at 9.00003pt
warning: libertine.sty:338: Requested font "[LinLibertine_RZ.otf]/OT" at 8.99997pt
warning: libertine.sty:338: Requested font "[LinLibertine_RZ.otf]/OT" at 9.00003pt
warning: libertine.sty:338: Requested font "[LinLibertine_RZ.otf]/OT:script=latn;language=dflt;" at 9.00003pt
warning: libertine.sty:338: Requested font "[LinLibertine_RZI.otf]/OT:script=latn;language=dflt;" at 9.00003pt
warning: libertine.sty:361: Requested font "[LinLibertine_DR.otf]/OT" at 8.99997pt
warning: libertine.sty:361: Requested font "[LinLibertine_DR.otf]/OT" at 9.00003pt
warning: libertine.sty:361: Requested font "[LinLibertine_DR.otf]/OT:script=latn;language=dflt;" at 9.00003pt
warning: libertine.sty:435: Requested font "[LinLibertine_M.otf]/OT" at 8.99997pt
warning: libertine.sty:435: Requested font "[LinLibertine_M.otf]/OT" at 9.00003pt
warning: libertine.sty:435: Requested font "[LinLibertine_M.otf]/OT:script=latn;language=dflt;" at 9.00003pt
warning: libertine.sty:435: Requested font "[LinLibertine_MB.otf]/OT:script=latn;language=dflt;" at 9.00003pt
warning: libertine.sty:435: Requested font "[LinLibertine_MO.otf]/OT:script=latn;language=dflt;" at 9.00003pt
warning: libertine.sty:435: Requested font "[LinLibertine_MBO.otf]/OT:script=latn;language=dflt;" at 9.00003pt
warning: libertine.sty:436: Requested font "[LinBiolinum_K.otf]/OT" at 8.99997pt
warning: libertine.sty:436: Requested font "[LinBiolinum_K.otf]/OT" at 9.00003pt
warning: libertine.sty:436: Requested font "[LinBiolinum_K.otf]/OT:script=latn;language=dflt;" at 9.00003pt
warning: libertine.sty:437: Requested font "[LinLibertine_I.otf]/OT" at 8.99997pt
warning: libertine.sty:437: Requested font "[LinLibertine_I.otf]/OT" at 9.00003pt
warning: libertine.sty:437: Requested font "[LinLibertine_I.otf]/OT:script=latn;language=dflt;" at 9.00003pt
warning: acmart.cls:868: 
Requested font "[Inconsolatazi4-Regular.otf]/OT" at 8.99997pt
warning: acmart.cls:868: Requested font "[Inconsolatazi4-Regular.otf]/OT" at 9.00003pt
warning: acmart.cls:868: Requested font "[Inconsolatazi4-Regular.otf]/OT:script=latn;language=dflt;" at 9.00003pt
warning: acmart.cls:868: Requested font "[Inconsolatazi4-Bold.otf]/OT:script=latn;language=dflt;" at 9.00003pt
warning: paper:18: Requested font "[LinLibertine_R.otf]/OT:script=latn;language=dflt;+tnum;+lnum;mapping=tex-text;" at 7.0pt
warning: paper:18: 
Requested font "MinLibReg-ot1" at 7.3pt
warning: paper:18:  -> MinLibReg-ot1
warning: paper:18: Requested font "MinLibReg-ot1" at 5.5pt
warning: paper:18:  -> MinLibReg-ot1
warning: paper:18: Requested font "nxlmi7" at 7.3pt
warning: paper:18:  -> nxlmi7
warning: paper:18: Requested font "nxlmi5" at 5.5pt
warning: paper:18:  -> nxlmi5
warning: paper:18: Requested font "ntxsy7" at 7.3pt
warning: paper:18:  -> ntxsy7
warning: paper:18: Requested font "ntxsy5" at 5.5pt
warning: paper:18:  -> ntxsy5
warning: paper:18: Requested font "ntxexx" at 7.3pt
warning: paper:18:  -> ntxexx
warning: paper:18: Requested font "ntxexx" at 5.5pt
warning: paper:18:  -> ntxexx
warning: paper:18: 
Requested font "msam7" at 7.3pt
warning: paper:18:  -> msam7
warning: paper:18: Requested font "msam5" at 5.5pt
warning: paper:18:  -> msam5
warning: paper:18: 
Requested font "msbm7" at 7.3pt
warning: paper:18:  -> msbm7
warning: paper:18: Requested font "msbm5" at 5.5pt
warning: paper:18:  -> msbm5
warning: paper:18: 
Requested font "nxlmia" at 7.3pt
warning: paper:18:  -> nxlmia
warning: paper:18: Requested font "nxlmia" at 5.5pt
warning: paper:18:  -> nxlmia
warning: paper:18: 
Requested font "ntxsym" at 7.3pt
warning: paper:18:  -> ntxsym
warning: paper:18: Requested font "ntxsym" at 5.5pt
warning: paper:18:  -> ntxsym
warning: paper:18: 
Requested font "ntxsyc" at 7.3pt
warning: paper:18:  -> ntxsyc
warning: paper:18: Requested font "ntxsyc" at 5.5pt
warning: paper:18:  -> ntxsyc
warning: paper:18: Requested font "ntxexa" at 7.3pt
warning: paper:18:  -> ntxexa
warning: paper:18: Requested font "ntxexa" at 5.5pt
warning: paper:18:  -> ntxexa
warning: paper:53: Requested font "[LinLibertine_R.otf]/OT:script=latn;language=dflt;+tnum;+lnum;mapping=tex-text;" at 12.0pt
warning: paper:53: Requested font "[LinBiolinum_R.otf]/OT:script=latn;language=dflt;+tnum;+lnum;mapping=tex-text;" at 12.0pt
warning: paper:53: Requested font "[LinBiolinum_RB.otf]/OT:script=latn;language=dflt;+tnum;+lnum;mapping=tex-text;" at 12.0pt
warning: paper:53: Requested font "MinLibReg-ot1" at 12.0pt
warning: paper:53:  -> MinLibReg-ot1
warning: paper:53: Requested font "MinLibReg-ot1" at 8.8pt
warning: paper:53:  -> MinLibReg-ot1
warning: paper:53: Requested font "MinLibReg-ot1" at 6.6pt
warning: paper:53:  -> MinLibReg-ot1
warning: paper:53: Requested font "nxlmi" at 12.0pt
warning: paper:53:  -> nxlmi
warning: paper:53: Requested font "nxlmi" at 8.8pt
warning: paper:53:  -> nxlmi
warning: paper:53: Requested font "nxlmi7" at 6.6pt
warning: paper:53:  -> nxlmi7
warning: paper:53: Requested font "ntxsy" at 12.0pt
warning: paper:53:  -> ntxsy
warning: paper:53: Requested font "ntxsy" at 8.8pt
warning: paper:53:  -> ntxsy
warning: paper:53: Requested font "ntxsy7" at 6.6pt
warning: paper:53:  -> ntxsy7
warning: paper:53: Requested font "ntxexx" at 12.0pt
warning: paper:53:  -> ntxexx
warning: paper:53: Requested font "ntxexx" at 8.8pt
warning: paper:53:  -> ntxexx
warning: paper:53: Requested font "ntxexx" at 6.6pt
warning: paper:53:  -> ntxexx
warning: paper:53: Requested font "msam10" at 12.0pt
warning: paper:53:  -> msam10
warning: paper:53: 
Requested font "msam10" at 8.8pt
warning: paper:53:  -> msam10
warning: paper:53: Requested font "msam7" at 6.6pt
warning: paper:53:  -> msam7
warning: paper:53: Requested font "msbm10" at 12.0pt
warning: paper:53:  -> msbm10
warning: paper:53: 
Requested font "msbm10" at 8.8pt
warning: paper:53:  -> msbm10
warning: paper:53: Requested font "msbm7" at 6.6pt
warning: paper:53:  -> msbm7
warning: paper:53: Requested font "nxlmia" at 12.0pt
warning: paper:53:  -> nxlmia
warning: paper:53: Requested font "nxlmia" at 8.8pt
warning: paper:53:  -> nxlmia
warning: paper:53: Requested font "nxlmia" at 6.6pt
warning: paper:53:  -> nxlmia
warning: paper:53: Requested font "ntxsym" at 12.0pt
warning: paper:53:  -> ntxsym
warning: paper:53: Requested font "ntxsym" at 8.8pt
warning: paper:53:  -> ntxsym
warning: paper:53: Requested font "ntxsym" at 6.6pt
warning: paper:53:  -> ntxsym
warning: paper:53: Requested font "ntxsyc" at 12.0pt
warning: paper:53:  -> ntxsyc
warning: paper:53: Requested font "ntxsyc" at 8.8pt
warning: paper:53:  -> ntxsyc
warning: paper:53: Requested font "ntxsyc" at 6.6pt
warning: paper:53:  -> ntxsyc
warning: paper:53: Requested font "ntxexa" at 12.0pt
warning: paper:53:  -> ntxexa
warning: paper:53: Requested font "ntxexa" at 8.8pt
warning: paper:53:  -> ntxexa
warning: paper:53: Requested font "ntxexa" at 6.6pt
warning: paper:53:  -> ntxexa
warning: paper:53: Requested font "[LinLibertine_R.otf]/OT:script=latn;language=dflt;+tnum;+lnum;mapping=tex-text;" at 8.8pt
warning: paper:53: Requested font "[LinLibertine_R.otf]/OT:script=latn;language=dflt;+tnum;+lnum;mapping=tex-text;" at 10.0pt
warning: paper:53: Requested font "MinLibReg-ot1" at 10.0pt
warning: paper:53:  -> MinLibReg-ot1
warning: paper:53: Requested font "nxlmi" at 10.0pt
warning: paper:53:  -> nxlmi
warning: paper:53: Requested font "ntxsy" at 10.0pt
warning: paper:53:  -> ntxsy
warning: paper:53: Requested font "ntxexx" at 10.0pt
warning: paper:53:  -> ntxexx
warning: paper:53: Requested font "msam10" at 10.0pt
warning: paper:53:  -> msam10
warning: paper:53: Requested font "msbm10" at 10.0pt
warning: paper:53:  -> msbm10
warning: paper:53: Requested font "nxlmia" at 10.0pt
warning: paper:53:  -> nxlmia
warning: paper:53: Requested font "ntxsym" at 10.0pt
warning: paper:53:  -> ntxsym
warning: paper:53: Requested font "ntxsyc" at 10.0pt
warning: paper:53:  -> ntxsyc
warning: paper:53: Requested font "ntxexa" at 10.0pt
warning: paper:53:  -> ntxexa
warning: paper:53: Requested font "[LinLibertine_R.otf]/OT:script=latn;language=dflt;+tnum;+lnum;mapping=tex-text;" at 7.3pt
warning: paper:53: Requested font "[LinLibertine_R.otf]/OT:script=latn;language=dflt;+tnum;+lnum;mapping=tex-text;" at 8.0pt
warning: paper:53: Requested font "[LinLibertine_RB.otf]/OT:script=latn;language=dflt;+tnum;+lnum;mapping=tex-text;" at 8.0pt
warning: paper:53: Requested font "MinLibReg-ot1" at 8.0pt
warning: paper:53:  -> MinLibReg-ot1
warning: paper:53: Requested font "MinLibReg-ot1" at 6.2pt
warning: paper:53:  -> MinLibReg-ot1
warning: paper:53: Requested font "nxlmi7" at 8.0pt
warning: paper:53:  -> nxlmi7
warning: paper:53: Requested font "nxlmi5" at 6.2pt
warning: paper:53:  -> nxlmi5
warning: paper:53: Requested font "ntxsy7" at 8.0pt
warning: paper:53:  -> ntxsy7
warning: paper:53: Requested font "ntxsy5" at 6.2pt
warning: paper:53:  -> ntxsy5
warning: paper:53: Requested font "ntxexx" at 8.0pt
warning: paper:53:  -> ntxexx
warning: paper:53: Requested font "ntxexx" at 6.2pt
warning: paper:53:  -> ntxexx
warning: paper:53: Requested font "msam10" at 8.0pt
warning: paper:53:  -> msam10
warning: paper:53: Requested font "msam7" at 6.2pt
warning: paper:53:  -> msam7
warning: paper:53: Requested font "msbm10" at 8.0pt
warning: paper:53:  -> msbm10
warning: paper:53: Requested font "msbm7" at 6.2pt
warning: paper:53:  -> msbm7
warning: paper:53: Requested font "nxlmia" at 8.0pt
warning: paper:53:  -> nxlmia
warning: paper:53: Requested font "nxlmia" at 6.2pt
warning: paper:53:  -> nxlmia
warning: paper:53: Requested font "ntxsym" at 8.0pt
warning: paper:53:  -> ntxsym
warning: paper:53: Requested font "ntxsym" at 6.2pt
warning: paper:53:  -> ntxsym
warning: paper:53: Requested font "ntxsyc" at 8.0pt
warning: paper:53:  -> ntxsyc
warning: paper:53: Requested font "ntxsyc" at 6.2pt
warning: paper:53:  -> ntxsyc
warning: paper:53: Requested font "ntxexa" at 8.0pt
warning: paper:53:  -> ntxexa
warning: paper:53: Requested font "ntxexa" at 6.2pt
warning: paper:53:  -> ntxexa
warning: paper:53: Requested font "[LinLibertine_RI.otf]/OT:script=latn;language=dflt;+tnum;+lnum;mapping=tex-text;" at 8.0pt
warning: paper:55: Requested font "[LinBiolinum_R.otf]/OT:script=latn;language=dflt;+tnum;+lnum;mapping=tex-text;" at 9.0pt
warning: paper:55: Requested font "[LinBiolinum_RB.otf]/OT:script=latn;language=dflt;+tnum;+lnum;mapping=tex-text;" at 9.0pt
warning: paper:61: Requested font "[LinLibertine_R.otf]/OT:script=latn;language=dflt;+tnum;+lnum;mapping=tex-text;" at 6.0pt
warning: related-work:4: Requested font "[LinLibertine_RB.otf]/OT:script=latn;language=dflt;+tnum;+lnum;mapping=tex-text;" at 9.0pt
warning: related-work:16: Requested font "[LinBiolinum_R.otf]/OT:script=latn;language=dflt;+tnum;+lnum;mapping=tex-text;" at 8.0pt
warning: related-work:24: Underfull \hbox (badness 2941) in paragraph at lines 24--24
warning: related-work:25: Underfull \hbox (badness 1789) in paragraph at lines 25--25
warning: paper:65: 
Requested font "MinLibReg-ot1" at 9.0pt
warning: paper:65:  -> MinLibReg-ot1
warning: paper:65: Requested font "nxlmi" at 9.0pt
warning: paper:65:  -> nxlmi
warning: paper:65: Requested font "ntxsy" at 9.0pt
warning: paper:65:  -> ntxsy
warning: paper:65: Requested font "ntxexx" at 9.0pt
warning: paper:65:  -> ntxexx
warning: paper:65: Requested font "msam10" at 9.0pt
warning: paper:65:  -> msam10
warning: paper:65: Requested font "msbm10" at 9.0pt
warning: paper:65:  -> msbm10
warning: paper:65: Requested font "nxlmia" at 9.0pt
warning: paper:65:  -> nxlmia
warning: paper:65: Requested font "ntxsym" at 9.0pt
warning: paper:65:  -> ntxsym
warning: paper:65: Requested font "ntxsyc" at 9.0pt
warning: paper:65:  -> ntxsyc
warning: paper:65: Requested font "ntxexa" at 9.0pt
warning: paper:65:  -> ntxexa
warning: paper:66: Requested font "[LinBiolinum_R.otf]/OT:script=latn;language=dflt;+tnum;+lnum;mapping=tex-text;" at 7.0pt
warning: paper:90: 
Requested font "[Inconsolatazi4-Regular.otf]/OT:script=latn;language=dflt;+ss03;" at 9.0pt
warning: paper:91: Underfull \hbox (badness 1057) in paragraph at lines 90--91
warning: paper:135: Underfull \vbox (badness 10000) has occurred while \output is active
warning: iciit2027-review.bbl:50: Requested font "[LinLibertine_RI.otf]/OT:script=latn;language=dflt;+tnum;+lnum;mapping=tex-text;" at 7.0pt
warning: iciit2027-review.bbl:141: Underfull \vbox (badness 4279) has occurred while \output is active
warning: appendix:5: Underfull \vbox (badness 10000) has occurred while \output is active
warning: warnings were issued by the TeX engine; use --print and/or --keep-logs for details.
note: Running xdvipdfmx ...
note: Writing `iciit2027-review.pdf` (131.8115234375 KiB)
note: Writing `iciit2027-review.blg` (848 B)
note: Skipped writing 4 intermediate files (use --keep-intermediates to keep them)
